10.70.128.22 - - [30/Aug/2014:01:16:16 -0300] www.techtudo.com.br GET /tudo-sobre/s/kakaotalk-messenger/alternativas/windows-phone.json HTTP/1.0 0.014 404 3949 http://www.techtudo.com.br/tudo-sobre/s/kakaotalk-messenger.html Mozilla/5.0 (Windows NT 6.1; rv:31.0) Gecko/20100101 Firefox/31.0 187.87.199.66, 187.87.199.66, 192.168.70.210 
10.70.128.20 - - [30/Aug/2014:01:16:24 -0300] www.techtudo.com.br GET /noticias/noticia/2014/05/como-corrigir-erros-de-atualizacao-e-restauracao-do-ios.html HTTP/1.0 0.800 200 44842 http://plus.url.google.com/url?sa=z&n=1409372164042&url=http%3A%2F%2Fwww.techtudo.com.br%2Fnoticias%2Fnoticia%2F2014%2F05%2Fcomo-corrigir-erros-de-atualizacao-e-restauracao-do-ios.html&usg=KJn_Lo5Un3G_9DKo9TeJYjPMxd0. Mozilla/5.0 (Windows NT 6.1; rv:31.0) Gecko/20100101 Firefox/31.0 187.60.34.206, 187.60.34.206, 192.168.67.53 
10.70.128.20 - - [30/Aug/2014:01:16:33 -0300] www.techtudo.com.br GET /tudo-sobre/dragon-age-3-inquisition.html HTTP/1.0 0.020 404 4775 - Mozilla/5.0 (compatible; pycurl) 201.7.190.39, 201.7.190.39, 192.168.70.239 
10.70.128.24 - - [30/Aug/2014:01:16:44 -0300] www.techtudo.com.br GET /tudo-sobre/neogeo-x-gold/plantao/2.html HTTP/1.0 0.240 404 4775 - Mozilla/5.0 (compatible; pycurl) 201.7.190.39, 201.7.190.39, 192.168.70.239 
10.70.128.20 - - [30/Aug/2014:01:16:46 -0300] www.techtudo.com.br GET /dicas-e-tutoriais/noticia/2014/07/xbox-one-aprenda-a-configurar-as-notificacoes-do-console.html HTTP/1.0 0.758 200 40429 - Mozilla/5.0 (compatible; Yahoo! Slurp; http://help.yahoo.com/help/us/ysearch/slurp) 68.180.225.41, 68.180.225.41, 192.168.67.36 
10.70.128.24 - - [30/Aug/2014:01:16:51 -0300] www.techtudo.com.br GET /tudo-sobre/s/firefox-os.html HTTP/1.0 0.623 200 40495 - Mozilla/5.0 (compatible; Googlebot/2.1; +http://www.google.com/bot.html) 66.249.64.70, 66.249.64.70, 192.168.70.210 
10.70.128.22 - - [30/Aug/2014:01:16:56 -0300] www.techtudo.com.br GET /tudo-sobre/s/camu.html HTTP/1.0 0.948 200 40458 http://www.techtudo.com.br/softwares/ Mozilla/5.0 (Windows NT 6.3; WOW64) AppleWebKit/537.36 (KHTML, like Gecko) Chrome/36.0.1985.143 Safari/537.36 201.86.171.240, 201.86.171.240, 192.168.67.36 
10.70.128.22 - - [30/Aug/2014:01:16:57 -0300] www.techtudo.com.br GET /tudo-sobre/jbl/plantao/2.html HTTP/1.0 0.166 404 3949 - Mozilla/5.0 (compatible; pycurl) 201.7.190.39, 201.7.190.39, 192.168.70.239 
10.70.128.20 - - [30/Aug/2014:01:17:02 -0300] www.techtudo.com.br GET /noticias/noticia/2014/08/undefined HTTP/1.0 0.057 404 4775 http://www.techtudo.com.br/noticias/noticia/2014/08/league-of-legends-kabum-leva-o-brasil-pela-primeira-vez-ao-mundial.html Mozilla/5.0 (Windows NT 6.1; rv:11.0) Gecko/20100101 Firefox/11.0 177.206.168.216, 177.206.168.216, 192.168.67.53 
10.70.128.22 - - [30/Aug/2014:01:17:23 -0300] www.techtudo.com.br GET /dicas-e-tutoriais/noticia/2013/12/www.techtudo.com.br/review/xbox-720/review-xbox-one-une-funcoes-inovadoras-e-alto-desempenho.html HTTP/1.0 0.022 404 4775 - Mozilla/5.0 (compatible; pycurl) 201.7.190.39, 201.7.190.39, 192.168.70.231 
10.70.128.22 - - [30/Aug/2014:01:17:59 -0300] www.techtudo.com.br GET /tudo-sobre/s/rss.xml.html HTTP/1.0 0.019 404 4775 - TwitterFeed 3 128.242.249.10, 128.242.249.10, 192.168.70.218 
10.70.128.24 - - [30/Aug/2014:01:17:59 -0300] www.techtudo.com.br GET /dicas-e-tutoriais/noticia/2013/10/como-instalar-o-windows-7-em-uma-particao-de-um-pc-com-windows-8.html HTTP/1.0 0.872 200 54048 http://searches.globososo.com/search/web?fcoid=417&q=instalar%20windows%207%20partic%C3%A3o%20GSP Mozilla/5.0 (Windows NT 6.3; WOW64) AppleWebKit/537.36 (KHTML, like Gecko) Chrome/34.0.1847.137 Safari/537.36 187.58.94.121, 187.58.94.121, 192.168.67.36 
10.70.128.22 - - [30/Aug/2014:01:18:10 -0300] www.techtudo.com.br GET /tudo-sobre/s/whatsapp-messenger/alternativas/outros-celulares.json HTTP/1.0 0.016 404 4775 http://www.techtudo.com.br/tudo-sobre/s/whatsapp-messenger.html Mozilla/5.0 (Windows NT 6.1; WOW64) AppleWebKit/537.36 (KHTML, like Gecko) Chrome/36.0.1985.143 Safari/537.36 179.234.50.138, 179.234.50.138, 192.168.70.239 
10.70.128.24 - - [30/Aug/2014:01:18:13 -0300] www.techtudo.com.br GET /tudo-sobre/s/%EF%BF%BD%EF%BF%BD%1A%01 HTTP/1.0 0.014 404 4775 http://www.techtudo.com.br/tudo-sobre/s/manycam-virtual-webcam.html Mozilla/5.0 (Windows NT 6.1; WOW64; rv:31.0) Gecko/20100101 Firefox/31.0 179.117.252.23, 179.117.252.23, 192.168.67.37 
10.70.128.22 - - [30/Aug/2014:01:18:30 -0300] www.techtudo.com.br GET /noticias/noticia/2014/01/www.trakdotbrasil.com.br HTTP/1.0 0.023 404 3949 - Mozilla/5.0 (compatible; pycurl) 201.7.190.39, 201.7.190.39, 192.168.70.241 
10.70.128.20 - - [30/Aug/2014:01:18:33 -0300] www.techtudo.com.br GET /tudo-sobre/s/facebook/alternativas/android.json HTTP/1.0 0.404 200 2217 http://www.techtudo.com.br/tudo-sobre/s/facebook.html Mozilla/5.0 (Linux; Android 4.1.2; XT916 Build/2_32D_2014) AppleWebKit/537.31 (KHTML, like Gecko) Chrome/26.0.1410.58 Mobile Safari/537.31 191.247.226.39, 191.247.226.39, 192.168.70.233 
10.70.128.22 - - [30/Aug/2014:01:18:37 -0300] www.techtudo.com.br GET /tudo-sobre/s/plantao/1848.html HTTP/1.0 0.022 404 4775 - Mozilla/5.0 (compatible; pycurl) 201.7.190.39, 201.7.190.39, 192.168.70.241 
10.70.128.24 - - [30/Aug/2014:01:18:39 -0300] www.techtudo.com.br GET /tudo-sobre/s/camu.html HTTP/1.0 0.990 200 40458 - Mozilla/5.0 (iPhone; CPU iPhone OS 7_1_2 like Mac OS X) AppleWebKit/537.51.2 (KHTML, like Gecko) Version/7.0 Mobile/11D257 Safari/9537.53 186.247.239.180, 186.247.239.180, 192.168.70.232 
10.70.128.22 - - [30/Aug/2014:01:18:40 -0300] www.techtudo.com.br GET /tudo-sobre/polaroid-c3/plantao/2.html HTTP/1.0 0.221 404 4775 - Mozilla/5.0 (compatible; pycurl) 201.7.190.39, 201.7.190.39, 192.168.70.241 
10.70.128.24 - - [30/Aug/2014:01:19:07 -0300] www.techtudo.com.br GET /tudo-sobre/s/app-locker/alternativas/windows-phone.json HTTP/1.0 0.014 404 4775 http://www.techtudo.com.br/tudo-sobre/s/app-locker.html Mozilla/5.0 (Windows NT 6.2; WOW64) AppleWebKit/537.36 (KHTML, like Gecko) Chrome/36.0.1985.143 Safari/537.36 201.19.50.121, 201.19.50.121, 192.168.70.233 
10.70.128.20 - - [30/Aug/2014:01:19:26 -0300] www.techtudo.com.br GET /tudo-sobre/s/app-locker/alternativas/windows-phone.json HTTP/1.0 0.013 404 4775 http://www.techtudo.com.br/tudo-sobre/s/app-locker.html Mozilla/5.0 (Windows NT 6.2; WOW64) AppleWebKit/537.36 (KHTML, like Gecko) Chrome/36.0.1985.143 Safari/537.36 201.19.50.121, 201.19.50.121, 192.168.70.240 
10.70.128.22 - - [30/Aug/2014:01:20:50 -0300] www.techtudo.com.br GET /tudo-sobre/hitman-sniper-challenge/plantao/282.html HTTP/1.0 0.243 404 3949 - Mozilla/5.0 (compatible; bingbot/2.0; +http://www.bing.com/bingbot.htm) 157.55.39.6, 157.55.39.6, 192.168.67.36 
10.70.128.24 - - [30/Aug/2014:01:20:59 -0300] www.techtudo.com.br GET /dicas-e-tutoriais/noticia/2012/08/como-criar-filtros-no-outlookcom.html HTTP/1.0 0.518 200 40458 - Mozilla/5.0 (compatible; Googlebot/2.1; +http://www.google.com/bot.html) 66.249.64.75, 66.249.64.75, 192.168.70.210 
10.70.128.22 - - [30/Aug/2014:01:21:08 -0300] www.techtudo.com.br GET /tudo-sobre/metronome HTTP/1.0 0.027 404 4775 - Mozilla/5.0 (compatible; Googlebot/2.1; +http://www.google.com/bot.html) 66.249.64.70, 66.249.64.70, 192.168.70.210 
10.70.128.24 - - [30/Aug/2014:01:21:08 -0300] www.techtudo.com.br GET /lancamentos/noticia/2011/07/teclado-e-mouse-xcm-xfps-commando-pro-para-os-gamers-exigentes HTTP/1.0 0.030 404 4775 - Mozilla/5.0 (compatible; Googlebot/2.1; +http://www.google.com/bot.html) 66.249.64.65, 66.249.64.65, 192.168.70.218 
10.70.128.20 - - [30/Aug/2014:01:21:08 -0300] www.techtudo.com.br GET /artigos/noticia/2012/06/asus-apresenta-tablets-all-one-hibrido-e-notebook-com-tela-dupla-na-computex-2012 HTTP/1.0 0.024 404 4775 - Mozilla/5.0 (compatible; Googlebot/2.1; +http://www.google.com/bot.html) 66.249.64.65, 66.249.64.65, 192.168.70.218 
10.70.128.22 - - [30/Aug/2014:01:21:16 -0300] www.techtudo.com.br POST /dicas-e-tutoriais/noticia/2012/02/como-usar-o-dropbox.html/trackback/ HTTP/1.0 0.018 404 4775 http://www.techtudo.com.br/dicas-e-tutoriais/noticia/2012/02/como-usar-o-dropbox.html Mozilla/4.0 (compatible; MSIE 6.0; Windows NT 5.1) 199.15.233.178, 192.168.67.53 
10.70.128.24 - - [30/Aug/2014:01:21:31 -0300] www.techtudo.com.br GET /tudo-sobre/last-us/plantao/198.html HTTP/1.0 0.186 404 3949 - Mozilla/5.0 (compatible; Googlebot/2.1; +http://www.google.com/bot.html) 66.249.64.70, 66.249.64.70, 192.168.70.210 
10.70.128.22 - - [30/Aug/2014:01:21:33 -0300] www.techtudo.com.br GET /dicas-e-tutoriais/noticia/2011/06/como-alterar-o-e-mail-de-login-do-facebook.html HTTP/1.0 0.658 200 40458 - Mozilla/5.0 (compatible; Googlebot/2.1; +http://www.google.com/bot.html) 66.249.64.65, 66.249.64.65, 192.168.70.218 
10.70.128.20 - - [30/Aug/2014:01:21:39 -0300] www.techtudo.com.br GET /dicas-e-tutoriais/noticia/2012/08/como-habilitar-25-atalhos-para-o-outlookcom HTTP/1.0 0.035 404 4775 - Mozilla/5.0 (compatible; bingbot/2.0; +http://www.bing.com/bingbot.htm) 207.46.13.95, 207.46.13.95, 192.168.67.53 
10.70.128.24 - - [30/Aug/2014:01:21:40 -0300] www.techtudo.com.br GET /review/dell-xps-15z.html HTTP/1.0 0.404 200 33849 http://www.techtudo.com.br/tudo-sobre/dell-xps-15z.html Mozilla/5.0 (Windows NT 6.3; WOW64) AppleWebKit/537.36 (KHTML, like Gecko) Chrome/36.0.1985.143 Safari/537.36 177.143.212.73, 177.143.212.73, 192.168.70.232 
10.70.128.22 - - [30/Aug/2014:01:21:49 -0300] www.techtudo.com.br GET / HTTP/1.0 2.404 200 50002 http://m.globo.com/ Mozilla/5.0 (Series40; Nokia501/14.0.4/java_runtime_version=Nokia_Asha_1_2; Profile/MIDP-2.1 Configuration/CLDC-1.1) Gecko/20100401 S40OviBrowser/3.0.0.0.73 66.54.69.65, 66.54.69.65, 192.168.70.218 
10.70.128.22 - - [30/Aug/2014:01:22:00 -0300] www.techtudo.com.br GET /tudo-sobre/painkiller-hell-damnation/plantao/15.html HTTP/1.0 0.191 404 4775 - Mozilla/5.0 (compatible; Googlebot/2.1; +http://www.google.com/bot.html) 66.249.64.75, 66.249.64.75, 192.168.70.210 
10.70.128.24 - - [30/Aug/2014:01:22:13 -0300] www.techtudo.com.br GET /noticias/noticia/2014/04/testamos-o-windows-phone-81-microsoft-esquenta-a-briga-com-ios-e-android.html HTTP/1.0 0.675 200 39650 http://www.google.com.br/search?q=atualizei+o+meu+Windows+phone+8+para+o+windows+phone+8.1+e+o+onedrive+parou+de+funcionar&oq=atualizei+o+meu+Windows+phone+8+para+o+windows+phone+8.1+e+o+onedrive+parou+de+funcionar&gs_l=mobile-heirloom-serp.12...49.81257.0.83404.91.79.0.0.0.0.0.0..0.0....0...1c.1.34.mobile-heirloom-serp..91.0.0.oEcYqW_IFWI Mozilla/5.0 (Windows Phone 8.1; ARM; Trident/7.0; Touch; rv:11.0; IEMobile/11.0; NOKIA; Lumia 720) like Gecko 179.165.163.245, 179.165.163.245, 192.168.67.36 
10.70.128.24 - - [30/Aug/2014:01:22:38 -0300] www.techtudo.com.br GET /tudo-sobre/s/whatsapp-messenger/alternativas/outros-celulares.json HTTP/1.0 0.017 404 3949 http://www.techtudo.com.br/tudo-sobre/s/whatsapp-messenger.html Mozilla/5.0 (Series40; Nokia200/11.95; Profile/MIDP-2.1 Configuration/CLDC-1.1) Gecko/20100401 S40OviBrowser/4.0.0.0.45 66.54.69.99, 66.54.69.99, 192.168.70.218 
10.70.128.22 - - [30/Aug/2014:01:23:26 -0300] www.techtudo.com.br GET /kits/aplicativos-para-dieta-e-perda-de-peso-para-android.html HTTP/1.0 0.314 200 35404 https://www.google.com.br/ Mozilla/5.0 (Linux; Android 4.4.3; XT1025 Build/KXC21.5-34) AppleWebKit/537.36 (KHTML, like Gecko) Chrome/36.0.1985.131 Mobile Safari/537.36 179.122.44.195, 179.122.44.195, 192.168.70.232 
10.70.128.22 - - [30/Aug/2014:01:23:32 -0300] www.techtudo.com.br GET /review/inspiron-duo.html HTTP/1.0 0.565 200 34044 - Mozilla/5.0 (compatible; AhrefsBot/5.0; +http://ahrefs.com/robot/) 37.58.100.186, 37.58.100.186, 192.168.67.54 
10.70.128.20 - - [30/Aug/2014:01:24:06 -0300] www.techtudo.com.br GET /dicas-e-tutoriais/noticia/2013/12/touchpad-do-notebook-nao-funciona-veja-como-resolver.html HTTP/1.0 0.404 200 83273 - Mozilla/5.0 (Windows NT 6.3; WOW64) AppleWebKit/537.36 (KHTML, like Gecko) Chrome/36.0.1985.143 Safari/537.36 187.64.84.14, 187.64.84.14, 192.168.70.218 
10.70.128.24 - - [30/Aug/2014:01:24:06 -0300] www.techtudo.com.br GET /tudo-sobre/s/tudo.rss.html HTTP/1.0 0.020 404 3949 - msnbot-UDiscovery/2.0b (+http://search.msn.com/msnbot.htm) 65.55.208.27, 65.55.208.27, 192.168.67.52 
10.70.128.24 - - [30/Aug/2014:01:24:36 -0300] www.techtudo.com.br GET /dicas-e-tutoriais/noticia/2014/03/X%EF%BF%BD% HTTP/1.0 0.020 404 3949 http://www.techtudo.com.br/dicas-e-tutoriais/noticia/2014/03/gta-vice-city-confira-lista-com-codigos-e-cheats-para-o-game.html Mozilla/5.0 (Windows NT 6.1) AppleWebKit/537.36 (KHTML, like Gecko) Chrome/36.0.1985.143 Safari/537.36 186.241.23.149, 186.241.23.149, 192.168.70.232 
10.70.128.24 - - [30/Aug/2014:01:24:44 -0300] www.techtudo.com.br GET /tudo-sobre/s/whatsapp-messenger/alternativas/outros-celulares.json HTTP/1.0 0.015 404 3949 http://www.techtudo.com.br/tudo-sobre/s/whatsapp-messenger.html Opera/9.80 (J2ME/MIDP; Opera Mini/8.0.35626/35.4053; U; pt) Presto/2.8.119 Version/11.10 37.228.105.177, 37.228.105.177, 192.168.70.210 
10.70.128.20 - - [30/Aug/2014:01:24:54 -0300] www.techtudo.com.br GET /tudo-sobre/dragon-age-3-inquisition.html HTTP/1.0 0.022 404 4775 - Mozilla/5.0 (compatible; pycurl) 201.7.190.39, 201.7.190.39, 192.168.70.233 
10.70.128.20 - - [30/Aug/2014:01:25:04 -0300] www.techtudo.com.br GET /tudo-sobre/neogeo-x-gold/plantao/2.html HTTP/1.0 0.230 404 4775 - Mozilla/5.0 (compatible; pycurl) 201.7.190.39, 201.7.190.39, 192.168.70.239 
10.70.128.22 - - [30/Aug/2014:01:25:18 -0300] www.techtudo.com.br GET /tudo-sobre/jbl/plantao/2.html HTTP/1.0 0.172 404 3949 - Mozilla/5.0 (compatible; pycurl) 201.7.190.39, 201.7.190.39, 192.168.70.241 
10.70.128.24 - - [30/Aug/2014:01:26:15 -0300] www.techtudo.com.br GET /tudo-sobre/s/camu.html HTTP/1.0 1.002 200 40458 http://www.globo.com/ Mozilla/5.0 (Linux; Android 4.2.2; GT-P5113 Build/JDQ39) AppleWebKit/537.36 (KHTML, like Gecko) Chrome/36.0.1985.135 Safari/537.36 200.162.222.139, 200.162.222.139, 192.168.67.53 
10.70.128.22 - - [30/Aug/2014:01:26:27 -0300] www.techtudo.com.br GET /softwares/audio-e-video/todos.html/ HTTP/1.0 0.015 404 3949 - msnbot-UDiscovery/2.0b (+http://search.msn.com/msnbot.htm) 65.55.208.23, 65.55.208.23, 192.168.67.52 
10.70.128.20 - - [30/Aug/2014:01:26:50 -0300] www.techtudo.com.br POST /dicas-e-tutoriais/noticia/2013/12/detonado-de-battlefield-4-aprenda-zerar-o-novo-fps-da-famosa-franquia.html/trackback/ HTTP/1.0 0.015 404 4775 http://www.techtudo.com.br/dicas-e-tutoriais/noticia/2013/12/detonado-de-battlefield-4-aprenda-zerar-o-novo-fps-da-famosa-franquia.html Mozilla/4.0 (compatible; MSIE 6.0; Windows NT 5.1; SV1; Mozilla/4.0 (compatible; MSIE 6.0; Windows NT 5.1; SV1) ) 173.213.80.90, 192.168.70.218 
10.70.128.24 - - [30/Aug/2014:01:26:51 -0300] www.techtudo.com.br GET /noticias/noticia/2014/08/xbox-microsoft-apresenta-novidades-para-o-console-na-gamescom- HTTP/1.0 0.042 404 4775 - Mozilla/5.0 (Macintosh; Intel Mac OS X 10.9; rv:28.0) Gecko/20100101 Firefox/28.0 (FlipboardProxy/1.1; +http://flipboard.com/browserproxy) 54.80.205.146, 54.80.205.146, 192.168.67.38 
10.70.128.24 - - [30/Aug/2014:01:26:52 -0300] www.techtudo.com.br GET /dicas-e-tutoriais/noticia/2013/12/www.techtudo.com.br/review/xbox-720/review-xbox-one-une-funcoes-inovadoras-e-alto-desempenho.html HTTP/1.0 0.023 404 4775 - Mozilla/5.0 (compatible; pycurl) 201.7.190.39, 201.7.190.39, 192.168.70.241 
10.70.128.20 - - [30/Aug/2014:01:26:52 -0300] www.techtudo.com.br GET /noticias/noticia/2014/08/ea-access-servico-de-assinatura-ja-esta-disponivel-para-o-xbox HTTP/1.0 0.032 404 3949 - Mozilla/5.0 (Macintosh; Intel Mac OS X 10.9; rv:28.0) Gecko/20100101 Firefox/28.0 (FlipboardProxy/1.1; +http://flipboard.com/browserproxy) 54.80.205.146, 54.80.205.146, 192.168.67.52 
10.70.128.24 - - [30/Aug/2014:01:26:55 -0300] www.techtudo.com.br GET /noticias/noticia/2014/01/www.trakdotbrasil.com.br HTTP/1.0 0.024 404 4775 - Mozilla/5.0 (compatible; pycurl) 201.7.190.39, 201.7.190.39, 192.168.70.241 
10.70.128.22 - - [30/Aug/2014:01:27:02 -0300] www.techtudo.com.br GET /tudo-sobre/s/plantao/1848.html HTTP/1.0 0.020 404 4775 - Mozilla/5.0 (compatible; pycurl) 201.7.190.39, 201.7.190.39, 192.168.70.241 
10.70.128.22 - - [30/Aug/2014:01:27:07 -0300] www.techtudo.com.br GET /tudo-sobre/polaroid-c3/plantao/2.html HTTP/1.0 0.182 404 3949 - Mozilla/5.0 (compatible; pycurl) 201.7.190.39, 201.7.190.39, 192.168.70.241 
10.70.128.22 - - [30/Aug/2014:01:28:00 -0300] www.techtudo.com.br POST /dicas-e-tutoriais/noticia/2014/02/baidu-antivirus-pc-faster-spark-browser-saiba-desinstalar-do-seu-pc.html/trackback/ HTTP/1.0 0.015 404 4775 http://www.techtudo.com.br/dicas-e-tutoriais/noticia/2014/02/baidu-antivirus-pc-faster-spark-browser-saiba-desinstalar-do-seu-pc.html Mozilla/4.0 (compatible; MSIE 6.0; Windows NT 5.1; SV1) 162.244.12.156, 192.168.70.210 
10.70.128.22 - - [30/Aug/2014:01:28:17 -0300] www.techtudo.com.br GET /tudo-sobre/get-and-dance/plantao/301.html HTTP/1.0 0.182 404 4775 - Mozilla/5.0 (compatible; bingbot/2.0; +http://www.bing.com/bingbot.htm) 207.46.13.95, 207.46.13.95, 192.168.67.54 
10.70.128.22 - - [30/Aug/2014:01:28:34 -0300] www.techtudo.com.br GET /tudo-sobre/s/undefined HTTP/1.0 0.038 404 3949 http://www.techtudo.com.br/tudo-sobre/s/authorsoft-usb-disk-storage-format-tool.html Mozilla/5.0 (Windows; U; Windows NT 5.1; pt-BR; rv:1.9.2.24) Gecko/20111103 Firefox/3.6.24 177.22.147.145, 177.22.147.145, 192.168.67.52 
10.70.128.20 - - [30/Aug/2014:01:29:12 -0300] www.techtudo.com.br GET /noticias/noticia/2014/06/%EF%BF%BD%EF%BF%BD%1Dw HTTP/1.0 0.020 404 3949 http://www.techtudo.com.br/noticias/noticia/2014/06/moto-g-ou-xperia-m2-confira-o-comparativo-de-celular-da-semana.html Mozilla/5.0 (Windows NT 6.1) AppleWebKit/537.36 (KHTML, like Gecko) Chrome/35.0.1916.153 Safari/537.36 187.13.215.10, 187.13.215.10, 192.168.70.241 
10.70.128.22 - - [30/Aug/2014:01:29:16 -0300] www.techtudo.com.br GET /softwares/audio-e-video/todos.html/ HTTP/1.0 0.014 404 4775 - msnbot-UDiscovery/2.0b (+http://search.msn.com/msnbot.htm) 65.55.219.82, 65.55.219.82, 192.168.67.36 
10.70.128.24 - - [30/Aug/2014:01:29:30 -0300] www.techtudo.com.br GET /tudo-sobre/s/favicon.ico.html HTTP/1.0 0.019 404 4775 - Mozilla/4.0 (compatible; MSIE 7.0; Windows NT 6.1; Trident/7.0; SLCC2; .NET CLR 2.0.50727; .NET CLR 3.5.30729; .NET CLR 3.0.30729; Media Center PC 6.0; .NET4.0C; .NET4.0E; BIDUBrowser 2.x) 201.29.118.171, 201.29.118.171, 192.168.70.240 
10.70.128.20 - - [30/Aug/2014:01:29:35 -0300] www.techtudo.com.br GET /dicas-e-tutoriais/noticia/2012/11/como-remover-o-fundo-de-fotos-e-deixa-l HTTP/1.0 0.031 404 3949 - Mozilla/4.0 (compatible; MSIE 6.0; Windows NT 5.1; SV1; CrystalSemanticsBot http://www.crystalsemantics.com/service-navigation/imprint/useragent/) 108.168.202.195, 108.168.202.195, 192.168.67.38 
10.70.128.20 - - [30/Aug/2014:01:29:36 -0300] www.techtudo.com.br GET /dicas-e-tutoriais/noticia/2012/11/como-remover-o-fundo-de-fotos-e-deixa-l HTTP/1.0 0.035 404 3949 - ADmantX Platform Semantic Analyzer US Async - ADmantX Inc. - www.admantx.com - support@admantx.com 69.64.56.90, 69.64.56.90, 192.168.70.218 
10.70.128.24 - - [30/Aug/2014:01:29:41 -0300] www.techtudo.com.br GET /review/samsung-galaxy-y.html HTTP/1.0 0.070 404 3949 - Mozilla/5.0 (Windows; U; Windows NT 5.1; de; rv:1.9.0.7) Gecko/2009021910 Firefox/3.0.7 (via ggpht.com GoogleImageProxy) 66.249.88.108, 66.249.88.108, 192.168.70.218 
10.70.128.24 - - [30/Aug/2014:01:29:50 -0300] www.techtudo.com.br GET /dicas-e-tutoriais/noticia/2011/04/aprenda-expandir-uma-url-encurtada-e-descobrir-o-link-original.html HTTP/1.0 0.404 200 30260 https://www.google.com.mx/ Mozilla/5.0 (Windows NT 6.1; WOW64) AppleWebKit/537.36 (KHTML, like Gecko) Chrome/36.0.1985.143 Safari/537.36 201.153.211.177, 201.153.211.177, 192.168.70.210 
10.70.128.20 - - [30/Aug/2014:01:29:55 -0300] www.techtudo.com.br GET /softwares/utilitarios/todos.html/ HTTP/1.0 0.019 404 3949 - msnbot-UDiscovery/2.0b (+http://search.msn.com/msnbot.htm) 65.55.219.101, 65.55.219.101, 192.168.67.53 
10.70.128.22 - - [30/Aug/2014:01:30:22 -0300] www.techtudo.com.br GET /curiosidades/noticia/2013/04/sustentabilidade-oito-carregadores-de-celular-que-usam HTTP/1.0 0.028 404 3949 - Mozilla/5.0 (iPhone; CPU iPhone OS 6_0 like Mac OS X) AppleWebKit/536.26 (KHTML, like Gecko) Version/6.0 Mobile/10A5376e Safari/8536.25 (compatible; Googlebot/2.1; +http://www.google.com/bot.html) 66.249.64.65, 66.249.64.65, 192.168.70.210 
10.70.128.24 - - [30/Aug/2014:01:30:25 -0300] www.techtudo.com.br GET /dicas-e-tutoriais/noticia/2012/01/como-usar-o-manycam.html HTTP/1.0 0.583 200 31200 http://www.search.ask.com/web?apn_dtid=%5EIME001%5EYY%5EBR&d=1-1616&shad=s_0048&atb=sysid%3D1%3Aappid%3D1616%3Auid%3D1727b5ecbd1ae112%3Auc2%3D449%3Atypekbn%3Dn13661%3Asrc%3Dhmp%3Ao%3DAPN10653A&p2=%5EAGE%5EIME001%5EYY%5EBR&apn_ptnrs=%5EAGE&o=APN10653A&apn_uid=4043159854754535&lang=pt&gct=hp&q=como+ouvir+musicas+2+pessoas+na+webcam&tpr=6&ots=1409372866245 Mozilla/5.0 (Windows NT 6.1; WOW64) AppleWebKit/537.36 (KHTML, like Gecko) Chrome/36.0.1985.143 Safari/537.36 189.112.99.175, 189.112.99.175, 192.168.67.36 
10.70.128.24 - - [30/Aug/2014:01:30:46 -0300] www.techtudo.com.br GET /noticias/noticia/2014/08/alone-dark-illumination-serie-de-terror-ganhara-novo-jogo-para-pcs.html HTTP/1.0 0.025 404 4775 - - 50.62.176.83, 50.62.176.83, 192.168.70.218 
10.70.128.24 - - [30/Aug/2014:01:30:52 -0300] www.techtudo.com.br GET /tudo-sobre/ROG-Swift.html HTTP/1.0 0.030 404 3949 - Mozilla/5.0 (compatible; YandexBot/3.0; +http://yandex.com/bots) 100.43.85.7, 100.43.85.7, 192.168.70.210 
10.70.128.22 - - [30/Aug/2014:01:30:55 -0300] www.techtudo.com.br GET /noticias/noticia/2014/08/ HTTP/1.0 0.035 404 4775 http://www.techtudo.com.br/noticias/noticia/2014/08/exclusivo-zenfone-5-primeiro-smart-asus-no-brasil-e-flagrado-em-sp.html Mozilla/4.0 (compatible; MSIE 8.0; Windows NT 6.1; WOW64; Trident/4.0; SLCC2; .NET CLR 2.0.50727; .NET CLR 3.5.30729; .NET CLR 3.0.30729; Media Center PC 6.0; .NET4.0C; .NET4.0E) 198.36.94.34, 198.36.94.34, 192.168.70.218 
10.70.128.22 - - [30/Aug/2014:01:30:55 -0300] www.techtudo.com.br GET /tudo-sobre/s/organizze/alternativas/web.json HTTP/1.0 0.528 200 2404 - Mozilla/5.0 (compatible; bingbot/2.0; +http://www.bing.com/bingbot.htm) 207.46.13.95, 207.46.13.95, 192.168.67.52 
10.70.128.20 - - [30/Aug/2014:01:30:56 -0300] www.techtudo.com.br GET /tudo-sobre/s/live-lock-temas/alternativas/windows-phone.json HTTP/1.0 0.015 404 4775 http://www.techtudo.com.br/tudo-sobre/s/live-lock-temas.html Mozilla/5.0 (Windows Phone 8.1; ARM; Trident/7.0; Touch; rv:11.0; IEMobile/11.0; NOKIA; Lumia 720) like Gecko 189.15.144.68, 189.15.144.68, 192.168.67.38 
10.70.128.20 - - [30/Aug/2014:01:31:15 -0300] www.techtudo.com.br GET /noticias/noticia/2013/10/undefined HTTP/1.0 0.027 404 4775 http://www.techtudo.com.br/noticias/noticia/2013/10/fifa-14-confira-uma-serie-de-dicas-para-se-tornar-craque-no-jogo.html Mozilla/5.0 (Windows NT 6.1; WOW64) AppleWebKit/537.36 (KHTML, like Gecko) Chrome/34.0.1847.116 Safari/537.36 179.181.252.62, 179.181.252.62, 192.168.70.240 
10.70.128.20 - - [30/Aug/2014:01:31:37 -0300] www.techtudo.com.br GET /dicas-e-tutoriais/noticia/2013/07/ HTTP/1.0 0.036 404 4775 http://www.techtudo.com.br/dicas-e-tutoriais/noticia/2013/07/guia-do-playstation-3-para-iniciantes-veja-como-configurar-facilmente-seu-console.html Mozilla/4.0 (compatible; MSIE 8.0; Windows NT 6.1; Trident/4.0; GTB7.5; SLCC2; .NET CLR 2.0.50727; .NET CLR 3.5.30729; .NET CLR 3.0.30729; Media Center PC 6.0; InfoPath.3) 177.17.131.254, 177.17.131.254, 192.168.67.38 
10.70.128.20 - - [30/Aug/2014:01:31:44 -0300] www.techtudo.com.br GET /tudo-sobre/s/dual-cam-photo/alternativas/windows-phone.json HTTP/1.0 0.015 404 4775 http://www.techtudo.com.br/tudo-sobre/s/dual-cam-photo.html Mozilla/5.0 (Linux; U; Android 4.1.2; pt-br; GT-I9070 Build/JZO54K) AppleWebKit/534.30 (KHTML, like Gecko) Version/4.0 Mobile Safari/534.30 177.183.56.22, 177.183.56.22, 192.168.67.36 
10.70.128.22 - - [30/Aug/2014:01:31:46 -0300] www.techtudo.com.br GET /tudo-sobre/s/d25s4dbsms5nvt.cloudfront.net/js/safw/scheme.js HTTP/1.0 0.027 404 4775 http://www.techtudo.com.br/tudo-sobre/s/driver-easy.html Mozilla/5.0 (Windows NT 6.2; WOW64) AppleWebKit/537.36 (KHTML, like Gecko) Chrome/33.0.1750.146 Spark/2.x Safari/537.36 189.24.178.47, 189.24.178.47, 192.168.70.231 
10.70.128.24 - - [30/Aug/2014:01:31:47 -0300] www.techtudo.com.br GET /dicas-e-tutoriais/noticia/2014/08/como-abrir-paginas-em-modo-desktop-no-chrome-para-android-e-ios.html HTTP/1.0 0.879 200 40458 - Mozilla/5.0 (compatible; bingbot/2.0; +http://www.bing.com/bingbot.htm) 157.55.39.6, 157.55.39.6, 192.168.67.54 
10.70.128.24 - - [30/Aug/2014:01:31:49 -0300] www.techtudo.com.br GET /dicas-e-tutoriais/noticia/2014/06/aprenda-rastrear-o-galaxy-s4-e-encontre-seu-smartphone-perdido.html HTTP/1.0 0.795 200 40428 https://www.google.com.br/ Mozilla/5.0 (Windows NT 6.1; WOW64) AppleWebKit/537.36 (KHTML, like Gecko) Chrome/36.0.1985.143 Safari/537.36 177.17.102.78, 177.17.102.78, 192.168.70.233 
10.70.128.22 - - [30/Aug/2014:01:31:58 -0300] www.techtudo.com.br GET /artigos/noticia/2011/05/android-tv-promete-praticidade-e-bons-recursos-aqueles-que-querem-somente-se-divertir.html HTTP/1.0 1.222 200 43404 - Sogou web spider/4.0(+http://www.sogou.com/docs/help/webmasters.htm#07) 61.135.189.176, 61.135.189.176, 192.168.70.218 
10.70.128.24 - - [30/Aug/2014:01:32:05 -0300] www.techtudo.com.br GET /noticias/noticia/2014/05/ps4-x-xbox-one-veja-comparacao-entre-os-dois-consoles-da-nova-geracao.html HTTP/1.0 3.404 200 513366 https://www.google.com.br/ Mozilla/5.0 (Windows NT 6.1; WOW64) AppleWebKit/537.36 (KHTML, like Gecko) Chrome/36.0.1985.143 Safari/537.36 177.137.12.44, 177.137.12.44, 192.168.67.36 
10.70.128.24 - - [30/Aug/2014:01:32:09 -0300] www.techtudo.com.br GET /dicas-e-tutoriais/noticia/2014/07/boom-beach-saiba-como-conseguir-diamantes-gratuitamente-no-jogo-online.html HTTP/1.0 2.854 200 40423 https://www.google.com.br/ Mozilla/5.0 (Windows NT 6.1) AppleWebKit/537.36 (KHTML, like Gecko) Chrome/37.0.2062.94 Safari/537.36 186.221.97.227, 186.221.97.227, 192.168.70.231 
10.70.128.20 - - [30/Aug/2014:01:32:55 -0300] www.techtudo.com.br GET /tudo-sobre/s/tudo.rss.html HTTP/1.0 0.016 404 4775 - Feedfetcher-Google; (+http://www.google.com/feedfetcher.html; feed-id=10470296823602565330) 66.249.83.74, 66.249.83.74, 192.168.70.210 
10.70.128.24 - - [30/Aug/2014:01:32:55 -0300] www.techtudo.com.br GET /tudo-sobre/s/tudo.rss.html HTTP/1.0 0.276 404 4775 - Mozilla/5.0 (compatible; Genieo/1.0 http://www.genieo.com/webfilter.html) 191.190.21.115, 191.190.21.115, 192.168.70.233 
10.70.128.20 - - [30/Aug/2014:01:32:55 -0300] www.techtudo.com.br GET /softwares/audio-e-video/todos.html/ HTTP/1.0 0.014 404 3949 - msnbot-UDiscovery/2.0b (+http://search.msn.com/msnbot.htm) 65.52.110.184, 65.52.110.184, 192.168.67.52 
10.70.128.24 - - [30/Aug/2014:01:33:13 -0300] www.techtudo.com.br GET /tudo-sobre/s/undefined HTTP/1.0 0.033 404 3949 http://www.techtudo.com.br/tudo-sobre/s/clamwin.html Mozilla/5.0 (Windows; U; Windows NT 5.1; pt-BR; rv:1.9.2.24) Gecko/20111103 Firefox/3.6.24 177.22.147.145, 177.22.147.145, 192.168.67.38 
10.70.128.24 - - [30/Aug/2014:01:33:20 -0300] www.techtudo.com.br GET /tudo-sobre/s/youtube-hd/alternativas/windows-phone.json HTTP/1.0 0.015 404 4775 http://www.techtudo.com.br/tudo-sobre/s/youtube-hd.html Mozilla/5.0 (compatible; MSIE 9.0; Windows Phone OS 7.5; Trident/5.0; IEMobile/9.0; NOKIA; Lumia 710) 179.176.171.10, 179.176.171.10, 192.168.67.37 
10.70.128.20 - - [30/Aug/2014:01:33:28 -0300] www.techtudo.com.br GET /dicas-e-tutoriais/noticia/2010/12/como-desfragmentar-o-disco-rigido-no-wi HTTP/1.0 0.033 404 4775 - Mozilla/5.0 (compatible; proximic; +http://www.proximic.com/info/spider.php) 54.164.252.106, 54.164.252.106, 192.168.67.52 
10.70.128.24 - - [30/Aug/2014:01:33:30 -0300] www.techtudo.com.br GET /dicas-e-tutoriais/noticia/2010/12/como-desfragmentar-o-disco-rigido-no-wi HTTP/1.0 0.037 404 3949 - ADmantX Platform Semantic Analyzer - ADmantX Inc. - www.admantx.com - support@admantx.com 217.118.23.105, 217.118.23.105, 192.168.70.210 
10.70.128.24 - - [30/Aug/2014:01:33:36 -0300] www.techtudo.com.br GET /noticias/noticia/2014/08/ea-access-servico-de-assinatura-ja-esta-disponivel-para-o-xbox HTTP/1.0 0.040 404 3949 - Twitterbot/1.0 199.16.156.126, 199.16.156.126, 192.168.67.36 
10.70.128.24 - - [30/Aug/2014:01:33:47 -0300] www.techtudo.com.br GET /tudo-sobre/s/theme-plus/alternativas/windows-phone.json HTTP/1.0 0.014 404 4775 http://www.techtudo.com.br/tudo-sobre/s/theme-plus.html Mozilla/5.0 (Windows NT 6.1) AppleWebKit/537.36 (KHTML, like Gecko) Chrome/36.0.1985.143 Safari/537.36 177.17.102.129, 177.17.102.129, 192.168.70.232 
10.70.128.24 - - [30/Aug/2014:01:33:59 -0300] www.techtudo.com.br GET /tudo-sobre/dragon-age-3-inquisition.html HTTP/1.0 0.020 404 4775 - Mozilla/5.0 (compatible; pycurl) 201.7.183.136, 201.7.183.136, 192.168.70.240 
10.70.128.24 - - [30/Aug/2014:01:34:04 -0300] www.techtudo.com.br GET /dicas-e-tutoriais/noticia/2013/04/saiba-como-sincronizar-arquivos-com-o-google-drive-no-mac-os HTTP/1.0 0.036 404 4775 - Mozilla/5.0 (compatible; bingbot/2.0; +http://www.bing.com/bingbot.htm) 157.55.39.130, 157.55.39.130, 192.168.67.52 
10.70.128.20 - - [30/Aug/2014:01:34:08 -0300] www.techtudo.com.br GET /tudo-sobre/s/moovit/alternativas/windows-phone.json HTTP/1.0 0.015 404 4775 http://www.techtudo.com.br/tudo-sobre/s/moovit.html Mozilla/5.0 (Windows NT 5.1; rv:17.0) Gecko/17.0 Firefox/17.0 186.208.111.210, 186.208.111.210, 192.168.70.240 
10.70.128.24 - - [30/Aug/2014:01:34:10 -0300] www.techtudo.com.br GET /tudo-sobre/s/tudo.rss.html HTTP/1.0 0.016 404 3949 - Jakarta Commons-HttpClient/3.1 50.30.7.45, 50.30.7.45, 192.168.70.218 
10.70.128.22 - - [30/Aug/2014:01:34:36 -0300] www.techtudo.com.br GET /tudo-sobre/s/favicon.ico.html HTTP/1.0 0.011 404 4775 - Mozilla/5.0 (compatible; MSIE 10.0; Windows NT 6.2; Trident/6.0; Avant Browser; BIDUBrowser 2.x) 189.122.152.2, 189.122.152.2, 192.168.70.233 
10.70.128.22 - - [30/Aug/2014:01:34:39 -0300] www.techtudo.com.br GET /tudo-sobre/s/camu.html HTTP/1.0 1.070 200 40458 http://www.techtudo.com.br/mobile/ Mozilla/5.0 (Windows NT 6.1; WOW64; rv:31.0) Gecko/20100101 Firefox/31.0 179.223.239.208, 179.223.239.208, 192.168.70.233 
10.70.128.20 - - [30/Aug/2014:01:34:58 -0300] www.techtudo.com.br GET /noticias/noticia/2014/06/orkut-vai-acabar-dia-30-de-setembro-de-2014-saiba-tudo-sobre-o HTTP/1.0 0.046 404 3949 - Mozilla/5.0 (compatible; PaperLiBot/2.1; http://support.paper.li/entries/20023257-what-is-paper-li) 37.59.16.154, 37.59.16.154, 192.168.67.54 
10.70.128.20 - - [30/Aug/2014:01:35:07 -0300] www.techtudo.com.br GET /softwares/programas-para-internet/todos.html/ HTTP/1.0 0.019 404 3949 - msnbot-UDiscovery/2.0b (+http://search.msn.com/msnbot.htm) 65.55.219.101, 65.55.219.101, 192.168.67.38 
10.70.128.24 - - [30/Aug/2014:01:35:12 -0300] www.techtudo.com.br GET /dicas-e-tutoriais/noticia/2012/05/como-desbloquear-pop-ups-no-google-chrome.html HTTP/1.0 0.896 200 87404 https://www.google.com.br/ Mozilla/5.0 (Windows NT 6.3; WOW64) AppleWebKit/537.36 (KHTML, like Gecko) Chrome/37.0.2062.102 Safari/537.36 189.106.27.62, 189.106.27.62, 192.168.70.239 
10.70.128.24 - - [30/Aug/2014:01:35:30 -0300] www.techtudo.com.br GET /dicas-e-tutoriais/noticia/2011/05/crie-um-grafico-com-estatisticas-dos-seus-amigos-do-facebook.html HTTP/1.0 0.531 200 40405 - Mozilla/5.0 (compatible; Googlebot/2.1; +http://www.google.com/bot.html) 66.249.64.75, 66.249.64.75, 192.168.70.210 
10.70.128.20 - - [30/Aug/2014:01:35:32 -0300] www.techtudo.com.br POST /dicas-e-tutoriais/noticia/2014/02/baidu-antivirus-pc-faster-spark-browser-saiba-desinstalar-do-seu-pc.html/trackback/ HTTP/1.0 0.014 404 4775 http://www.techtudo.com.br/dicas-e-tutoriais/noticia/2014/02/baidu-antivirus-pc-faster-spark-browser-saiba-desinstalar-do-seu-pc.html Mozilla/4.0 (compatible; MSIE 6.0; Windows NT 5.1; SV1; Mozilla/4.0 (compatible; MSIE 6.0; Windows NT 5.1; SV1) ) 162.244.12.133, 192.168.70.210 
10.70.128.24 - - [30/Aug/2014:01:35:33 -0300] www.techtudo.com.br POST /dicas-e-tutoriais/noticia/2014/02/baidu-antivirus-pc-faster-spark-browser-saiba-desinstalar-do-seu-pc.html/trackback/ HTTP/1.0 0.021 404 4775 http://www.techtudo.com.br/dicas-e-tutoriais/noticia/2014/02/baidu-antivirus-pc-faster-spark-browser-saiba-desinstalar-do-seu-pc.html Mozilla/4.0 (compatible; MSIE 6.0; Windows NT 5.1) 162.244.12.133, 192.168.70.210 
10.70.128.22 - - [30/Aug/2014:01:35:37 -0300] www.techtudo.com.br POST /dicas-e-tutoriais/noticia/2014/02/baidu-antivirus-pc-faster-spark-browser-saiba-desinstalar-do-seu-pc.html/trackback/ HTTP/1.0 0.013 404 4775 http://www.techtudo.com.br/dicas-e-tutoriais/noticia/2014/02/baidu-antivirus-pc-faster-spark-browser-saiba-desinstalar-do-seu-pc.html Mozilla/4.0 (compatible; MSIE 6.0; Windows NT 5.1; SV1; Mozilla/4.0 (compatible; MSIE 6.0; Windows NT 5.1; SV1) ; .NET CLR 1.0.3705) 162.244.12.133, 192.168.70.218 
10.70.128.20 - - [30/Aug/2014:01:35:40 -0300] www.techtudo.com.br GET /tudo-sobre/s/%EF%BF%BD%3CH%02 HTTP/1.0 0.013 404 4775 http://www.techtudo.com.br/tudo-sobre/s/street-fighter-x-tekken-mobile.html Mozilla/5.0 (Windows NT 6.1; WOW64) AppleWebKit/537.36 (KHTML, like Gecko) Chrome/33.0.1750.146 Safari/537.36 187.52.112.90, 187.52.112.90, 192.168.67.54 
10.70.128.22 - - [30/Aug/2014:01:35:43 -0300] www.techtudo.com.br POST /dicas-e-tutoriais/noticia/2014/02/baidu-antivirus-pc-faster-spark-browser-saiba-desinstalar-do-seu-pc.html/trackback/ HTTP/1.0 0.014 404 3949 http://www.techtudo.com.br/dicas-e-tutoriais/noticia/2014/02/baidu-antivirus-pc-faster-spark-browser-saiba-desinstalar-do-seu-pc.html Mozilla/4.0 (compatible; MSIE 6.0; Windows NT 5.1; SV1) 162.244.13.24, 192.168.70.210 
10.70.128.22 - - [30/Aug/2014:01:35:47 -0300] www.techtudo.com.br GET /dicas-e-tutoriais/noticia/2014/05/%EF%BF%BD%EF%BF%BD%08%04 HTTP/1.0 0.022 404 3949 http://www.techtudo.com.br/dicas-e-tutoriais/noticia/2014/05/como-baixar-somente-o-audio-de-musicas-do-youtube.html Mozilla/5.0 (Windows NT 6.1; WOW64) AppleWebKit/537.36 (KHTML, like Gecko) Chrome/36.0.1985.143 Safari/537.36 201.94.163.175, 201.94.163.175, 192.168.70.239 
10.70.128.20 - - [30/Aug/2014:01:35:52 -0300] www.techtudo.com.br GET /tudo-sobre/s/wechat/alternativas/windows-phone.json HTTP/1.0 0.015 404 4775 http://www.techtudo.com.br/tudo-sobre/s/wechat.html Mozilla/5.0 (Windows NT 6.2) AppleWebKit/537.36 (KHTML, like Gecko) Chrome/36.0.1985.143 Safari/537.36 179.183.188.37, 179.183.188.37, 192.168.70.231 
10.70.128.20 - - [30/Aug/2014:01:36:04 -0300] www.techtudo.com.br GET /noticias/noticia/2014/08/watch-dogs-atualizacao-permite-hackear-o-jogo-de-amigos.html HTTP/1.0 0.919 200 40417 https://www.google.com.br/ Mozilla/5.0 (Windows NT 6.1) AppleWebKit/537.36 (KHTML, like Gecko) Chrome/36.0.1985.143 Safari/537.36 189.69.97.36, 189.69.97.36, 192.168.67.37 
10.70.128.24 - - [30/Aug/2014:01:36:10 -0300] www.techtudo.com.br GET /tudo-sobre/neogeo-x-gold/plantao/2.html HTTP/1.0 0.194 404 4775 - Mozilla/5.0 (compatible; pycurl) 201.7.190.39, 201.7.190.39, 192.168.70.231 
10.70.128.20 - - [30/Aug/2014:01:36:12 -0300] www.techtudo.com.br GET /noticia/2012/01/como-habilitar-dispositivo-de-audio-no-windows-7.html HTTP/1.0 0.019 404 3949 - Mozilla/4.0 (compatible; MSIE 6.0; Windows NT 5.0;) 176.31.255.88, 176.31.255.88, 192.168.67.37 
10.70.128.24 - - [30/Aug/2014:01:36:13 -0300] www.techtudo.com.br GET /noticias/noticia/2014/08/ HTTP/1.0 0.025 404 3949 http://www.techtudo.com.br/noticias/noticia/2014/08/resident-evil-hd-confira-novas-imagens-do-esperado-remake.html Mozilla/4.0 (compatible; MSIE 7.0; Windows NT 5.2; WOW64; Trident/4.0; .NET CLR 2.0.50727; .NET CLR 3.0.4506.2152; .NET CLR 3.5.30729) 200.218.129.163, 200.218.129.163, 192.168.67.54 
10.70.128.24 - - [30/Aug/2014:01:36:20 -0300] www.techtudo.com.br GET /noticias/noticia/2013/05/motorola-razr-i-e-razr-hd-recebem-jelly-bean-41-veja-como-atualizar.html HTTP/1.0 0.745 200 140474 https://www.google.com.br/ Mozilla/5.0 (Linux; Android 4.0.3; Sony Tablet S Build/TISU0143) AppleWebKit/537.36 (KHTML, like Gecko) Chrome/35.0.1916.138 Safari/537.36 179.126.27.61, 179.126.27.61, 192.168.67.54 
10.70.128.24 - - [30/Aug/2014:01:36:21 -0300] www.techtudo.com.br GET /tudo-sobre/s/windows-phone-8/alternativas/windows-phone.json HTTP/1.0 0.012 404 4775 http://www.techtudo.com.br/tudo-sobre/s/windows-phone-8.html Mozilla/5.0 (Windows NT 6.3; WOW64; rv:31.0) Gecko/20100101 Firefox/31.0 189.100.183.176, 189.100.183.176, 192.168.67.53 
10.70.128.22 - - [30/Aug/2014:01:36:28 -0300] www.techtudo.com.br GET /tudo-sobre/jbl/plantao/2.html HTTP/1.0 0.158 404 3949 - Mozilla/5.0 (compatible; pycurl) 201.7.190.39, 201.7.190.39, 192.168.70.233 
10.70.128.24 - - [30/Aug/2014:01:36:37 -0300] www.techtudo.com.br GET /noticias/noticia/2011/07/ilusao-de-otica-deixa-pessoas-mais-feias.html HTTP/1.0 0.400 200 40419 - msnbot-media/1.1 (+http://search.msn.com/msnbot.htm) 131.253.24.10, 131.253.24.10, 192.168.67.53 
10.70.128.20 - - [30/Aug/2014:01:36:42 -0300] www.techtudo.com.br GET /softwares/programas-para-internet/todos.html/ HTTP/1.0 0.014 404 3949 - msnbot-UDiscovery/2.0b (+http://search.msn.com/msnbot.htm) 65.52.110.183, 65.52.110.183, 192.168.67.36 
10.70.128.24 - - [30/Aug/2014:01:36:54 -0300] www.techtudo.com.br GET /dicas-e-tutoriais/noticia/2011/06/como-alterar-o-e-mail-de-login-do-facebook.html HTTP/1.0 0.639 200 40458 - Mozilla/5.0 (compatible; Googlebot/2.1; +http://www.google.com/bot.html) 189.82.233.15, 189.82.233.15, 192.168.70.232 
10.70.128.20 - - [30/Aug/2014:01:37:00 -0300] www.techtudo.com.br GET /tudo-sobre/s/tudo.rss.html HTTP/1.0 0.023 404 3949 - rogerbot/1.0 (http://www.moz.com/dp/rogerbot, rogerbot-crawler@moz.com) 209.133.111.215, 209.133.111.215, 192.168.70.218 
10.70.128.20 - - [30/Aug/2014:01:37:06 -0300] www.techtudo.com.br POST /dicas-e-tutoriais/noticia/2014/02/baidu-antivirus-pc-faster-spark-browser-saiba-desinstalar-do-seu-pc.html/trackback/ HTTP/1.0 0.015 404 4775 http://www.techtudo.com.br/dicas-e-tutoriais/noticia/2014/02/baidu-antivirus-pc-faster-spark-browser-saiba-desinstalar-do-seu-pc.html Mozilla/4.0 (compatible; MSIE 6.0; Windows NT 5.1) 162.244.13.24, 192.168.70.218 
10.70.128.22 - - [30/Aug/2014:01:37:16 -0300] www.techtudo.com.br GET /noticias/noticia/2014/08/watch-dogs-atualizacao-permite-hackear-o-jogo-de-amigos.html HTTP/1.0 1.019 200 40417 - Mozilla/5.0 (compatible; Googlebot/2.1; +http://www.google.com/bot.html) 66.249.64.70, 66.249.64.70, 192.168.70.210 
10.70.128.24 - - [30/Aug/2014:01:37:19 -0300] www.techtudo.com.br GET /tudo-sobre/s/youtube-hd/alternativas/windows-phone.json HTTP/1.0 0.013 404 4775 http://www.techtudo.com.br/tudo-sobre/s/youtube-hd.html Mozilla/5.0 (Windows NT 6.1; Trident/7.0; rv:11.0) like Gecko 177.159.252.251, 177.159.252.251, 192.168.67.52 
10.70.128.20 - - [30/Aug/2014:01:37:27 -0300] www.techtudo.com.br GET /tudo-sobre/s/peggo.html HTTP/1.0 1.304 200 40460 http://www.techtudo.com.br/noticias/noticia/2014/07/baixar-musica-do-youtube-ficou-mais-facil-com-o-peggo-saiba-como-usar.html Mozilla/5.0 (Linux; Android 4.1.2; GT-N8000 Build/JZO54K) AppleWebKit/537.36 (KHTML, like Gecko) Chrome/36.0.1985.135 Safari/537.36 187.56.125.217, 187.56.125.217, 192.168.67.54 
10.70.128.24 - - [30/Aug/2014:01:37:33 -0300] www.techtudo.com.br GET /dicas-e-tutoriais/noticia/2013/12/www.techtudo.com.br/review/xbox-720/review-xbox-one-une-funcoes-inovadoras-e-alto-desempenho.html HTTP/1.0 0.014 404 4775 - Mozilla/5.0 (compatible; pycurl) 201.7.190.39, 201.7.190.39, 192.168.70.239 
10.70.128.22 - - [30/Aug/2014:01:37:39 -0300] www.techtudo.com.br GET /softwares/jogos-e-diversao/cartas-e-tabuleiro/ HTTP/1.0 2.404 200 38579 - Mozilla/5.0 (compatible; bingbot/2.0; +http://www.bing.com/bingbot.htm) 207.46.13.112, 207.46.13.112, 192.168.67.52 
10.70.128.24 - - [30/Aug/2014:01:37:45 -0300] www.techtudo.com.br GET /tudo-sobre/s/whatsapp-messenger/alternativas/outros-celulares.json HTTP/1.0 0.014 404 3949 http://www.techtudo.com.br/tudo-sobre/s/whatsapp-messenger.html Mozilla/5.0 (Series40; Nokia202/20.52; Profile/MIDP-2.1 Configuration/CLDC-1.1) Gecko/20100401 S40OviBrowser/5.0.0.0.31 66.54.69.26, 66.54.69.26, 192.168.70.210 
10.70.128.20 - - [30/Aug/2014:01:37:48 -0300] www.techtudo.com.br GET /noticias/noticia/2014/01/www.trakdotbrasil.com.br HTTP/1.0 0.022 404 4775 - Mozilla/5.0 (compatible; pycurl) 201.7.190.39, 201.7.190.39, 192.168.70.233 
10.70.128.22 - - [30/Aug/2014:01:38:05 -0300] www.techtudo.com.br GET /noticias/noticia/2014/08/ HTTP/1.0 0.031 404 4775 http://www.techtudo.com.br/noticias/noticia/2014/08/god-war-ascension-e-puppeteer-jogos-para-ps3-ganham-desconto-no-brasil.html Mozilla/4.0 (compatible; MSIE 8.0; Windows NT 6.1; Trident/4.0; SLCC2; .NET CLR 2.0.50727; .NET CLR 3.5.30729; .NET CLR 3.0.30729; Media Center PC 6.0; .NET4.0C; .NET4.0E) 91.193.44.33, 91.193.44.33, 192.168.67.53 
10.70.128.20 - - [30/Aug/2014:01:38:05 -0300] www.techtudo.com.br GET /tudo-sobre/s/plantao/1848.html HTTP/1.0 0.018 404 4775 - Mozilla/5.0 (compatible; pycurl) 201.7.190.39, 201.7.190.39, 192.168.70.239 
10.70.128.24 - - [30/Aug/2014:01:38:09 -0300] www.techtudo.com.br GET /tudo-sobre/s/cyanogenmod-installer/alternativas/windows-phone.json HTTP/1.0 0.015 404 4775 http://www.techtudo.com.br/tudo-sobre/s/cyanogenmod-installer.html Mozilla/5.0 (iPhone; CPU iPhone OS 7_1_2 like Mac OS X) AppleWebKit/537.51.2 (KHTML, like Gecko) Version/7.0 Mobile/11D257 Safari/9537.53 191.128.64.92, 191.128.64.92, 192.168.67.53 
10.70.128.24 - - [30/Aug/2014:01:38:13 -0300] www.techtudo.com.br GET /tudo-sobre/polaroid-c3/plantao/2.html HTTP/1.0 0.205 404 4775 - Mozilla/5.0 (compatible; pycurl) 201.7.190.39, 201.7.190.39, 192.168.70.231 
10.70.128.20 - - [30/Aug/2014:01:38:15 -0300] www.techtudo.com.br GET /tudo-sobre/s/lomogram/alternativas/windows-phone.json HTTP/1.0 0.011 404 3949 http://www.techtudo.com.br/tudo-sobre/s/lomogram.html Mozilla/5.0 (Windows NT 6.1) AppleWebKit/537.36 (KHTML, like Gecko) Chrome/36.0.1985.143 Safari/537.36 201.67.213.70, 201.67.213.70, 192.168.67.52 
10.70.128.20 - - [30/Aug/2014:01:38:30 -0300] www.techtudo.com.br GET /tudo-sobre/s/flappy-bird.html HTTP/1.0 1.353 200 44042 - Mozilla/5.0 (compatible; Googlebot/2.1; +http://www.google.com/bot.html) 66.249.64.65, 66.249.64.65, 192.168.70.210 
10.70.128.22 - - [30/Aug/2014:01:38:53 -0300] www.techtudo.com.br GET /tudo-sobre/s/live-lock-temas/alternativas/windows-phone.json HTTP/1.0 0.014 404 3949 http://www.techtudo.com.br/tudo-sobre/s/live-lock-temas.html Mozilla/5.0 (Windows Phone 8.1; ARM; Trident/7.0; Touch; rv:11.0; IEMobile/11.0; NOKIA; Lumia 820) like Gecko 157.55.80.246, 157.55.80.246, 192.168.67.52 
10.70.128.24 - - [30/Aug/2014:01:39:01 -0300] www.techtudo.com.br GET /noticias/noticia/2012/02/novo-dlc-bloodsucker-de-saints-row-the-third-ganha-trailer.html HTTP/1.0 1.404 200 45334 - Mozilla/5.0 (compatible; Googlebot/2.1; +http://www.google.com/bot.html) 66.249.64.65, 66.249.64.65, 192.168.70.210 
10.70.128.24 - - [30/Aug/2014:01:39:17 -0300] www.techtudo.com.br GET /dicas-e-tutoriais/noticia/2014/07/boom-beach-saiba-como-conseguir-diamantes-gratuitamente-no-jogo-online.html HTTP/1.0 0.783 200 40422 http://www.techtudo.com.br/dicas-e-tutoriais/noticia/2014/08/clash-clans-saiba-como-fazer-para-evoluir-suas-tropas-e-feiticos.html Mozilla/5.0 (Windows NT 6.1; WOW64; rv:11.0) Gecko/20100101 Firefox/11.0 200.250.174.69, 200.250.174.69, 192.168.70.232 
10.70.128.24 - - [30/Aug/2014:01:39:36 -0300] www.techtudo.com.br GET /tudo-sobre/sony-4k/plantao/17.html HTTP/1.0 0.123 404 4775 - Mozilla/5.0 (compatible; bingbot/2.0; +http://www.bing.com/bingbot.htm) 207.46.13.112, 207.46.13.112, 192.168.67.52 
10.70.128.24 - - [30/Aug/2014:01:39:43 -0300] www.techtudo.com.br GET /tudo-sobre/s/lg HTTP/1.0 0.031 404 4775 - Mozilla/5.0 (Windows NT 6.1) AppleWebKit/537.36 (KHTML, like Gecko) Chrome/37.0.2062.94 Safari/537.36 177.155.204.11, 177.155.204.11, 192.168.67.37 
10.70.128.20 - - [30/Aug/2014:01:40:05 -0300] www.techtudo.com.br GET /tudo-sobre/warner-bros/plantao/3.html HTTP/1.0 0.399 200 29404 - Mozilla/5.0 (compatible; Yahoo! Slurp; http://help.yahoo.com/help/us/ysearch/slurp) 68.180.225.41, 68.180.225.41, 192.168.67.54 
10.70.128.24 - - [30/Aug/2014:01:40:17 -0300] www.techtudo.com.br GET /dicas-e-tutoriais/noticia/2012/11/aprenda-como-adicionar-efeito-de-volume-para-cilios-no-photoscape HTTP/1.0 0.034 404 4775 - msnbot-media/1.1 (+http://search.msn.com/msnbot.htm) 131.253.24.10, 131.253.24.10, 192.168.67.37 
10.70.128.22 - - [30/Aug/2014:01:40:30 -0300] www.techtudo.com.br GET /dicas-e-tutoriais/noticia/2014/01/Passo%205.%20Caso%20queira%20desativar%20o%20modo%20invis%C3%ADvel,%20abra%20novamente%20o%20Hide%20Status%20for%20WhatsApp%20e%20toque%20na%20op%C3%A7%C3%A3o%20em%20vermelho,%20%C3%A0%20direita,%20onde%20est%C3%A1%20escrito%20%E2%80%9CToque%20no%20bot%C3%A3o%20para%20desativar%20o%20modo%20oculto%E2%80%9D. HTTP/1.0 0.024 404 4775 http://www.techtudo.com.br/dicas-e-tutoriais/noticia/2014/01/veja-como-ficar-invisivel-no-whatsapp-e-esconder-o-status-de-online.html Mozilla/5.0 (Linux; Android 4.2.2; C2304 Build/16.0.B.2.13) AppleWebKit/537.36 (KHTML, like Gecko) Chrome/28.0.1500.94 Mobile Safari/537.36 200.101.48.238, 200.101.48.238, 192.168.67.53 
10.70.128.22 - - [30/Aug/2014:01:41:03 -0300] www.techtudo.com.br GET /softwares/seguranca/todos.html/ HTTP/1.0 0.047 404 3949 - msnbot-UDiscovery/2.0b (+http://search.msn.com/msnbot.htm) 65.55.219.82, 65.55.219.82, 192.168.67.38 
10.70.128.22 - - [30/Aug/2014:01:41:14 -0300] www.techtudo.com.br GET /noticias/noticia/2014/08/undefined HTTP/1.0 0.029 404 4775 http://www.techtudo.com.br/noticias/noticia/2014/08/exclusivo-zenfone-5-primeiro-smart-asus-no-brasil-e-flagrado-em-sp.html Mozilla/5.0 (X11; Linux armv7l; rv:6.0.2) Gecko/20100101 Firefox/6.0.2 MB860/Version.45.2.49.MB860.TIM.en.BR 186.244.51.192, 186.244.51.192, 192.168.70.232 
10.70.128.24 - - [30/Aug/2014:01:41:25 -0300] www.techtudo.com.br POST /dicas-e-tutoriais/noticia/2014/02/baidu-antivirus-pc-faster-spark-browser-saiba-desinstalar-do-seu-pc.html/trackback/ HTTP/1.0 0.011 404 4775 http://www.techtudo.com.br/dicas-e-tutoriais/noticia/2014/02/baidu-antivirus-pc-faster-spark-browser-saiba-desinstalar-do-seu-pc.html Mozilla/4.0 (compatible; MSIE 6.0; Windows NT 5.1; SV1) 162.244.12.156, 192.168.70.210 
10.70.128.24 - - [30/Aug/2014:01:41:38 -0300] www.techtudo.com.br GET /tudo-sobre/s/peggo.html HTTP/1.0 1.069 200 40460 - Mozilla/5.0 (Windows NT 6.1; WOW64) AppleWebKit/537.36 (KHTML, like Gecko) Chrome/36.0.1985.143 Safari/537.36 189.112.187.59, 189.112.187.59, 192.168.67.38 
10.70.128.24 - - [30/Aug/2014:01:41:44 -0300] www.techtudo.com.br GET /tudo-sobre/galaxy-note-101-2014.html HTTP/1.0 2.120 200 40408 https://www.google.com.br/ Mozilla/5.0 (Linux; Android 4.4.2; GT-N5110 Build/KOT49H) AppleWebKit/537.36 (KHTML, like Gecko) Chrome/36.0.1985.135 Safari/537.36 177.80.184.104, 177.80.184.104, 192.168.67.36 
10.70.128.20 - - [30/Aug/2014:01:41:44 -0300] www.techtudo.com.br GET /dicas-e-tutoriais/noticia/2013/03/como-recuperar-a-senha-do-skype.html HTTP/1.0 1.041 200 40446 http://www.google.pt/url?sa=t&rct=j&q=&esrc=s&frm=1&source=web&cd=6&ved=0CDoQFjAF&url=http%3A%2F%2Fwww.techtudo.com.br%2Fdicas-e-tutoriais%2Fnoticia%2F2013%2F03%2Fcomo-recuperar-a-senha-do-skype.html&ei=4VUBVP-9E8ib1AXNvoD4BA&usg=AFQjCNGqDTB1bH0EPUuiQ5WSDDn9u6xmhw&bvm=bv.74115972,d.d2s Mozilla/5.0 (compatible; MSIE 10.0; Windows NT 6.2; WOW64; Trident/6.0; MATMJS) 188.250.79.51, 188.250.79.51, 192.168.67.52 
10.70.128.24 - - [30/Aug/2014:01:41:50 -0300] www.techtudo.com.br GET /tudo-sobre/asus-zenbook-ux21/plantao/22.html HTTP/1.0 0.391 404 4775 - Mozilla/5.0 (compatible; bingbot/2.0; +http://www.bing.com/bingbot.htm) 207.46.13.112, 207.46.13.112, 192.168.67.54 
10.70.128.20 - - [30/Aug/2014:01:41:52 -0300] www.techtudo.com.br GET /tudo-sobre/galaxy-note-101-2014.html HTTP/1.0 1.772 200 40409 - Mozilla/5.0 (compatible; Googlebot/2.1; +http://www.google.com/bot.html) 66.249.64.75, 66.249.64.75, 192.168.70.210 
10.70.128.22 - - [30/Aug/2014:01:42:13 -0300] www.techtudo.com.br GET /noticias/noticia/2014/08/ HTTP/1.0 0.026 404 4775 http://www.techtudo.com.br/noticias/noticia/2014/08/exclusivo-zenfone-5-primeiro-smart-asus-no-brasil-e-flagrado-em-sp.html Mozilla/4.0 (compatible; MSIE 8.0; Windows NT 6.1; Trident/4.0; SLCC2; .NET CLR 2.0.50727; .NET CLR 3.5.30729; .NET CLR 3.0.30729; Media Center PC 6.0; .NET4.0C; .NET4.0E) 200.243.40.173, 200.243.40.173, 192.168.70.241 
10.70.128.22 - - [30/Aug/2014:01:42:16 -0300] www.techtudo.com.br GET /dicas-e-tutoriais/noticia/2014/03/%EF%BF%BD%EF%BF%BD%EF%BF%BDv HTTP/1.0 0.022 404 3949 http://www.techtudo.com.br/dicas-e-tutoriais/noticia/2014/03/como-ajustar-o-contraste-do-monitor.html Mozilla/5.0 (Windows NT 6.1) AppleWebKit/537.36 (KHTML, like Gecko) Chrome/34.0.1847.137 Safari/537.36 179.186.143.56, 179.186.143.56, 192.168.70.232 
10.70.128.22 - - [30/Aug/2014:01:42:21 -0300] www.techtudo.com.br GET /dicas-e-tutoriais/noticia/2011/06/como-alterar-o-e-mail-de-login-do-facebook.html HTTP/1.0 0.452 200 40458 - Mozilla/5.0 (compatible; bingbot/2.0; +http://www.bing.com/bingbot.htm) 157.55.39.130, 157.55.39.130, 192.168.67.53 
10.70.128.24 - - [30/Aug/2014:01:42:32 -0300] www.techtudo.com.br GET /tudo-sobre/s/camu.html HTTP/1.0 1.173 200 40458 - Mozilla/5.0 (iPad; CPU OS 7_1_2 like Mac OS X) AppleWebKit/537.51.2 (KHTML, like Gecko) Version/7.0 Mobile/11D257 Safari/9537.53 177.158.130.174, 177.158.130.174, 192.168.70.239 
10.70.128.22 - - [30/Aug/2014:01:43:35 -0300] www.techtudo.com.br GET /tudo-sobre/moto-360.html HTTP/1.0 1.558 200 34041 https://www.google.com.br/ Mozilla/5.0 (Linux; Android 4.4.4; XT1058 Build/KXA21.12-L1.26) AppleWebKit/537.36 (KHTML, like Gecko) Chrome/36.0.1985.135 Mobile Safari/537.36 179.245.225.81, 179.245.225.81, 192.168.70.241 
