10.70.128.20 - - [30/Aug/2014:05:18:49 -0300] www.techtudo.com.br GET /dicas-e-tutoriais/noticia/2013/12/www.techtudo.com.br/review/xbox-720/review-xbox-one-une-funcoes-inovadoras-e-alto-desempenho.html HTTP/1.0 0.022 404 3949 - Mozilla/5.0 (compatible; pycurl) 201.7.190.39, 201.7.190.39, 192.168.70.233 
10.70.128.24 - - [30/Aug/2014:05:19:05 -0300] www.techtudo.com.br GET /noticias/noticia/2014/01/www.trakdotbrasil.com.br HTTP/1.0 0.022 404 3949 - Mozilla/5.0 (compatible; pycurl) 201.7.190.39, 201.7.190.39, 192.168.70.233 
10.70.128.22 - - [30/Aug/2014:05:19:33 -0300] www.techtudo.com.br GET /tudo-sobre/s/plantao/1848.html HTTP/1.0 0.022 404 4775 - Mozilla/5.0 (compatible; pycurl) 201.7.190.39, 201.7.190.39, 192.168.70.232 
10.70.128.24 - - [30/Aug/2014:05:19:40 -0300] www.techtudo.com.br GET /tudo-sobre/polaroid-c3/plantao/2.html HTTP/1.0 0.234 404 3949 - Mozilla/5.0 (compatible; pycurl) 201.7.190.39, 201.7.190.39, 192.168.70.241 
10.70.128.24 - - [30/Aug/2014:05:19:49 -0300] www.techtudo.com.br GET /noticias/noticia/2013/03/dia-internacional-da-mulher-ganha-doodle-do-google HTTP/1.0 0.043 404 4775 - Mozilla/5.0 (compatible; bingbot/2.0; +http://www.bing.com/bingbot.htm) 207.46.13.112, 207.46.13.112, 192.168.67.37 
10.70.128.22 - - [30/Aug/2014:05:19:51 -0300] www.techtudo.com.br GET /tudo-sobre/s/camu.html HTTP/1.0 1.313 200 40458 - Mozilla/5.0 (compatible; bingbot/2.0; +http://www.bing.com/bingbot.htm) 157.55.39.130, 157.55.39.130, 192.168.67.36 
10.70.128.20 - - [30/Aug/2014:05:19:53 -0300] www.techtudo.com.br GET /tudo-sobre/s/camu.html HTTP/1.0 1.121 200 40458 - Mozilla/5.0 (iPad; CPU OS 7_1_2 like Mac OS X) AppleWebKit/537.51.2 (KHTML, like Gecko) Version/7.0 Mobile/11D257 Safari/9537.53 179.181.192.239, 179.181.192.239, 192.168.67.38 
10.70.128.22 - - [30/Aug/2014:05:19:54 -0300] www.techtudo.com.br GET /tudo-sobre/hp-laserjet-pro-p1606dn/plantao/2.html HTTP/1.0 0.243 404 3949 - Mozilla/5.0 (compatible; pycurl) 201.7.190.39, 201.7.190.39, 192.168.70.231 
10.70.128.22 - - [30/Aug/2014:05:20:21 -0300] www.techtudo.com.br GET /noticias/noticia/2013/10/novo-moba-brasileiro-heavy-metal-machines-e-apresentado-na-bgs-2013-bgs2013.html HTTP/1.0 0.850 200 40480 - Mozilla/5.0 (compatible; Googlebot/2.1; +http://www.google.com/bot.html) 66.249.64.75, 66.249.64.75, 192.168.70.210 
10.70.128.20 - - [30/Aug/2014:05:20:33 -0300] www.techtudo.com.br GET /dicas-e-tutoriais/noticia/2014/08/como-abrir-paginas-em-modo-desktop-no-chrome-para-android-e-ios.html HTTP/1.0 0.991 200 40459 - Mozilla/5.0 (compatible; bingbot/2.0; +http://www.bing.com/bingbot.htm) 157.55.39.6, 157.55.39.6, 192.168.67.37 
10.70.128.20 - - [30/Aug/2014:05:20:34 -0300] www.techtudo.com.br GET /tudo-sobre/s/pro-evolution-soccer-2010.html HTTP/1.0 1.758 200 44045 - Mozilla/5.0 (compatible; pycurl) 201.7.183.136, 201.7.183.136, 192.168.70.240 
10.70.128.20 - - [30/Aug/2014:05:23:17 -0300] www.techtudo.com.br GET /tudo-sobre/s/jogos-e-diversao.rss.html HTTP/1.0 0.022 404 4775 - TwitterFeed 3 128.242.249.11, 128.242.249.11, 192.168.70.218 
10.70.128.24 - - [30/Aug/2014:05:23:18 -0300] www.techtudo.com.br GET /dicas-e-tutoriais/noticia/2013/03/como-recuperar-a-senha-do-skype.html HTTP/1.0 1.757 200 40446 https://www.google.com.br/ Mozilla/5.0 (Windows NT 6.1) AppleWebKit/537.36 (KHTML, like Gecko) Chrome/36.0.1985.143 Safari/537.36 200.149.217.58, 200.149.217.58, 192.168.70.240 
10.70.128.20 - - [30/Aug/2014:05:23:25 -0300] www.techtudo.com.br GET /noticias/noticia/2014/08/ HTTP/1.0 0.032 404 3949 http://www.techtudo.com.br/noticias/noticia/2014/08/msn-messenger-da-adeus-definitivo-aos-ultimos-usuarios-apos-15-anos.html Mozilla/4.0 (compatible; MSIE 8.0; Windows NT 6.1; Trident/4.0; SLCC2; .NET CLR 2.0.50727; .NET CLR 3.5.30729; .NET CLR 3.0.30729; Media Center PC 6.0; MS-RTC LM 8; .NET4.0C) 200.57.154.106, 200.57.154.106, 192.168.70.218 
10.70.128.24 - - [30/Aug/2014:05:23:55 -0300] www.techtudo.com.br GET /tudo-sobre/lord-apocalypse/plantao/2.html HTTP/1.0 0.218 404 4775 - Mozilla/5.0 (compatible; bingbot/2.0; +http://www.bing.com/bingbot.htm) 157.55.39.6, 157.55.39.6, 192.168.67.52 
10.70.128.24 - - [30/Aug/2014:05:24:03 -0300] www.techtudo.com.br GET /tudo-sobre/s/ae-zombie-defender/alternativas/windows-phone.json HTTP/1.0 0.014 404 4775 http://www.techtudo.com.br/tudo-sobre/s/ae-zombie-defender.html Mozilla/5.0 (Windows NT 6.3; WOW64) AppleWebKit/537.36 (KHTML, like Gecko) Chrome/36.0.1985.143 Safari/537.36 109.220.254.253, 109.220.254.253, 192.168.70.210 
10.70.128.24 - - [30/Aug/2014:05:24:06 -0300] www.techtudo.com.br GET /softwares/utilitarios/todos.html/ HTTP/1.0 0.017 404 4775 - msnbot-UDiscovery/2.0b (+http://search.msn.com/msnbot.htm) 65.55.219.88, 65.55.219.88, 192.168.67.36 
10.70.128.20 - - [30/Aug/2014:05:24:14 -0300] www.techtudo.com.br GET /tudo-sobre/s/ae-zombie-defender/alternativas/windows-phone.json HTTP/1.0 0.014 404 3949 http://www.techtudo.com.br/tudo-sobre/s/ae-zombie-defender.html Mozilla/5.0 (Windows NT 6.3; WOW64) AppleWebKit/537.36 (KHTML, like Gecko) Chrome/36.0.1985.143 Safari/537.36 109.220.254.253, 109.220.254.253, 192.168.70.218 
10.70.128.20 - - [30/Aug/2014:05:24:38 -0300] www.techtudo.com.br GET /softwares/audio-e-video/todos.html/ HTTP/1.0 0.020 404 3949 - msnbot-UDiscovery/2.0b (+http://search.msn.com/msnbot.htm) 65.55.219.101, 65.55.219.101, 192.168.67.53 
10.70.128.24 - - [30/Aug/2014:05:25:35 -0300] www.techtudo.com.br GET /tudo-sobre/s/onetwo.html HTTP/1.0 1.351 200 40440 - Mozilla/5.0 (compatible; bingbot/2.0; +http://www.bing.com/bingbot.htm) 157.55.39.130, 157.55.39.130, 192.168.67.38 
10.70.128.22 - - [30/Aug/2014:05:26:03 -0300] www.techtudo.com.br GET /tudo-sobre/battlefield-vietnam/plantao/185.html HTTP/1.0 0.234 404 4775 - Mozilla/5.0 (compatible; bingbot/2.0; +http://www.bing.com/bingbot.htm) 157.55.39.130, 157.55.39.130, 192.168.67.53 
10.70.128.20 - - [30/Aug/2014:05:26:06 -0300] www.techtudo.com.br GET /tudo-sobre/s/asphalt-7/alternativas/windows-phone.json HTTP/1.0 0.016 404 3949 http://www.techtudo.com.br/tudo-sobre/s/asphalt-7.html Mozilla/5.0 (iPad; U; CPU OS 5_0 like Mac OS X; en-us) AppleWebKit/534.46 (KHTML, like Gecko) Version/5.1 Mobile/9A334 Safari/7534.48.3 179.98.9.247, 179.98.9.247, 192.168.67.52 
10.70.128.22 - - [30/Aug/2014:05:26:50 -0300] www.techtudo.com.br GET /tudo-sobre/hitman-sniper-challenge/plantao/63.html HTTP/1.0 0.209 404 3949 - Mozilla/5.0 (compatible; bingbot/2.0; +http://www.bing.com/bingbot.htm) 207.46.13.112, 207.46.13.112, 192.168.67.54 
10.70.128.22 - - [30/Aug/2014:05:26:54 -0300] www.techtudo.com.br GET /tudo-sobre/s/pet-drip/alternativas/web.json HTTP/1.0 0.558 200 2404 http://www.techtudo.com.br/tudo-sobre/s/pet-drip.html Mozilla/5.0 (compatible; Googlebot/2.1; +http://www.google.com/bot.html) 66.249.64.75, 66.249.64.75, 192.168.70.210 
10.70.128.24 - - [30/Aug/2014:05:27:09 -0300] www.techtudo.com.br GET /tudo-sobre/dragon-age-3-inquisition.html HTTP/1.0 0.018 404 4775 - Mozilla/5.0 (compatible; pycurl) 201.7.190.39, 201.7.190.39, 192.168.70.233 
10.70.128.20 - - [30/Aug/2014:05:27:20 -0300] www.techtudo.com.br GET /softwares/audio-e-video/todos.html/ HTTP/1.0 0.018 404 3949 - msnbot-UDiscovery/2.0b (+http://search.msn.com/msnbot.htm) 65.55.208.23, 65.55.208.23, 192.168.67.36 
10.70.128.24 - - [30/Aug/2014:05:27:52 -0300] www.techtudo.com.br GET /noticias/noticia/2013/04/tomb-raider-tera-dlc-com-roupas-exoticas-para-lara-croft.html HTTP/1.0 1.116 200 40411 - Mozilla/5.0 (compatible; YandexBot/3.0; +http://yandex.com/bots) 100.43.85.7, 100.43.85.7, 192.168.70.210 
10.70.128.24 - - [30/Aug/2014:05:28:07 -0300] www.techtudo.com.br GET /tudo-sobre/s/peggo.html HTTP/1.0 1.185 200 40459 http://www.techtudo.com.br/noticias/noticia/2014/07/baixar-musica-do-youtube-ficou-mais-facil-com-o-peggo-saiba-como-usar.html Mozilla/5.0 (Windows NT 6.1) AppleWebKit/537.36 (KHTML, like Gecko) Chrome/36.0.1985.143 Safari/537.36 179.178.251.126, 179.178.251.126, 192.168.70.233 
10.70.128.20 - - [30/Aug/2014:05:28:30 -0300] www.techtudo.com.br GET /tudo-sobre/s/tudo.rss.html HTTP/1.0 0.023 404 4775 - msnbot-UDiscovery/2.0b (+http://search.msn.com/msnbot.htm) 65.55.219.87, 65.55.219.87, 192.168.67.38 
10.70.128.20 - - [30/Aug/2014:05:28:51 -0300] www.techtudo.com.br GET /dicas-e-tutoriais/noticia/2014/03/como-baixar-videos-do-youtube-sem-precisar-instalar-programas.htmlwww.youtube.com.br HTTP/1.0 0.025 404 4775 - Mozilla/5.0 (compatible; MSIE 9.0; Windows NT 6.1; WOW64; Trident/5.0) 192.206.119.3, 192.206.119.3, 192.168.70.210 
10.70.128.22 - - [30/Aug/2014:05:28:55 -0300] www.techtudo.com.br GET /tudo-sobre/samsung-cht-322/plantao/2.html HTTP/1.0 0.201 404 3949 - Mozilla/5.0 (compatible; Googlebot/2.1; +http://www.google.com/bot.html) 66.249.64.70, 66.249.64.70, 192.168.70.210 
10.70.128.22 - - [30/Aug/2014:05:29:19 -0300] www.techtudo.com.br GET /tudo-sobre/neogeo-x-gold/plantao/2.html HTTP/1.0 0.200 404 3949 - Mozilla/5.0 (compatible; pycurl) 201.7.190.39, 201.7.190.39, 192.168.70.233 
10.70.128.24 - - [30/Aug/2014:05:29:19 -0300] www.techtudo.com.br GET /softwares/programas-para-internet/todos.html/ HTTP/1.0 0.016 404 3949 - msnbot-UDiscovery/2.0b (+http://search.msn.com/msnbot.htm) 65.55.219.88, 65.55.219.88, 192.168.67.37 
10.70.128.24 - - [30/Aug/2014:05:29:47 -0300] www.techtudo.com.br GET /tudo-sobre/jbl/plantao/2.html HTTP/1.0 0.153 404 4775 - Mozilla/5.0 (compatible; pycurl) 201.7.190.39, 201.7.190.39, 192.168.70.240 
10.70.128.22 - - [30/Aug/2014:05:30:15 -0300] www.techtudo.com.br GET /dicas-e-tutoriais/noticia/2012/08/aprenda-como-fazer-o-efeito-fake-no-pho HTTP/1.0 0.034 404 4775 - ADmantX Platform Semantic Analyzer - ADmantX Inc. - www.admantx.com - support@admantx.com 217.118.23.86, 217.118.23.86, 192.168.70.210 
10.70.128.20 - - [30/Aug/2014:05:30:18 -0300] www.techtudo.com.br GET /dicas-e-tutoriais/noticia/2013/12/www.techtudo.com.br/review/xbox-720/review-xbox-one-une-funcoes-inovadoras-e-alto-desempenho.html HTTP/1.0 0.028 404 3949 - Mozilla/5.0 (compatible; pycurl) 201.7.190.39, 201.7.190.39, 192.168.70.241 
10.70.128.22 - - [30/Aug/2014:05:30:22 -0300] www.techtudo.com.br GET /noticias/noticia/2014/01/www.trakdotbrasil.com.br HTTP/1.0 0.020 404 3949 - Mozilla/5.0 (compatible; pycurl) 201.7.190.39, 201.7.190.39, 192.168.70.241 
10.70.128.24 - - [30/Aug/2014:05:30:29 -0300] www.techtudo.com.br GET /tudo-sobre/s/plantao/1848.html HTTP/1.0 0.021 404 3949 - Mozilla/5.0 (compatible; pycurl) 201.7.190.39, 201.7.190.39, 192.168.70.241 
10.70.128.22 - - [30/Aug/2014:05:30:33 -0300] www.techtudo.com.br GET /tudo-sobre/polaroid-c3/plantao/2.html HTTP/1.0 0.214 404 4775 - Mozilla/5.0 (compatible; pycurl) 201.7.190.39, 201.7.190.39, 192.168.70.241 
10.70.128.22 - - [30/Aug/2014:05:30:40 -0300] www.techtudo.com.br GET /tudo-sobre/hp-laserjet-pro-p1606dn/plantao/2.html HTTP/1.0 0.233 404 3949 - Mozilla/5.0 (compatible; pycurl) 201.7.190.39, 201.7.190.39, 192.168.70.241 
10.70.128.24 - - [30/Aug/2014:05:30:48 -0300] www.techtudo.com.br GET /noticias/noticia/2014/08/alone-dark-illumination-serie-de-terror-ganhara-novo-jogo-para-pcs.html HTTP/1.0 0.018 404 4775 - - 50.62.176.83, 50.62.176.83, 192.168.70.218 
10.70.128.20 - - [30/Aug/2014:05:31:29 -0300] www.techtudo.com.br GET /softwares/utilitarios/todos.html/ HTTP/1.0 0.018 404 4775 - msnbot-UDiscovery/2.0b (+http://search.msn.com/msnbot.htm) 65.52.110.183, 65.52.110.183, 192.168.67.38 
10.70.128.20 - - [30/Aug/2014:05:31:33 -0300] www.techtudo.com.br GET /tudo-sobre/facebook-inc/plantao/11.html HTTP/1.0 3.385 404 3949 - Mozilla/5.0 (compatible; Googlebot/2.1; +http://www.google.com/bot.html) 66.249.64.70, 66.249.64.70, 192.168.70.210 
10.70.128.20 - - [30/Aug/2014:05:31:50 -0300] www.techtudo.com.br GET /noticias/noticia/2014/08/www.techtudo.com.br/tudo-sobre/forza-horizon-2.html HTTP/1.0 0.021 404 4775 - Mozilla/5.0 (compatible; bingbot/2.0; +http://www.bing.com/bingbot.htm) 157.55.39.6, 157.55.39.6, 192.168.67.38 
10.70.128.20 - - [30/Aug/2014:05:31:59 -0300] www.techtudo.com.br GET /tudo-sobre/s/camu.html HTTP/1.0 0.829 200 40458 - Mozilla/5.0 (compatible; Yahoo! Slurp; http://help.yahoo.com/help/us/ysearch/slurp) 68.180.225.41, 68.180.225.41, 192.168.67.53 
10.70.128.24 - - [30/Aug/2014:05:32:05 -0300] www.techtudo.com.br GET /tudo-sobre/s/tiny-dice-dungeon/alternativas/android.json HTTP/1.0 0.404 200 2335 - Mozilla/5.0 (compatible; bingbot/2.0; +http://www.bing.com/bingbot.htm) 157.55.39.130, 157.55.39.130, 192.168.67.52 
10.70.128.24 - - [30/Aug/2014:05:32:58 -0300] www.techtudo.com.br GET /softwares/audio-e-video/todos.html/ HTTP/1.0 0.010 404 4775 - msnbot-UDiscovery/2.0b (+http://search.msn.com/msnbot.htm) 65.52.110.185, 65.52.110.185, 192.168.67.53 
10.70.128.24 - - [30/Aug/2014:05:33:03 -0300] www.techtudo.com.br GET /tudo-sobre/s/tudo.rss.html HTTP/1.0 0.021 404 3949 - Mozilla/5.0 (compatible; Genieo/1.0 http://www.genieo.com/webfilter.html) 191.190.21.115, 191.190.21.115, 192.168.70.231 
10.70.128.20 - - [30/Aug/2014:05:34:00 -0300] www.techtudo.com.br GET /noticias/noticia/2012/12/snapchat-ganha-tumblr-polemico-com-imagens-pornograficas.htm HTTP/1.0 0.023 404 3949 - Mozilla/5.0 (Windows NT 6.3; WOW64) AppleWebKit/537.36 (KHTML, like Gecko) Chrome/36.0.1985.97 Safari/537.36 187.95.114.157, 187.95.114.157, 192.168.67.38 
10.70.128.24 - - [30/Aug/2014:05:34:09 -0300] www.techtudo.com.br GET /tudo-sobre/s/emoticons-whatsapp.html HTTP/1.0 1.404 200 39352 https://www.google.com.br/ Mozilla/5.0 (Linux; Android 4.4.2; GT-I9505 Build/KOT49H) AppleWebKit/537.36 (KHTML, like Gecko) Chrome/37.0.2062.117 Mobile Safari/537.36 66.249.83.74, 66.249.83.74, 192.168.70.210 
10.70.128.22 - - [30/Aug/2014:05:34:57 -0300] www.techtudo.com.br GET /noticias/noticia/2014/08/ HTTP/1.0 0.028 404 3949 http://www.techtudo.com.br/noticias/noticia/2014/08/resident-evil-hd-confira-novas-imagens-do-esperado-remake.html Mozilla/4.0 (compatible; MSIE 8.0; Windows NT 6.1; WOW64; Trident/4.0; SLCC2; .NET CLR 2.0.50727; .NET CLR 3.5.30729; .NET CLR 3.0.30729; Media Center PC 6.0; InfoPath.2; MS-RTC LM 8; .NET4.0C; .NET4.0E) 189.44.168.235, 189.44.168.235, 192.168.70.232 
10.70.128.22 - - [30/Aug/2014:05:35:09 -0300] www.techtudo.com.br GET /tudo-sobre/command-and-conquer-generals-2/plantao/15.html HTTP/1.0 0.208 404 3949 - Mozilla/5.0 (compatible; bingbot/2.0; +http://www.bing.com/bingbot.htm) 207.46.13.112, 207.46.13.112, 192.168.67.54 
10.70.128.20 - - [30/Aug/2014:05:35:22 -0300] www.techtudo.com.br GET /dicas-e-tutoriais/noticia/2013/08/como-remover-busca-padrao-do-delta-search-do-google-chrome HTTP/1.0 0.036 404 4775 - Mozilla/5.0 (compatible; bingbot/2.0; +http://www.bing.com/bingbot.htm) 157.55.39.130, 157.55.39.130, 192.168.67.52 
10.70.128.24 - - [30/Aug/2014:05:35:41 -0300] www.techtudo.com.br GET /noticias/noticia/2014/08/exclusivo-zenfone-5-primeiro-smart-asus-no-brasil-e-flagrado-e HTTP/1.0 0.030 404 4775 - Twitterbot/1.0 199.59.148.211, 199.59.148.211, 192.168.67.52 
10.70.128.24 - - [30/Aug/2014:05:36:12 -0300] www.techtudo.com.br GET /dicas-e-tutoriais/noticia/2014/08/xbox-one-como-usar-o-skype-para-conversar-com-amigos-enquanto-joga.html HTTP/1.0 0.832 200 40420 - Mozilla/5.0 (iPad;U;CPU OS 5_1_1 like Mac OS X; zh-cn)AppleWebKit/534.46.0(KHTML, like Gecko)CriOS/19.0.1084.60 Mobile/9B206 Safari/7534.48.3 2.83.134.167, 2.83.134.167, 192.168.67.36 
10.70.128.20 - - [30/Aug/2014:05:36:31 -0300] www.techtudo.com.br GET /tudo-sobre/s/tudo.rss.html HTTP/1.0 0.017 404 3949 - Jakarta Commons-HttpClient/3.1 50.30.7.41, 50.30.7.41, 192.168.70.210 
10.70.128.24 - - [30/Aug/2014:05:36:42 -0300] www.techtudo.com.br GET /softwares/programas-para-internet/todos.html/ HTTP/1.0 0.013 404 4775 - msnbot-UDiscovery/2.0b (+http://search.msn.com/msnbot.htm) 65.52.110.183, 65.52.110.183, 192.168.67.36 
10.70.128.24 - - [30/Aug/2014:05:37:24 -0300] www.techtudo.com.br GET /tudo-sobre/s/plantao/1848.html HTTP/1.0 0.021 404 3949 - Mozilla/5.0 (compatible; pycurl) 201.7.190.39, 201.7.190.39, 192.168.70.232 
10.70.128.22 - - [30/Aug/2014:05:37:26 -0300] www.techtudo.com.br GET /tudo-sobre/polaroid-c3/plantao/2.html HTTP/1.0 0.204 404 4775 - Mozilla/5.0 (compatible; pycurl) 201.7.190.39, 201.7.190.39, 192.168.70.232 
10.70.128.24 - - [30/Aug/2014:05:37:31 -0300] www.techtudo.com.br GET /tudo-sobre/hp-laserjet-pro-p1606dn/plantao/2.html HTTP/1.0 0.248 404 4775 - Mozilla/5.0 (compatible; pycurl) 201.7.183.136, 201.7.183.136, 192.168.70.231 
10.70.128.22 - - [30/Aug/2014:05:37:51 -0300] www.techtudo.com.br GET /noticia/2014/04/moto-x-ou-g2-mini-veja-o-comparativo-de-smartphones-da-semana.html HTTP/1.0 0.024 404 4775 - Mozilla/4.0 (compatible; MSIE 6.0; Windows NT 5.0;) 94.23.35.21, 94.23.35.21, 192.168.67.54 
10.70.128.22 - - [30/Aug/2014:05:38:06 -0300] www.techtudo.com.br GET /tudo-sobre/s/blackberry.html HTTP/1.0 0.018 404 4775 - Mozilla/5.0 (compatible; bingbot/2.0; +http://www.bing.com/bingbot.htm) 207.46.13.95, 207.46.13.95, 192.168.67.37 
10.70.128.20 - - [30/Aug/2014:05:38:23 -0300] www.techtudo.com.br GET /dicas-e-tutoriais/noticia/2014/06/aprenda-rastrear-o-galaxy-s4-e-encontre-seu-smartphone-perdido.html HTTP/1.0 0.793 200 40428 https://www.google.com.br/ Mozilla/5.0 (Windows NT 6.2; WOW64) AppleWebKit/537.36 (KHTML, like Gecko) Chrome/36.0.1985.125 Safari/537.36 189.25.108.155, 189.25.108.155, 192.168.70.231 
10.70.128.22 - - [30/Aug/2014:05:38:31 -0300] www.techtudo.com.br GET /tudo-sobre/s/rss.xml.html HTTP/1.0 0.018 404 3949 - TwitterFeed 3 128.242.249.13, 128.242.249.13, 192.168.70.210 
10.70.128.22 - - [30/Aug/2014:05:38:34 -0300] www.techtudo.com.br GET /dicas-e-tutoriais/noticia/2013/09/como-configurar-camera-do-seu-smartphone.html HTTP/1.0 0.404 200 63903 - Mozilla/5.0 (compatible; Googlebot/2.1; +http://www.google.com/bot.html) 66.249.64.75, 66.249.64.75, 192.168.70.218 
10.70.128.22 - - [30/Aug/2014:05:38:44 -0300] www.techtudo.com.br GET /softwares/seguranca/todos.html/ HTTP/1.0 0.014 404 3949 - msnbot-UDiscovery/2.0b (+http://search.msn.com/msnbot.htm) 65.55.219.82, 65.55.219.82, 192.168.67.53 
10.70.128.22 - - [30/Aug/2014:05:40:22 -0300] www.techtudo.com.br GET /dicas-e-tutoriais/noticia/2014/07/boom-beach-saiba-como-conseguir-diamantes-gratuitamente-no-jogo-online.html HTTP/1.0 1.582 200 40423 - Mozilla/5.0 (compatible; Googlebot/2.1; +http://www.google.com/bot.html) 66.249.64.70, 66.249.64.70, 192.168.70.218 
10.70.128.24 - - [30/Aug/2014:05:40:40 -0300] www.techtudo.com.br GET /tudo-sobre/hitman-sniper-challenge/plantao/8.html HTTP/1.0 0.279 404 4775 - Mozilla/5.0 (iPhone; CPU iPhone OS 6_0 like Mac OS X) AppleWebKit/536.26 (KHTML, like Gecko) Version/6.0 Mobile/10A5376e Safari/8536.25 (compatible; Googlebot/2.1; +http://www.google.com/bot.html) 66.249.64.70, 66.249.64.70, 192.168.70.218 
10.70.128.20 - - [30/Aug/2014:05:41:11 -0300] www.techtudo.com.br GET /dicas-e-tutoriais/noticia/2011/06/como-alterar-o-e-mail-de-login-do-facebook.html HTTP/1.0 0.360 200 40458 https://www.google.com.br/ Mozilla/5.0 (Windows NT 6.2; WOW64) AppleWebKit/537.36 (KHTML, like Gecko) Chrome/36.0.1985.143 Safari/537.36 152.242.83.120, 152.242.83.120, 192.168.67.36 
10.70.128.22 - - [30/Aug/2014:05:41:14 -0300] www.techtudo.com.br GET /tudo-sobre/s/tudo.rss.html HTTP/1.0 0.014 404 3949 - rogerbot/1.0 (http://www.moz.com/dp/rogerbot, rogerbot-crawler@moz.com) 209.133.111.215, 209.133.111.215, 192.168.70.218 
10.70.128.22 - - [30/Aug/2014:05:41:52 -0300] www.techtudo.com.br GET /noticias/noticia/2011/10/warhammer-40000-space-marine-e-lancado-no-brasil.html HTTP/1.0 0.404 200 31824 - Mozilla/5.0 (compatible; Googlebot/2.1; +http://www.google.com/bot.html) 177.92.138.19, 177.92.138.19, 192.168.67.54 
10.70.128.24 - - [30/Aug/2014:05:42:03 -0300] www.techtudo.com.br GET /dicas-e-tutoriais/noticia/2011/09/como-criar-um-windows-live-id-e-gerenciar-contas-de-hormail-msn-e-xbox-live.html HTTP/1.0 1.935 200 40464 - Mozilla/5.0 (compatible; Googlebot/2.1; +http://www.google.com/bot.html) 66.249.64.75, 66.249.64.75, 192.168.70.210 
10.70.128.22 - - [30/Aug/2014:05:42:59 -0300] www.techtudo.com.br GET /artigos/noticia/2011/11/conheca-linus-torvalds-o-criador-do-linux.html HTTP/1.0 0.859 200 40418 - Mozilla/5.0 (Windows NT 5.1; rv:6.0.2) Gecko/20100101 Firefox/6.0.2 202.46.54.208, 202.46.54.208, 192.168.70.210 
10.70.128.22 - - [30/Aug/2014:05:43:02 -0300] www.techtudo.com.br GET /tudo-sobre/dragon-age-3-inquisition.html HTTP/1.0 0.020 404 3949 - Mozilla/5.0 (compatible; pycurl) 201.7.183.136, 201.7.183.136, 192.168.70.241 
10.70.128.22 - - [30/Aug/2014:05:43:08 -0300] www.techtudo.com.br GET /noticias/noticia/2014/08/vazam-novas-imagens-de-gear-vr-da-samsung-que-pode-ser-lancado-na-ifa.html HTTP/1.0 0.891 200 40432 - Mozilla/5.0 (compatible; bingbot/2.0; +http://www.bing.com/bingbot.htm) 207.46.13.112, 207.46.13.112, 192.168.67.37 
10.70.128.24 - - [30/Aug/2014:05:43:10 -0300] www.techtudo.com.br GET /dicas-e-tutoriais/noticia/2014/08/xbox-one-como-usar-o-skype-para-conversar-com-amigos-enquanto-joga.html HTTP/1.0 1.196 200 40421 - Mozilla/5.0 (compatible; pycurl) 201.7.190.39, 201.7.190.39, 192.168.70.240 
10.70.128.22 - - [30/Aug/2014:05:43:13 -0300] www.techtudo.com.br GET /tudo-sobre/neogeo-x-gold/plantao/2.html HTTP/1.0 0.178 404 3949 - Mozilla/5.0 (compatible; pycurl) 201.7.183.136, 201.7.183.136, 192.168.70.231 
10.70.128.24 - - [30/Aug/2014:05:43:17 -0300] www.techtudo.com.br GET /tudo-sobre/jbl/plantao/2.html HTTP/1.0 0.127 404 3949 - Mozilla/5.0 (compatible; pycurl) 201.7.190.39, 201.7.190.39, 192.168.70.231 
10.70.128.22 - - [30/Aug/2014:05:43:26 -0300] www.techtudo.com.br GET /dicas-e-tutoriais/noticia/2013/12/www.techtudo.com.br/review/xbox-720/review-xbox-one-une-funcoes-inovadoras-e-alto-desempenho.html HTTP/1.0 0.021 404 4775 - Mozilla/5.0 (compatible; pycurl) 201.7.183.136, 201.7.183.136, 192.168.70.233 
10.70.128.20 - - [30/Aug/2014:05:43:28 -0300] www.techtudo.com.br GET /dicas-e-tutoriais/noticia/2014/03/como-fazer-backup-dos-seus-dados-de-perfil-no-orkut-e-salvar-fotos.html HTTP/1.0 0.723 200 24042 http://www.techtudo.com.br/tudo-sobre/s/google-takeout.html Mozilla/5.0 (Linux; Android 4.2.2; MEU AN351 Build/JDQ39) AppleWebKit/537.36 (KHTML, like Gecko) Chrome/36.0.1985.135 Mobile Safari/537.36 177.165.191.20, 177.165.191.20, 192.168.67.38 
10.70.128.22 - - [30/Aug/2014:05:43:38 -0300] www.techtudo.com.br GET /noticias/noticia/2014/01/www.trakdotbrasil.com.br HTTP/1.0 0.029 404 3949 - Mozilla/5.0 (compatible; pycurl) 201.7.190.39, 201.7.190.39, 192.168.70.231 
10.70.128.20 - - [30/Aug/2014:05:43:57 -0300] www.techtudo.com.br POST /dicas-e-tutoriais/noticia/2014/02/baidu-antivirus-pc-faster-spark-browser-saiba-desinstalar-do-seu-pc.html/trackback/ HTTP/1.0 0.014 404 4775 http://www.techtudo.com.br/dicas-e-tutoriais/noticia/2014/02/baidu-antivirus-pc-faster-spark-browser-saiba-desinstalar-do-seu-pc.html Mozilla/4.0 (compatible; MSIE 6.0; Windows NT 5.1; SV1; Mozilla/4.0 (compatible; MSIE 6.0; Windows NT 5.1; SV1) ) 162.244.12.133, 192.168.70.218 
10.70.128.24 - - [30/Aug/2014:05:44:12 -0300] www.techtudo.com.br GET /dicas-e-tutoriais/noticia/2014/03/aprenda-remover-propagandas-de-aplicativos-do-android.html HTTP/1.0 1.063 200 70404 - Mozilla/5.0 (compatible; Googlebot/2.1; +http://www.google.com/bot.html) 66.249.64.70, 66.249.64.70, 192.168.70.210 
10.70.128.24 - - [30/Aug/2014:05:44:16 -0300] www.techtudo.com.br GET /dicas-e-tutoriais/noticia/2014/08/the-last-of-us-remastered-confira-dicas-para-zerar-o-modo-punitivo.html HTTP/1.0 0.806 200 40414 - Mozilla/5.0 (compatible; Googlebot/2.1; +http://www.google.com/bot.html) 66.249.64.65, 66.249.64.65, 192.168.70.218 
10.70.128.22 - - [30/Aug/2014:05:44:18 -0300] www.techtudo.com.br GET /dicas-e-tutoriais/noticia/2013/10/como-instalar-o-windows-7-em-uma-particao-de-um-pc-com-windows-8.html HTTP/1.0 0.845 200 54048 - Mozilla/5.0 (compatible; Googlebot/2.1; +http://www.google.com/bot.html) 66.249.64.75, 66.249.64.75, 192.168.70.218 
10.70.128.20 - - [30/Aug/2014:05:44:21 -0300] www.techtudo.com.br GET /tudo-sobre/s/youtube-hd/alternativas/windows-phone.json HTTP/1.0 0.024 404 4775 http://www.techtudo.com.br/tudo-sobre/s/youtube-hd.html Mozilla/5.0 (Windows NT 6.3; WOW64; Trident/7.0; MASMJS; rv:11.0) like Gecko 200.165.10.60, 200.165.10.60, 192.168.70.233 
10.70.128.22 - - [30/Aug/2014:05:44:22 -0300] www.techtudo.com.br GET /tudo-sobre/tim/plantao/5.html HTTP/1.0 0.146 404 3949 - Mozilla/5.0 (compatible; YandexBot/3.0; +http://yandex.com/bots) 100.43.85.7, 100.43.85.7, 192.168.70.210 
10.70.128.22 - - [30/Aug/2014:05:44:45 -0300] www.techtudo.com.br GET /softwares/seguranca/todos.html/ HTTP/1.0 0.015 404 3949 - msnbot-UDiscovery/2.0b (+http://search.msn.com/msnbot.htm) 65.52.110.183, 65.52.110.183, 192.168.67.52 
10.70.128.24 - - [30/Aug/2014:05:44:46 -0300] www.techtudo.com.br POST /dicas-e-tutoriais/noticia/2014/02/baidu-antivirus-pc-faster-spark-browser-saiba-desinstalar-do-seu-pc.html/trackback/ HTTP/1.0 0.014 404 4775 http://www.techtudo.com.br/dicas-e-tutoriais/noticia/2014/02/baidu-antivirus-pc-faster-spark-browser-saiba-desinstalar-do-seu-pc.html Mozilla/4.0 (compatible; MSIE 6.0; Windows NT 5.1; SV1; Mozilla/4.0 (compatible; MSIE 6.0; Windows NT 5.1; SV1) ; .NET CLR 1.0.3705) 162.244.12.133, 192.168.70.210 
10.70.128.22 - - [30/Aug/2014:05:44:47 -0300] www.techtudo.com.br POST /dicas-e-tutoriais/noticia/2014/02/baidu-antivirus-pc-faster-spark-browser-saiba-desinstalar-do-seu-pc.html/trackback/ HTTP/1.0 0.016 404 4775 http://www.techtudo.com.br/dicas-e-tutoriais/noticia/2014/02/baidu-antivirus-pc-faster-spark-browser-saiba-desinstalar-do-seu-pc.html Mozilla/4.0 (compatible; MSIE 6.0; Windows NT 5.1; SV1) 162.244.12.133, 192.168.70.218 
10.70.128.24 - - [30/Aug/2014:05:44:54 -0300] www.techtudo.com.br GET /tudo-sobre/s/plantao/1848.html HTTP/1.0 0.016 404 3949 - Mozilla/5.0 (compatible; pycurl) 201.7.190.39, 201.7.190.39, 192.168.70.233 
10.70.128.20 - - [30/Aug/2014:05:44:57 -0300] www.techtudo.com.br GET /tudo-sobre/polaroid-c3/plantao/2.html HTTP/1.0 0.149 404 3949 - Mozilla/5.0 (compatible; pycurl) 201.7.190.39, 201.7.190.39, 192.168.70.233 
10.70.128.22 - - [30/Aug/2014:05:45:02 -0300] www.techtudo.com.br GET /tudo-sobre/hp-laserjet-pro-p1606dn/plantao/2.html HTTP/1.0 0.220 404 3949 - Mozilla/5.0 (compatible; pycurl) 201.7.190.39, 201.7.190.39, 192.168.70.233 
10.70.128.24 - - [30/Aug/2014:05:45:06 -0300] www.techtudo.com.br GET /tudo-sobre/Twitter.html HTTP/1.0 0.020 404 4775 - Mozilla/5.0 (compatible; pycurl) 201.7.190.39, 201.7.190.39, 192.168.70.233 
10.70.128.24 - - [30/Aug/2014:05:45:10 -0300] www.techtudo.com.br GET /tudo-sobre/s/flappy-bird.html HTTP/1.0 1.185 200 44042 - Mozilla/5.0 (compatible; pycurl) 201.7.190.39, 201.7.190.39, 192.168.70.240 
10.70.128.22 - - [30/Aug/2014:05:45:10 -0300] www.techtudo.com.br GET /noticias/noticia/2014/08/d25s4dbsms5nvt.cloudfront.net/js/safw/scheme.js HTTP/1.0 0.022 404 4775 http://www.techtudo.com.br/noticias/noticia/2014/08/exclusivo-zenfone-5-primeiro-smart-asus-no-brasil-e-flagrado-em-sp.html Mozilla/5.0 (Windows NT 6.1) AppleWebKit/537.36 (KHTML, like Gecko) Chrome/37.0.2062.94 Safari/537.36 143.107.176.125, 143.107.176.125, 192.168.67.36 
10.70.128.22 - - [30/Aug/2014:05:46:29 -0300] www.techtudo.com.br GET /tudo-sobre/just-dance-disney-party/plantao/341.html HTTP/1.0 0.205 404 4775 - Mozilla/5.0 (compatible; Googlebot/2.1; +http://www.google.com/bot.html) 66.249.64.75, 66.249.64.75, 192.168.70.210 
10.70.128.22 - - [30/Aug/2014:05:46:46 -0300] www.techtudo.com.br GET /tudo-sobre/s/gif-movie-gear-v4-1.html HTTP/1.0 0.017 404 3949 - Mozilla/5.0 (compatible; bingbot/2.0; +http://www.bing.com/bingbot.htm) 157.55.39.130, 157.55.39.130, 192.168.67.38 
10.70.128.20 - - [30/Aug/2014:05:46:54 -0300] www.techtudo.com.br GET /noticias/noticia/2014/08/ HTTP/1.0 0.017 404 4775 http://www.techtudo.com.br/noticias/noticia/2014/08/exclusivo-zenfone-5-primeiro-smart-asus-no-brasil-e-flagrado-em-sp.html Mozilla/4.0 (compatible; MSIE 8.0; Windows NT 6.1; Trident/4.0; SLCC2; .NET CLR 2.0.50727; .NET CLR 3.5.30729; .NET CLR 3.0.30729; Media Center PC 6.0; .NET CLR 1.1.4322; MS-RTC LM 8; .NET4.0C; .NET4.0E) 200.222.35.150, 200.222.35.150, 192.168.70.239 
10.70.128.22 - - [30/Aug/2014:05:47:13 -0300] www.techtudo.com.br GET /noticias/noticia/2013/07/samsun HTTP/1.0 0.031 404 3949 - Mozilla/5.0 (Windows NT 6.1; WOW64) AppleWebKit/537.36 (KHTML, like Gecko) Chrome/36.0.1985.125 Safari/537.36 202.46.63.168, 202.46.63.168, 192.168.70.210 
10.70.128.22 - - [30/Aug/2014:05:47:26 -0300] www.techtudo.com.br POST /dicas-e-tutoriais/noticia/2014/02/baidu-antivirus-pc-faster-spark-browser-saiba-desinstalar-do-seu-pc.html/trackback/ HTTP/1.0 0.021 404 4775 http://www.techtudo.com.br/dicas-e-tutoriais/noticia/2014/02/baidu-antivirus-pc-faster-spark-browser-saiba-desinstalar-do-seu-pc.html Mozilla/4.0 (compatible; MSIE 6.0; Windows NT 5.1; SV1; Mozilla/4.0 (compatible; MSIE 6.0; Windows NT 5.1; SV1) ; .NET CLR 1.0.3705) 162.244.13.24, 192.168.70.218 
10.70.128.22 - - [30/Aug/2014:05:47:40 -0300] www.techtudo.com.br GET /rankings/noticia/2012/08/top-10-os-melhores-memes-das-olimpiadas HTTP/1.0 0.030 404 3949 - Mozilla/5.0 (compatible; Googlebot/2.1; +http://www.google.com/bot.html) 66.249.64.70, 66.249.64.70, 192.168.70.218 
10.70.128.24 - - [30/Aug/2014:05:49:26 -0300] www.techtudo.com.br GET /tudo-sobre/dragon-age-3-inquisition.html HTTP/1.0 0.024 404 3949 - Mozilla/5.0 (compatible; pycurl) 201.7.190.39, 201.7.190.39, 192.168.70.240 
10.70.128.22 - - [30/Aug/2014:05:49:32 -0300] www.techtudo.com.br GET /dicas-e-tutoriais/noticia/2014/01/Passo%205.%20Caso%20queira%20desativar%20o%20modo%20invis%C3%ADvel,%20abra%20novamente%20o%20Hide%20Status%20for%20WhatsApp%20e%20toque%20na%20op%C3%A7%C3%A3o%20em%20vermelho,%20%C3%A0%20direita,%20onde%20est%C3%A1%20escrito%20%E2%80%9CToque%20no%20bot%C3%A3o%20para%20desativar%20o%20modo%20oculto%E2%80%9D. HTTP/1.0 0.024 404 3949 http://www.techtudo.com.br/dicas-e-tutoriais/noticia/2014/01/veja-como-ficar-invisivel-no-whatsapp-e-esconder-o-status-de-online.html Opera/9.80 (Android; Opera Mini/7.5.32195/35.4053; U; pt) Presto/2.8.119 Version/11.10 37.228.106.176, 37.228.106.176, 192.168.70.210 
10.70.128.24 - - [30/Aug/2014:05:49:34 -0300] www.techtudo.com.br GET /tudo-sobre/neogeo-x-gold/plantao/2.html HTTP/1.0 0.188 404 4775 - Mozilla/5.0 (compatible; pycurl) 201.7.190.39, 201.7.190.39, 192.168.70.231 
10.70.128.22 - - [30/Aug/2014:05:49:45 -0300] www.techtudo.com.br GET /tudo-sobre/jbl/plantao/2.html HTTP/1.0 0.144 404 4775 - Mozilla/5.0 (compatible; pycurl) 201.7.183.136, 201.7.183.136, 192.168.70.240 
10.70.128.20 - - [30/Aug/2014:05:49:53 -0300] www.techtudo.com.br GET /dicas-e-tutoriais/noticia/2013/12/www.techtudo.com.br/review/xbox-720/review-xbox-one-une-funcoes-inovadoras-e-alto-desempenho.html HTTP/1.0 0.032 404 3949 - Mozilla/5.0 (compatible; pycurl) 201.7.190.39, 201.7.190.39, 192.168.70.232 
10.70.128.24 - - [30/Aug/2014:05:50:04 -0300] www.techtudo.com.br GET /curiosidades/noticia/2013/03/conheca-aplicativos-mais-inapropriados-para-smartphones HTTP/1.0 0.028 404 4775 - Mozilla/5.0 (compatible; Baiduspider/2.0; +http://www.baidu.com/search/spider.html) 180.76.6.136, 180.76.6.136, 192.168.70.210 
10.70.128.22 - - [30/Aug/2014:05:50:05 -0300] www.techtudo.com.br GET /dicas-e-tutoriais/noticia/2014/08/como-abrir-paginas-em-modo-desktop-no-chrome-para-android-e-ios.html HTTP/1.0 0.917 200 40459 - Mozilla/5.0 (compatible; bingbot/2.0; +http://www.bing.com/bingbot.htm) 157.55.39.6, 157.55.39.6, 192.168.67.54 
10.70.128.20 - - [30/Aug/2014:05:50:06 -0300] www.techtudo.com.br GET /noticias/noticia/2014/01/www.trakdotbrasil.com.br HTTP/1.0 0.023 404 4775 - Mozilla/5.0 (compatible; pycurl) 201.7.190.39, 201.7.190.39, 192.168.70.231 
10.70.128.20 - - [30/Aug/2014:05:50:25 -0300] www.techtudo.com.br GET /tudo-sobre/s/plantao/1848.html HTTP/1.0 0.021 404 3949 - Mozilla/5.0 (compatible; pycurl) 201.7.190.39, 201.7.190.39, 192.168.70.241 
10.70.128.20 - - [30/Aug/2014:05:50:27 -0300] www.techtudo.com.br GET /tudo-sobre/s/tudo.rss.html HTTP/1.0 0.011 404 4775 - magpie-crawler/1.1 (U; Linux amd64; en-GB; +http://www.brandwatch.net) 94.228.34.238, 94.228.34.238, 192.168.67.37 
10.70.128.24 - - [30/Aug/2014:05:50:33 -0300] www.techtudo.com.br GET /tudo-sobre/polaroid-c3/plantao/2.html HTTP/1.0 0.233 404 3949 - Mozilla/5.0 (compatible; pycurl) 201.7.190.39, 201.7.190.39, 192.168.70.232 
10.70.128.22 - - [30/Aug/2014:05:50:49 -0300] www.techtudo.com.br GET /tudo-sobre/hp-laserjet-pro-p1606dn/plantao/2.html HTTP/1.0 0.229 404 3949 - Mozilla/5.0 (compatible; pycurl) 201.7.190.39, 201.7.190.39, 192.168.70.233 
10.70.128.24 - - [30/Aug/2014:05:51:02 -0300] www.techtudo.com.br GET /tudo-sobre/s/camu.html HTTP/1.0 1.141 200 40458 - Mozilla/5.0 (compatible; bingbot/2.0; +http://www.bing.com/bingbot.htm) 157.55.39.130, 157.55.39.130, 192.168.67.38 
10.70.128.22 - - [30/Aug/2014:05:51:15 -0300] www.techtudo.com.br GET /tudo-sobre/s/whatsapp-messenger/alternativas/outros-celulares.json HTTP/1.0 0.013 404 4775 http://www.techtudo.com.br/tudo-sobre/s/whatsapp-messenger.html Opera/9.80 (J2ME/MIDP; Opera Mini/7.1.32249/35.4053; U; en) Presto/2.8.119 Version/11.10 82.145.221.136, 82.145.221.136, 192.168.70.218 
10.70.128.22 - - [30/Aug/2014:05:51:33 -0300] www.techtudo.com.br GET /dicas-e-tutoriais/noticia/2011/09/como-criar-um-windows-live-id-e-gerenciar-contas-de-hormail-msn-e-xbox-live.html HTTP/1.0 1.136 200 40465 - Mozilla/5.0 (compatible; Googlebot/2.1; +http://www.google.com/bot.html) 66.249.64.70, 66.249.64.70, 192.168.70.218 
10.70.128.24 - - [30/Aug/2014:05:52:24 -0300] www.techtudo.com.br GET /tudo-sobre/outdoors-unlimited/plantao/36.html HTTP/1.0 0.203 404 4775 - Mozilla/5.0 (compatible; bingbot/2.0; +http://www.bing.com/bingbot.htm) 157.55.39.130, 157.55.39.130, 192.168.67.37 
10.70.128.22 - - [30/Aug/2014:05:53:18 -0300] www.techtudo.com.br GET /tudo-sobre/just-dance-disney-party/plantao/35.html HTTP/1.0 0.223 404 4775 - Mozilla/5.0 (compatible; bingbot/2.0; +http://www.bing.com/bingbot.htm) 157.55.39.6, 157.55.39.6, 192.168.67.54 
10.70.128.22 - - [30/Aug/2014:05:53:19 -0300] www.techtudo.com.br GET /tudo-sobre/battlefield-vietnam/plantao/188.html HTTP/1.0 0.209 404 4775 - Mozilla/5.0 (compatible; bingbot/2.0; +http://www.bing.com/bingbot.htm) 157.55.39.6, 157.55.39.6, 192.168.67.54 
10.70.128.20 - - [30/Aug/2014:05:54:06 -0300] www.techtudo.com.br GET /softwares/utilitarios/todos.html/ HTTP/1.0 0.013 404 3949 - msnbot-UDiscovery/2.0b (+http://search.msn.com/msnbot.htm) 65.55.219.88, 65.55.219.88, 192.168.67.38 
10.70.128.24 - - [30/Aug/2014:05:54:38 -0300] www.techtudo.com.br GET /softwares/audio-e-video/todos.html/ HTTP/1.0 0.014 404 4775 - msnbot-UDiscovery/2.0b (+http://search.msn.com/msnbot.htm) 65.55.219.101, 65.55.219.101, 192.168.67.52 
10.70.128.24 - - [30/Aug/2014:05:55:08 -0300] www.techtudo.com.br GET /tudo-sobre/walking-dead-game-2/plantao/24.html HTTP/1.0 0.243 404 4775 - Mozilla/5.0 (compatible; bingbot/2.0; +http://www.bing.com/bingbot.htm) 157.55.39.129, 157.55.39.129, 192.168.67.37 
10.70.128.20 - - [30/Aug/2014:05:55:26 -0300] www.techtudo.com.br GET /dicas-e-tutoriais/noticia/2010/12/como-socializar-seu-blog-com-o-botao-curtir-do-facebook.html HTTP/1.0 1.404 200 44692 - Mozilla/5.0 (compatible; Googlebot/2.1; +http://www.google.com/bot.html) 66.249.64.75, 66.249.64.75, 192.168.70.210 
10.70.128.20 - - [30/Aug/2014:05:56:09 -0300] www.techtudo.com.br POST /dicas-e-tutoriais/noticia/2014/02/baidu-antivirus-pc-faster-spark-browser-saiba-desinstalar-do-seu-pc.html/trackback/ HTTP/1.0 0.018 404 4775 http://www.techtudo.com.br/dicas-e-tutoriais/noticia/2014/02/baidu-antivirus-pc-faster-spark-browser-saiba-desinstalar-do-seu-pc.html Mozilla/4.0 (compatible; MSIE 6.0; Windows NT 5.1; SV1; Mozilla/4.0 (compatible; MSIE 6.0; Windows NT 5.1; SV1) ; .NET CLR 2.0.50727 ; .NET CLR 4.0.30319) 162.244.13.10, 192.168.70.210 
10.70.128.24 - - [30/Aug/2014:05:56:18 -0300] www.techtudo.com.br POST /dicas-e-tutoriais/noticia/2014/02/baidu-antivirus-pc-faster-spark-browser-saiba-desinstalar-do-seu-pc.html/trackback/ HTTP/1.0 0.015 404 4775 http://www.techtudo.com.br/dicas-e-tutoriais/noticia/2014/02/baidu-antivirus-pc-faster-spark-browser-saiba-desinstalar-do-seu-pc.html Mozilla/4.0 (compatible; MSIE 6.0; Windows NT 5.1) 162.244.13.10, 192.168.70.210 
10.70.128.20 - - [30/Aug/2014:05:56:31 -0300] www.techtudo.com.br GET /noticias/noticia/2014/08/alone-dark-illumination-serie-de-terror-ganhara-novo-jogo-para-pcs.html HTTP/1.0 0.020 404 4775 - - 184.168.27.105, 184.168.27.105, 192.168.70.210 
10.70.128.20 - - [30/Aug/2014:05:56:34 -0300] www.techtudo.com.br GET /tudo-sobre/s/tudo.rss.html HTTP/1.0 0.020 404 3949 - msnbot-UDiscovery/2.0b (+http://search.msn.com/msnbot.htm) 65.55.208.27, 65.55.208.27, 192.168.67.53 
10.70.128.22 - - [30/Aug/2014:05:57:24 -0300] www.techtudo.com.br GET /tudo-sobre/s/peggo.html HTTP/1.0 1.102 200 40459 http://www.techtudo.com.br/noticias/noticia/2014/07/baixar-musica-do-youtube-ficou-mais-facil-com-o-peggo-saiba-como-usar.html Mozilla/5.0 (Windows NT 6.3; WOW64) AppleWebKit/537.36 (KHTML, like Gecko) Chrome/36.0.1985.143 Safari/537.36 179.180.103.211, 179.180.103.211, 192.168.67.36 
10.70.128.24 - - [30/Aug/2014:05:57:35 -0300] www.techtudo.com.br GET /tudo-sobre/command-conquer-renegade/plantao/33.html HTTP/1.0 0.221 404 3949 - Mozilla/5.0 (compatible; bingbot/2.0; +http://www.bing.com/bingbot.htm) 157.55.39.6, 157.55.39.6, 192.168.67.38 
10.70.128.22 - - [30/Aug/2014:05:57:47 -0300] www.techtudo.com.br GET /noticias/noticia/2014/03/nvidia-anuncia-serie-de-gpus-geforce-800m-para-notebooks.html HTTP/1.0 0.571 200 40427 - Mozilla/5.0 (compatible; Googlebot/2.1; +http://www.google.com/bot.html) 66.249.64.65, 66.249.64.65, 192.168.70.210 
10.70.128.20 - - [30/Aug/2014:05:58:49 -0300] www.techtudo.com.br GET /tudo-sobre/s/pinterest/alternativas/windows-phone.json HTTP/1.0 0.013 404 4775 - Mozilla/5.0 (compatible; bingbot/2.0; +http://www.bing.com/bingbot.htm) 207.46.13.95, 207.46.13.95, 192.168.67.36 
10.70.128.24 - - [30/Aug/2014:05:59:10 -0300] www.techtudo.com.br GET /dicas-e-tutoriais/noticia/2011/06/como-alterar-o-e-mail-de-login-do-facebook.html HTTP/1.0 0.626 200 40458 https://www.google.pt/ Mozilla/5.0 (Windows NT 6.3) AppleWebKit/537.36 (KHTML, like Gecko) Chrome/36.0.1985.143 Safari/537.36 196.216.51.242, 196.216.51.242, 192.168.70.218 
10.70.128.24 - - [30/Aug/2014:05:59:15 -0300] www.techtudo.com.br GET /noticias/noticia/2014/08/alone-dark-illumination-serie-de-terror-ganhara-novo-jogo-para-pcs.html HTTP/1.0 0.017 404 4775 - Mozilla/5.0 (iPhone; U; CPU iPhone OS 3_0 like Mac OS X; en-us) AppleWebKit/528.18 (KHTML, like Gecko) Version/4.0 Mobile/7A341 Safari/528.16 177.4.243.104, 177.4.243.104, 192.168.67.36 
10.70.128.22 - - [30/Aug/2014:05:59:19 -0300] www.techtudo.com.br GET /softwares/programas-para-internet/todos.html/ HTTP/1.0 0.018 404 4775 - msnbot-UDiscovery/2.0b (+http://search.msn.com/msnbot.htm) 65.55.219.88, 65.55.219.88, 192.168.67.37 
10.70.128.22 - - [30/Aug/2014:05:59:24 -0300] www.techtudo.com.br GET /tudo-sobre/custom%20attribution HTTP/1.0 0.021 404 3949 http://www.techtudo.com.br/tudo-sobre/motorola-x.html Mozilla/5.0 (Windows NT 6.1; WOW64; rv:31.0) Gecko/20100101 Firefox/31.0 186.212.104.173, 186.212.104.173, 192.168.70.241 
10.70.128.22 - - [30/Aug/2014:05:59:42 -0300] www.techtudo.com.br GET /tudo-sobre/dragon-age-3-inquisition.html HTTP/1.0 0.020 404 3949 - Mozilla/5.0 (compatible; pycurl) 201.7.183.136, 201.7.183.136, 192.168.70.239 
10.70.128.24 - - [30/Aug/2014:05:59:55 -0300] www.techtudo.com.br GET /tudo-sobre/neogeo-x-gold/plantao/2.html HTTP/1.0 0.212 404 4775 - Mozilla/5.0 (compatible; pycurl) 201.7.190.39, 201.7.190.39, 192.168.70.239 
10.70.128.24 - - [30/Aug/2014:05:59:55 -0300] www.techtudo.com.br GET /review/samsung-galaxy-y.html HTTP/1.0 0.075 404 3949 - Mozilla/5.0 (Windows NT 6.2; rv:21.0) Gecko/20130326 Firefox/21.0 88.198.56.239, 88.198.56.239, 192.168.70.218 
10.70.128.20 - - [30/Aug/2014:06:00:27 -0300] www.techtudo.com.br GET /dicas-e-tutoriais/noticia/2011/01/como-usar-musicas-como-toque-no-iphone.html HTTP/1.0 0.404 200 17985 - Mozilla/5.0 (iPhone; CPU iPhone OS 6_1_6 like Mac OS X) AppleWebKit/536.26 (KHTML, like Gecko) Version/6.0 Mobile/10B500 Safari/8536.25 189.74.164.199, 189.74.164.199, 192.168.67.37 
10.70.128.24 - - [30/Aug/2014:06:00:46 -0300] www.techtudo.com.br GET /tudo-sobre/jbl/plantao/2.html HTTP/1.0 0.160 404 4775 - Mozilla/5.0 (compatible; pycurl) 201.7.190.39, 201.7.190.39, 192.168.70.231 
10.70.128.24 - - [30/Aug/2014:06:00:47 -0300] www.techtudo.com.br GET /noticias/noticia/2014/08/alone-dark-illumination-serie-de-terror-ganhara-novo-jogo-para-pcs.html HTTP/1.0 0.019 404 4775 - - 50.62.176.83, 50.62.176.83, 192.168.70.210 
10.70.128.24 - - [30/Aug/2014:06:00:50 -0300] www.techtudo.com.br GET /dicas-e-tutoriais/noticia/2013/12/www.techtudo.com.br/review/xbox-720/review-xbox-one-une-funcoes-inovadoras-e-alto-desempenho.html HTTP/1.0 0.025 404 4775 - Mozilla/5.0 (compatible; pycurl) 201.7.190.39, 201.7.190.39, 192.168.70.231 
10.70.128.22 - - [30/Aug/2014:06:01:06 -0300] www.techtudo.com.br GET /noticias/noticia/2014/01/www.trakdotbrasil.com.br HTTP/1.0 0.022 404 3949 - Mozilla/5.0 (compatible; pycurl) 201.7.190.39, 201.7.190.39, 192.168.70.239 
10.70.128.20 - - [30/Aug/2014:06:01:29 -0300] www.techtudo.com.br GET /softwares/utilitarios/todos.html/ HTTP/1.0 0.024 404 4775 - msnbot-UDiscovery/2.0b (+http://search.msn.com/msnbot.htm) 65.52.110.183, 65.52.110.183, 192.168.67.38 
10.70.128.22 - - [30/Aug/2014:06:01:36 -0300] www.techtudo.com.br GET /tudo-sobre/s/plantao/1848.html HTTP/1.0 0.021 404 4775 - Mozilla/5.0 (compatible; pycurl) 201.7.190.39, 201.7.190.39, 192.168.70.239 
10.70.128.24 - - [30/Aug/2014:06:01:43 -0300] www.techtudo.com.br GET /tudo-sobre/polaroid-c3/plantao/2.html HTTP/1.0 0.373 404 3949 - Mozilla/5.0 (compatible; pycurl) 201.7.190.39, 201.7.190.39, 192.168.70.231 
10.70.128.24 - - [30/Aug/2014:06:02:00 -0300] www.techtudo.com.br GET /tudo-sobre/hp-laserjet-pro-p1606dn/plantao/2.html HTTP/1.0 0.247 404 3949 - Mozilla/5.0 (compatible; pycurl) 201.7.183.136, 201.7.183.136, 192.168.70.241 
10.70.128.22 - - [30/Aug/2014:06:02:11 -0300] www.techtudo.com.br GET /noticias/noticia/2014/01/forum.techtudo.com.br/perguntas/76681/qual-o-melhor-jogo-para-xbox-360-que-voce-ja-jogou HTTP/1.0 0.023 404 3949 - Mozilla/5.0 (compatible; pycurl) 201.7.190.39, 201.7.190.39, 192.168.70.232 
10.70.128.24 - - [30/Aug/2014:06:02:40 -0300] www.techtudo.com.br GET /noticias/noticia/2014/08/www.techtudo.com.br/tudo-sobre/xbox-360.html HTTP/1.0 0.021 404 3949 - Mozilla/5.0 (compatible; Googlebot/2.1; +http://www.google.com/bot.html) 66.249.64.70, 66.249.64.70, 192.168.70.218 
10.70.128.20 - - [30/Aug/2014:06:02:58 -0300] www.techtudo.com.br GET /softwares/audio-e-video/todos.html/ HTTP/1.0 0.014 404 3949 - msnbot-UDiscovery/2.0b (+http://search.msn.com/msnbot.htm) 65.52.110.184, 65.52.110.184, 192.168.67.36 
10.70.128.22 - - [30/Aug/2014:06:03:41 -0300] www.techtudo.com.br GET /tudo-sobre/s/camu.html HTTP/1.0 0.820 200 40458 - Mozilla/5.0 (compatible; Googlebot/2.1; +http://www.google.com/bot.html) 66.249.64.65, 66.249.64.65, 192.168.70.218 
10.70.128.24 - - [30/Aug/2014:06:05:27 -0300] www.techtudo.com.br GET /noticias/noticia/2014/08/castelo-de-verdade-feito-de-concreto-e-construido-com-impressora-3d.html HTTP/1.0 0.404 200 20677 http://t.co/iUJG48FHHP Mozilla/5.0 (iPhone; CPU iPhone OS 7_1_2 like Mac OS X) AppleWebKit/537.51.2 (KHTML, like Gecko) Mobile/11D257 Twitter for iPhone 189.27.27.63, 189.27.27.63, 192.168.67.53 
10.70.128.22 - - [30/Aug/2014:06:05:55 -0300] www.techtudo.com.br GET /artigos/noticia/2011/06/comunicadores-instantaneos-do-inicio-aos-tempos-atuais.html HTTP/1.0 1.404 200 148759 - Mozilla/5.0 (compatible; bingbot/2.0; +http://www.bing.com/bingbot.htm) 207.46.13.112, 207.46.13.112, 192.168.67.52 
10.70.128.22 - - [30/Aug/2014:06:06:42 -0300] www.techtudo.com.br GET /softwares/programas-para-internet/todos.html/ HTTP/1.0 0.014 404 4775 - msnbot-UDiscovery/2.0b (+http://search.msn.com/msnbot.htm) 65.52.110.183, 65.52.110.183, 192.168.67.38 
10.70.128.20 - - [30/Aug/2014:06:06:59 -0300] www.techtudo.com.br GET /tudo-sobre/Twitter.html HTTP/1.0 0.024 404 4775 - Mozilla/4.0 (compatible; ArgClrInt/1.0; Windows NT 5.1; Trident/4.0; GTB6.4; .NET CLR 2.0.50727; .NET CLR 1.1.4322; .NET CLR 3.0.04506.648; .NET CLR 3.5.21022; .NET CLR 3.0.4506.2152; .NET CLR 3.5.30729) 195.65.18.98, 195.65.18.98, 192.168.67.36 
10.70.128.22 - - [30/Aug/2014:06:07:26 -0300] www.techtudo.com.br GET /softwares/audio-e-video/todos.html/ HTTP/1.0 0.018 404 4775 - msnbot-UDiscovery/2.0b (+http://search.msn.com/msnbot.htm) 65.55.208.23, 65.55.208.23, 192.168.67.36 
10.70.128.22 - - [30/Aug/2014:06:08:12 -0300] www.techtudo.com.br GET /tudo-sobre/dragon-age-3-inquisition.html HTTP/1.0 0.027 404 4775 - Mozilla/5.0 (compatible; pycurl) 201.7.190.39, 201.7.190.39, 192.168.70.231 
10.70.128.24 - - [30/Aug/2014:06:08:47 -0300] www.techtudo.com.br GET /softwares/seguranca/todos.html/ HTTP/1.0 0.014 404 4775 - msnbot-UDiscovery/2.0b (+http://search.msn.com/msnbot.htm) 65.55.219.82, 65.55.219.82, 192.168.67.37 
10.70.128.20 - - [30/Aug/2014:06:09:02 -0300] www.techtudo.com.br GET /tudo-sobre/matter/plantao/44.html HTTP/1.0 0.195 404 4775 - Mozilla/5.0 (compatible; bingbot/2.0; +http://www.bing.com/bingbot.htm) 157.55.39.130, 157.55.39.130, 192.168.67.52 
10.70.128.22 - - [30/Aug/2014:06:09:42 -0300] www.techtudo.com.br GET /artigos/noticia/2011/06/caixa-eletronico-com-detector-de-mentiras-e-reconhecimento-facial HTTP/1.0 0.041 404 3949 - Mozilla/5.0 (compatible; bingbot/2.0; +http://www.bing.com/bingbot.htm) 207.46.13.112, 207.46.13.112, 192.168.67.54 
10.70.128.20 - - [30/Aug/2014:06:10:08 -0300] www.techtudo.com.br GET /tudo-sobre/neogeo-x-gold/plantao/2.html HTTP/1.0 0.231 404 3949 - Mozilla/5.0 (compatible; pycurl) 201.7.190.39, 201.7.190.39, 192.168.70.241 
10.70.128.20 - - [30/Aug/2014:06:10:11 -0300] www.techtudo.com.br GET /dicas-e-tutoriais/noticia/2011/08/.html HTTP/1.0 0.034 404 3949 http://www.techtudo.com.br/ Opera/9.80 (Windows NT 6.2; Win64; x64) Presto/2.12.388 Version/12.16 72.251.36.188, 72.251.36.188, 192.168.70.218 
10.70.128.22 - - [30/Aug/2014:06:10:19 -0300] www.techtudo.com.br GET /tudo-sobre/jbl/plantao/2.html HTTP/1.0 0.107 404 4775 - Mozilla/5.0 (compatible; pycurl) 201.7.190.39, 201.7.190.39, 192.168.70.241 
10.70.128.20 - - [30/Aug/2014:06:10:23 -0300] www.techtudo.com.br GET /dicas-e-tutoriais/noticia/2013/12/www.techtudo.com.br/review/xbox-720/review-xbox-one-une-funcoes-inovadoras-e-alto-desempenho.html HTTP/1.0 0.029 404 3949 - Mozilla/5.0 (compatible; pycurl) 201.7.190.39, 201.7.190.39, 192.168.70.241 
10.70.128.24 - - [30/Aug/2014:06:10:27 -0300] www.techtudo.com.br GET /tudo-sobre/s/peggo.html HTTP/1.0 1.009 200 40460 http://www.techtudo.com.br/softwares/programas-para-internet/downloads/ Mozilla/5.0 (Windows NT 6.2; WOW64) AppleWebKit/537.36 (KHTML, like Gecko) Chrome/37.0.2062.102 Safari/537.36 187.114.149.53, 187.114.149.53, 192.168.70.240 
10.70.128.20 - - [30/Aug/2014:06:10:30 -0300] www.techtudo.com.br GET /noticias/noticia/2014/01/www.trakdotbrasil.com.br HTTP/1.0 0.022 404 4775 - Mozilla/5.0 (compatible; pycurl) 201.7.190.39, 201.7.190.39, 192.168.70.231 
10.70.128.22 - - [30/Aug/2014:06:10:43 -0300] www.techtudo.com.br GET /tudo-sobre/s/whatsapp-messenger/alternativas/outros-celulares.json HTTP/1.0 0.017 404 3949 http://www.techtudo.com.br/tudo-sobre/s/whatsapp-messenger.html Opera/9.80 (J2ME/MIDP; Opera Mini/7.1.32249/35.4053; U; en) Presto/2.8.119 Version/11.10 82.145.221.136, 82.145.221.136, 192.168.70.218 
10.70.128.22 - - [30/Aug/2014:06:10:46 -0300] www.techtudo.com.br GET /tudo-sobre/lord-apocalypse/plantao/58.html HTTP/1.0 0.204 404 3949 - Mozilla/5.0 (compatible; bingbot/2.0; +http://www.bing.com/bingbot.htm) 157.55.39.130, 157.55.39.130, 192.168.67.54 
10.70.128.22 - - [30/Aug/2014:06:11:05 -0300] www.techtudo.com.br GET /tudo-sobre/s/plantao/1848.html HTTP/1.0 0.017 404 3949 - Mozilla/5.0 (compatible; pycurl) 201.7.190.39, 201.7.190.39, 192.168.70.240 
10.70.128.20 - - [30/Aug/2014:06:11:16 -0300] www.techtudo.com.br GET /dicas-e-tutoriais/noticia/2014/03/como-fazer-backup-dos-seus-dados-de-perfil-no-orkut-e-salvar-fotos.html HTTP/1.0 0.751 200 24042 http://www.techtudo.com.br/dicas-e-tutoriais/noticia/2014/07/como-exportar-seus-albuns-de-fotos-do-orkut-para-o-google.html Mozilla/5.0 (Linux; Android 4.4.4; XT1033 Build/KXB21.14-L1.40) AppleWebKit/537.36 (KHTML, like Gecko) Chrome/36.0.1985.135 Mobile Safari/537.36 189.91.18.84, 189.91.18.84, 192.168.67.36 
10.70.128.20 - - [30/Aug/2014:06:11:28 -0300] www.techtudo.com.br GET /tudo-sobre/polaroid-c3/plantao/2.html HTTP/1.0 0.206 404 4775 - Mozilla/5.0 (compatible; pycurl) 201.7.190.39, 201.7.190.39, 192.168.70.239 
10.70.128.24 - - [30/Aug/2014:06:11:44 -0300] www.techtudo.com.br GET /tudo-sobre/hp-laserjet-pro-p1606dn/plantao/2.html HTTP/1.0 0.218 404 3949 - Mozilla/5.0 (compatible; pycurl) 201.7.190.39, 201.7.190.39, 192.168.70.241 
10.70.128.20 - - [30/Aug/2014:06:11:47 -0300] www.techtudo.com.br GET /dicas-e-tutoriais/noticia/2012/08/.html HTTP/1.0 0.033 404 4775 http://www.techtudo.com.br/ Opera/9.80 (Windows NT 6.2; Win64; x64) Presto/2.12.388 Version/12.16 72.251.36.188, 72.251.36.188, 192.168.70.210 
10.70.128.20 - - [30/Aug/2014:06:11:52 -0300] www.techtudo.com.br GET /noticias/noticia/2013/05/motorola-razr-i-e-razr-hd-recebem-jelly-bean-41-veja-como-atualizar.html HTTP/1.0 0.961 200 140480 - Mozilla/5.0 (compatible; YandexBot/3.0; +http://yandex.com/bots) 100.43.85.7, 100.43.85.7, 192.168.70.218 
10.70.128.22 - - [30/Aug/2014:06:11:53 -0300] www.techtudo.com.br GET /tudo-sobre/command-and-conquer-generals-2/plantao/266.html HTTP/1.0 0.233 404 4775 - Mozilla/5.0 (compatible; bingbot/2.0; +http://www.bing.com/bingbot.htm) 157.55.39.6, 157.55.39.6, 192.168.67.36 
