10.70.128.22 - - [30/Aug/2014:00:47:08 -0300] www.techtudo.com.br GET /tudo-sobre/pokemon-x/plantao/5.html HTTP/1.0 0.188 404 4775 - Mozilla/5.0 (compatible; YandexBot/3.0; +http://yandex.com/bots) 100.43.85.7, 100.43.85.7, 192.168.70.210 
10.70.128.22 - - [30/Aug/2014:00:47:24 -0300] www.techtudo.com.br GET /tudo-sobre/s/plantao/1848.html HTTP/1.0 0.020 404 4775 - Mozilla/5.0 (compatible; pycurl) 201.7.190.39, 201.7.190.39, 192.168.70.233 
10.70.128.20 - - [30/Aug/2014:00:47:26 -0300] www.techtudo.com.br POST /dicas-e-tutoriais/noticia/2014/02/baidu-antivirus-pc-faster-spark-browser-saiba-desinstalar-do-seu-pc.html/trackback/ HTTP/1.0 0.016 404 4775 http://www.techtudo.com.br/dicas-e-tutoriais/noticia/2014/02/baidu-antivirus-pc-faster-spark-browser-saiba-desinstalar-do-seu-pc.html Mozilla/4.0 (compatible; MSIE 6.0; Windows NT 5.1; SV1) 162.244.13.24, 192.168.70.218 
10.70.128.24 - - [30/Aug/2014:00:47:28 -0300] www.techtudo.com.br GET /tudo-sobre/polaroid-c3/plantao/2.html HTTP/1.0 0.201 404 4775 - Mozilla/5.0 (compatible; pycurl) 201.7.190.39, 201.7.190.39, 192.168.70.233 
10.70.128.24 - - [30/Aug/2014:00:47:32 -0300] www.techtudo.com.br GET /tudo-sobre/s/youtube-hd/alternativas/windows-phone.json HTTP/1.0 0.016 404 4775 http://www.techtudo.com.br/tudo-sobre/s/youtube-hd.html Mozilla/5.0 (Windows NT 6.1) AppleWebKit/537.36 (KHTML, like Gecko) Chrome/36.0.1985.143 Safari/537.36 178.115.128.184, 178.115.128.184, 192.168.70.218 
10.70.128.24 - - [30/Aug/2014:00:47:42 -0300] www.techtudo.com.br GET /tudo-sobre/s/all-music-unlimited/alternativas/windows-phone.json HTTP/1.0 0.014 404 4775 http://www.techtudo.com.br/tudo-sobre/s/all-music-unlimited.html Mozilla/5.0 (Windows Phone 8.1; ARM; Trident/7.0; Touch; rv:11.0; IEMobile/11.0; NOKIA; Lumia 925) like Gecko 157.55.80.246, 157.55.80.246, 192.168.67.37 
10.70.128.20 - - [30/Aug/2014:00:47:47 -0300] www.techtudo.com.br GET /noticias/noticia/2014/08/www.techtudo.com.br/tudo-sobre/xbox-360.html HTTP/1.0 0.019 404 4775 - Mozilla/5.0 (compatible; bingbot/2.0; +http://www.bing.com/bingbot.htm) 157.55.39.130, 157.55.39.130, 192.168.67.37 
10.70.128.24 - - [30/Aug/2014:00:48:36 -0300] www.techtudo.com.br GET /dicas-e-tutoriais/noticia/2014/03/aprenda-remover-propagandas-de-aplicativos-do-android.html HTTP/1.0 3.323 200 70404 https://www.google.com.br/ Mozilla/5.0 (Windows NT 6.1; WOW64) AppleWebKit/537.36 (KHTML, like Gecko) Chrome/36.0.1985.143 Safari/537.36 179.252.91.42, 179.252.91.42, 192.168.67.36 
10.70.128.22 - - [30/Aug/2014:00:48:40 -0300] www.techtudo.com.br GET /dicas-e-tutoriais/noticia/2012/05/como-desbloquear-pop-ups-no-google-chrome.html HTTP/1.0 0.809 200 87404 - Mozilla/5.0 (compatible; bingbot/2.0; +http://www.bing.com/bingbot.htm) 207.46.13.95, 207.46.13.95, 192.168.67.38 
10.70.128.20 - - [30/Aug/2014:00:48:47 -0300] www.techtudo.com.br GET /tudo-sobre/s/whatsapp-messenger/alternativas/outros-celulares.json HTTP/1.0 0.018 404 3949 http://www.techtudo.com.br/tudo-sobre/s/whatsapp-messenger.html Mozilla/5.0 (Windows NT 6.1; WOW64) AppleWebKit/537.36 (KHTML, like Gecko) Chrome/36.0.1985.143 Safari/537.36 189.93.172.119, 189.93.172.119, 192.168.70.240 
10.70.128.24 - - [30/Aug/2014:00:49:32 -0300] www.techtudo.com.br GET /tudo-sobre/battlefield-vietnam/plantao/441.html HTTP/1.0 0.213 404 4775 - Mozilla/5.0 (iPhone; CPU iPhone OS 6_0 like Mac OS X) AppleWebKit/536.26 (KHTML, like Gecko) Version/6.0 Mobile/10A5376e Safari/8536.25 (compatible; Googlebot/2.1; +http://www.google.com/bot.html) 66.249.64.70, 66.249.64.70, 192.168.70.210 
10.70.128.24 - - [30/Aug/2014:00:49:35 -0300] www.techtudo.com.br GET /tudo-sobre/s/firefox-os.html HTTP/1.0 0.772 200 40495 http://www.google.com.br/url?sa=t&rct=j&q=&esrc=s&source=web&cd=8&cad=rja&uact=8&sqi=2&ved=0CEkQFjAH&url=http%3A%2F%2Fwww.techtudo.com.br%2Ftudo-sobre%2Fs%2Ffirefox-os.html&ei=w0kBVOjANtDIgwTO6IHIBg&usg=AFQjCNEWGAfIlTpInJGNX50AqUCE_15-Zg&sig2=wKblkrJGOGTZEAIgcjbmiA&bvm=bv.74115972,d.eXY Mozilla/5.0 (Windows NT 6.1; rv:29.0) Gecko/20100101 Firefox/29.0 187.53.251.213, 187.53.251.213, 192.168.67.36 
10.70.128.22 - - [30/Aug/2014:00:49:45 -0300] www.techtudo.com.br GET /noticias/noticia/2014/08/concierge@secret.ly HTTP/1.0 0.021 404 4775 - Mozilla/5.0 (compatible; bingbot/2.0; +http://www.bing.com/bingbot.htm) 157.55.39.130, 157.55.39.130, 192.168.67.53 
10.70.128.22 - - [30/Aug/2014:00:49:52 -0300] www.techtudo.com.br GET /tudo-sobre/linux-foundation/plantao/2.html HTTP/1.0 0.164 404 4775 - Mozilla/5.0 (compatible; bingbot/2.0; +http://www.bing.com/bingbot.htm) 207.46.13.112, 207.46.13.112, 192.168.67.37 
10.70.128.24 - - [30/Aug/2014:00:49:59 -0300] www.techtudo.com.br GET /tudo-sobre/s/whatsapp-messenger/alternativas/outros-celulares.json HTTP/1.0 0.015 404 4775 http://www.techtudo.com.br/tudo-sobre/s/whatsapp-messenger.html Mozilla/5.0 (Windows NT 6.1; WOW64) AppleWebKit/537.36 (KHTML, like Gecko) Chrome/36.0.1985.143 Safari/537.36 189.93.172.119, 189.93.172.119, 192.168.70.233 
10.70.128.22 - - [30/Aug/2014:00:50:00 -0300] www.techtudo.com.br GET /jogos/%EF%BF%BD%D1%B0%01 HTTP/1.0 0.018 404 4775 http://www.techtudo.com.br/jogos/ Mozilla/5.0 (Windows NT 6.1; WOW64) AppleWebKit/537.36 (KHTML, like Gecko) Chrome/36.0.1985.143 Safari/537.36 179.133.4.207, 179.133.4.207, 192.168.67.54 
10.70.128.24 - - [30/Aug/2014:00:50:05 -0300] www.techtudo.com.br GET /noticias/noticia/2014/08/%EF%BF%BD%D1%B0%01 HTTP/1.0 0.022 404 4775 http://www.techtudo.com.br/noticias/noticia/2014/08/xbox-one-atualizacao-traz-melhorias-ao-console-e-novas-funcionalidades.html Mozilla/5.0 (Windows NT 6.1; WOW64) AppleWebKit/537.36 (KHTML, like Gecko) Chrome/36.0.1985.143 Safari/537.36 179.133.4.207, 179.133.4.207, 192.168.67.54 
10.70.128.20 - - [30/Aug/2014:00:50:25 -0300] www.techtudo.com.br GET /noticias/noticia/2014/08/productforums.google.com/forum HTTP/1.0 0.019 404 4775 - Mozilla/5.0 (compatible; bingbot/2.0; +http://www.bing.com/bingbot.htm) 207.46.13.112, 207.46.13.112, 192.168.67.37 
10.70.128.20 - - [30/Aug/2014:00:50:40 -0300] www.techtudo.com.br GET /tudo-sobre/dragon-ball-z-budokai-hd-collection/plantao/3.html HTTP/1.0 0.174 404 3949 - Mozilla/5.0 (iPhone; CPU iPhone OS 6_0 like Mac OS X) AppleWebKit/536.26 (KHTML, like Gecko) Version/6.0 Mobile/10A5376e Safari/8536.25 (compatible; Googlebot/2.1; +http://www.google.com/bot.html) 66.249.64.75, 66.249.64.75, 192.168.70.218 
10.70.128.24 - - [30/Aug/2014:00:51:08 -0300] www.techtudo.com.br GET /noticias/noticia/2014/08/ea-access-servico-de-assinatura-ja-esta-disponivel-para-o-xbox HTTP/1.0 0.030 404 4775 - Mozilla/5.0 (Macintosh; Intel Mac OS X 10.9; rv:28.0) Gecko/20100101 Firefox/28.0 (FlipboardProxy/1.1; +http://flipboard.com/browserproxy) 54.204.253.56, 54.204.253.56, 192.168.67.36 
10.70.128.22 - - [30/Aug/2014:00:51:08 -0300] www.techtudo.com.br GET /noticias/noticia/2014/08/xbox-microsoft-apresenta-novidades-para-o-console-na-gamescom- HTTP/1.0 0.032 404 3949 - Mozilla/5.0 (Macintosh; Intel Mac OS X 10.9; rv:28.0) Gecko/20100101 Firefox/28.0 (FlipboardProxy/1.1; +http://flipboard.com/browserproxy) 54.204.253.56, 54.204.253.56, 192.168.67.53 
10.70.128.20 - - [30/Aug/2014:00:51:40 -0300] www.techtudo.com.br GET /tudo-sobre/moto-360.html HTTP/1.0 1.321 200 34041 - Mozilla/5.0 (Linux; U; Android 4.0.4; pt-br; GT-S5301B Build/IMM76D) AppleWebKit/534.30 (KHTML, like Gecko) Version/4.0 Mobile Safari/534.30 201.53.69.202, 201.53.69.202, 192.168.70.240 
10.70.128.20 - - [30/Aug/2014:00:52:02 -0300] www.techtudo.com.br GET /tudo-sobre/s/arquivos/alternativas/windows-phone.json HTTP/1.0 0.017 404 4775 http://www.techtudo.com.br/tudo-sobre/s/arquivos.html Mozilla/5.0 (Windows Phone 8.1; ARM; Trident/7.0; Touch; rv:11.0; IEMobile/11.0; NOKIA; Lumia 820) like Gecko 177.140.208.80, 177.140.208.80, 192.168.67.54 
10.70.128.24 - - [30/Aug/2014:00:52:52 -0300] www.techtudo.com.br GET /dicas-e-tutoriais/noticia/2014/07/sims-3-tem-mod-para-tirar-censura-do-game-saiba-como-fazer.html HTTP/1.0 0.866 200 24047 http://www.google.com.br/ Mozilla/5.0 (iPhone; CPU iPhone OS 7_0 like Mac OS X) AppleWebKit/537.51.1 (KHTML, like Gecko) GSA/4.1.0.31802 Mobile/11A465 Safari/9537.53 186.229.93.201, 186.229.93.201, 192.168.70.231 
10.70.128.24 - - [30/Aug/2014:00:53:10 -0300] www.techtudo.com.br GET /tudo-sobre/s/frozen-uma-aventura-congelante.html HTTP/1.0 0.713 200 40432 - Mozilla/5.0 (iPhone; CPU iPhone OS 6_0 like Mac OS X) AppleWebKit/536.26 (KHTML, like Gecko) Version/6.0 Mobile/10A5376e Safari/8536.25 (compatible; Googlebot/2.1; +http://www.google.com/bot.html) 66.249.64.75, 66.249.64.75, 192.168.70.210 
10.70.128.20 - - [30/Aug/2014:00:53:16 -0300] www.techtudo.com.br GET /dicas-e-tutoriais/noticia/2013/12/quais-sao-principais-marcas-de-notebooks-no-brasil.html HTTP/1.0 1.482 200 294042 https://www.google.com.br/ Mozilla/5.0 (Windows NT 6.1) AppleWebKit/537.36 (KHTML, like Gecko) Chrome/36.0.1985.143 Safari/537.36 191.184.47.157, 191.184.47.157, 192.168.67.36 
10.70.128.20 - - [30/Aug/2014:00:53:25 -0300] www.techtudo.com.br GET /noticias/noticia/2012/11/ilhas-da-nova-zelandia-conseguem-se-manter-apenas-com-energia-solar.html HTTP/1.0 0.326 200 40474 - Mozilla/5.0 (compatible; Googlebot/2.1; +http://www.google.com/bot.html) 66.249.64.70, 66.249.64.70, 192.168.70.210 
10.70.128.24 - - [30/Aug/2014:00:53:28 -0300] www.techtudo.com.br GET /dicas-e-tutoriais/noticia/2011/06/como-alterar-o-e-mail-de-login-do-facebook.html HTTP/1.0 0.566 200 40458 http://www.google.com.br/url?sa=t&rct=j&q=&esrc=s&source=web&cd=5&ved=0CEIQFjAE&url=http%3A%2F%2Fwww.techtudo.com.br%2Fdicas-e-tutoriais%2Fnoticia%2F2011%2F06%2Fcomo-alterar-o-e-mail-de-login-do-facebook.html&ei=MEoBVMTsFZKlyAS39oGwCA&usg=AFQjCNHIJ_O3rx3GR9oR14S2cIHmRLn2ng&sig2=DPx_milIUsYBWTiFqqpEUQ&bvm=bv.74115972,d.aWw Mozilla/5.0 (Windows NT 6.1; rv:31.0) Gecko/20100101 Firefox/31.0 186.227.220.10, 186.227.220.10, 192.168.67.37 
10.70.128.20 - - [30/Aug/2014:00:53:33 -0300] www.techtudo.com.br GET /tudo-sobre/s/tudo.rss.html HTTP/1.0 0.014 404 4775 - Jakarta Commons-HttpClient/3.1 50.30.7.44, 50.30.7.44, 192.168.70.210 
10.70.128.22 - - [30/Aug/2014:00:53:42 -0300] www.techtudo.com.br GET /tudo-sobre/dragon-age-3-inquisition.html HTTP/1.0 0.023 404 3949 - Mozilla/5.0 (compatible; pycurl) 201.7.190.39, 201.7.190.39, 192.168.70.231 
10.70.128.20 - - [30/Aug/2014:00:53:57 -0300] www.techtudo.com.br GET /dicas-e-tutoriais/noticia/2013/03/como-recuperar-a-senha-do-skype.html HTTP/1.0 2.447 200 40446 http://www.bing.com/search?q=recuperar+senha+do+skpe&form=UP97DF&pc=UP97 Mozilla/5.0 (Windows NT 6.1; rv:31.0) Gecko/20100101 Firefox/31.0 187.105.113.26, 187.105.113.26, 192.168.70.240 
10.70.128.22 - - [30/Aug/2014:00:54:37 -0300] www.techtudo.com.br GET /tudo-sobre/s/camu.html HTTP/1.0 4.103 200 40458 http://www.techtudo.com.br/softwares/ Mozilla/5.0 (Windows NT 6.1; WOW64) AppleWebKit/537.36 (KHTML, like Gecko) Chrome/36.0.1985.143 Safari/537.36 177.134.240.223, 177.134.240.223, 192.168.70.239 
10.70.128.22 - - [30/Aug/2014:00:54:42 -0300] www.techtudo.com.br GET /tudo-sobre/s/youtube-hd/alternativas/windows-phone.json HTTP/1.0 0.013 404 4775 http://www.techtudo.com.br/tudo-sobre/s/youtube-hd.html Mozilla/5.0 (Series40; Nokia305/05.92; Profile/MIDP-2.1 Configuration/CLDC-1.1) Gecko/20100401 S40OviBrowser/5.5.0.0.27 66.54.69.75, 66.54.69.75, 192.168.70.210 
10.70.128.20 - - [30/Aug/2014:00:54:56 -0300] www.techtudo.com.br GET /dicas-e-tutoriais/noticia/2014/01/d25s4dbsms5nvt.cloudfront.net/js/safw/scheme.js HTTP/1.0 0.024 404 4775 http://www.techtudo.com.br/dicas-e-tutoriais/noticia/2014/01/fifa-14-confira-dicas-para-marcar-e-se-defender-melhor-no-game.html Mozilla/5.0 (Windows NT 6.1) AppleWebKit/537.36 (KHTML, like Gecko) Chrome/35.0.1916.114 Safari/537.36 177.124.64.162, 177.124.64.162, 192.168.67.53 
10.70.128.24 - - [30/Aug/2014:00:55:14 -0300] www.techtudo.com.br GET /tudo-sobre/m/asus-padfone-2/ HTTP/1.0 0.026 404 4775 - Mozilla/5.0 (compatible; bingbot/2.0; +http://www.bing.com/bingbot.htm) 207.46.13.112, 207.46.13.112, 192.168.67.54 
10.70.128.22 - - [30/Aug/2014:00:55:44 -0300] www.techtudo.com.br GET /tudo-sobre/painkiller-recurring-evil/plantao/125.html HTTP/1.0 0.224 404 4775 - Mozilla/5.0 (compatible; bingbot/2.0; +http://www.bing.com/bingbot.htm) 207.46.13.112, 207.46.13.112, 192.168.67.37 
10.70.128.20 - - [30/Aug/2014:00:55:46 -0300] www.techtudo.com.br GET /dicas-e-tutoriais/noticia/2014/08/xbox-one-como-usar-o-skype-para-conversar-com-amigos-enquanto-joga.html HTTP/1.0 0.763 200 40420 - Mozilla/5.0 (compatible; pycurl) 201.7.190.39, 201.7.190.39, 192.168.70.232 
10.70.128.22 - - [30/Aug/2014:00:55:54 -0300] www.techtudo.com.br GET /tudo-sobre/s/overvolt-crazy-slot-cars/alternativas/windows-phone.json HTTP/1.0 0.014 404 3949 http://www.techtudo.com.br/tudo-sobre/s/overvolt-crazy-slot-cars.html Mozilla/5.0 (Mobile; Windows Phone 8.1; Android 4.0; ARM; Trident/7.0; Touch; rv:11.0; IEMobile/11.0; NOKIA; 909) like iPhone OS 7_0_3 Mac OS X AppleWebKit/537 (KHTML, like Gecko) Mobile Safari/537 179.158.184.23, 179.158.184.23, 192.168.70.232 
10.70.128.20 - - [30/Aug/2014:00:55:57 -0300] www.techtudo.com.br GET /noticias/noticia/2014/05/mulheres-que-postam-muitos-dados-no-facebook-sao-mais-solitarias-diz-estudo.html HTTP/1.0 0.404 200 21407 - Mozilla/5.0 (Linux; Android 4.2.2; GT-I9082L Build/JDQ39) AppleWebKit/537.36 (KHTML, like Gecko) Chrome/35.0.1916.141 Mobile Safari/537.36 189.82.148.249, 189.82.148.249, 192.168.70.231 
10.70.128.22 - - [30/Aug/2014:00:55:59 -0300] www.techtudo.com.br GET /tudo-sobre/moto-360.html HTTP/1.0 1.326 200 34041 http://www.techtudo.com.br/noticias/noticia/2014/08/conheca-o-lg-g-watch-r-o-relogio-inteligente-rival-do-moto-360.html Mozilla/5.0 (Android; Mobile; rv:31.0) Gecko/31.0 Firefox/31.0 179.154.168.148, 179.154.168.148, 192.168.70.239 
10.70.128.24 - - [30/Aug/2014:00:56:03 -0300] www.techtudo.com.br GET /tudo-sobre/neogeo-x-gold/plantao/2.html HTTP/1.0 0.415 404 4775 - Mozilla/5.0 (compatible; pycurl) 201.7.190.39, 201.7.190.39, 192.168.70.231 
10.70.128.24 - - [30/Aug/2014:00:56:12 -0300] www.techtudo.com.br GET /tudo-sobre/jbl/plantao/2.html HTTP/1.0 0.167 404 4775 - Mozilla/5.0 (compatible; pycurl) 201.7.190.39, 201.7.190.39, 192.168.70.239 
10.70.128.20 - - [30/Aug/2014:00:56:13 -0300] www.techtudo.com.br GET /dicas-e-tutoriais/noticia/2012/05/como-desbloquear-pop-ups-no-google-chrome.html HTTP/1.0 0.669 200 87404 https://www.google.com.br/ Mozilla/5.0 (Windows NT 6.2; WOW64) AppleWebKit/537.36 (KHTML, like Gecko) Chrome/36.0.1985.143 Safari/537.36 177.57.116.82, 177.57.116.82, 192.168.70.240 
10.70.128.22 - - [30/Aug/2014:00:56:15 -0300] www.techtudo.com.br GET /dicas-e-tutoriais/noticia/2013/05/como-cancelar-a-assinatura-do-netflix.html HTTP/1.0 0.468 200 46788 http://www.google.com/cse?cx=partner-pub-3299712146264960%3A0781655764&ie=UTF-8&q=como+cancelar+contrato+netflix&sa=Search&siteurl=www.google.com%2Fcse%2Fhome%3Fcx%3Dpartner-pub-3299712146264960%3A0781655764&ref=www.google.com%2Fuds%2Fafs%3Fq%3Dgoogle%26lo%3Dfalse%26adpage%3D1%26adrep%3D3%26r%3Dm%26fexp%3D21404%26client%3Dinfospace-syn-srchresu%26channel%3Dch9%26hl%3Des%26adtest%3Doff%26adsafe%3Doff%26type%3D0%26oe%3DUTF-8%26ie%3DUTF-8%26format%3Dp4%257Cn3%26ad%3Dn3p4%26nocache%3D9241409370782121%26num%3D0%26output%3Duds_ads_only%26v%3D3%26adlh%3Don%26adext%3Das1%252Csr1%26u_his%3D3%26u_tz%3D-300%26dt%3D1409370782125%26u_w%3D1600%26u_h%3D900%26biw%3D1583%26bih%3D775%26psw%3D1583%26psh%3D775%26frm%3D0%26uio%3Duv3cs1lo0va1sr1sl1hcas0ri1-lHff2st16sd13sv13da0-lhff2st16sd13sv13da0%26rurl%3Dhttp%253A%252F%252Fwww.mysearchresults.com%252Fsearch%253Ffi%253D%2526s%253D2%2526cat%253D%2526l%253D%2526c%253D3511%2526t%253D01%2526q%253Dgoogle%26referer%3Dhttp%25&ss=14008j8430468j30 Mozilla/5.0 (Windows NT 6.1; WOW64) AppleWebKit/537.36 (KHTML, like Gecko) Chrome/37.0.2062.102 Safari/537.36 187.204.164.239, 187.204.164.239, 192.168.70.218 
10.70.128.22 - - [30/Aug/2014:00:56:18 -0300] www.techtudo.com.br GET /dicas-e-tutoriais/noticia/2013/12/www.techtudo.com.br/review/xbox-720/review-xbox-one-une-funcoes-inovadoras-e-alto-desempenho.html HTTP/1.0 0.023 404 3949 - Mozilla/5.0 (compatible; pycurl) 201.7.190.39, 201.7.190.39, 192.168.70.241 
10.70.128.22 - - [30/Aug/2014:00:56:25 -0300] www.techtudo.com.br GET /noticias/noticia/2014/01/www.trakdotbrasil.com.br HTTP/1.0 0.030 404 4775 - Mozilla/5.0 (compatible; pycurl) 201.7.190.39, 201.7.190.39, 192.168.70.232 
10.70.128.20 - - [30/Aug/2014:00:56:28 -0300] www.techtudo.com.br GET /noticias/noticia/2014/08/undefined HTTP/1.0 0.030 404 3949 http://www.techtudo.com.br/noticias/noticia/2014/08/msn-messenger-da-adeus-definitivo-aos-ultimos-usuarios-apos-15-anos.html Mozilla/5.0 (Windows NT 6.1; rv:9.0.1) Gecko/20100101 Firefox/9.0.1 187.32.77.193, 187.32.77.193, 192.168.67.52 
10.70.128.24 - - [30/Aug/2014:00:56:36 -0300] www.techtudo.com.br GET /dicas-e-tutoriais/noticia/2014/03/como-fazer-backup-dos-seus-dados-de-perfil-no-orkut-e-salvar-fotos.html HTTP/1.0 0.771 200 24042 http://www.techtudo.com.br/dicas-e-tutoriais/noticia/2014/07/como-exportar-seus-albuns-de-fotos-do-orkut-para-o-google.html Mozilla/5.0 (iPhone; CPU iPhone OS 7_1_2 like Mac OS X) AppleWebKit/537.51.2 (KHTML, like Gecko) Version/7.0 Mobile/11D257 Safari/9537.53 182.249.242.39, 182.249.242.39, 192.168.70.210 
10.70.128.24 - - [30/Aug/2014:00:56:39 -0300] www.techtudo.com.br GET /tudo-sobre/s/plantao/1848.html HTTP/1.0 0.022 404 4775 - Mozilla/5.0 (compatible; pycurl) 201.7.190.39, 201.7.190.39, 192.168.70.232 
10.70.128.20 - - [30/Aug/2014:00:56:42 -0300] www.techtudo.com.br GET /tudo-sobre/polaroid-c3/plantao/2.html HTTP/1.0 0.233 404 4775 - Mozilla/5.0 (compatible; pycurl) 201.7.190.39, 201.7.190.39, 192.168.70.232 
10.70.128.22 - - [30/Aug/2014:00:56:57 -0300] www.techtudo.com.br GET /tudo-sobre/s/pro-evolution-soccer-2010.html HTTP/1.0 1.485 200 44045 http://www.google.com/search?client=ms-nokia&channel=proxy&q=jogos+pes+2010&revid=1554888791&sa=X&ei=0EcBVNnYOpeONpabgZgM&ved=0CAkQ1QIoAw Mozilla/5.0 (Series40; Nokia201/11.21; Profile/MIDP-2.1 Configuration/CLDC-1.1) Gecko/20100401 S40OviBrowser/2.3.0.0.49 66.54.69.106, 66.54.69.106, 192.168.70.218 
10.70.128.22 - - [30/Aug/2014:00:57:16 -0300] www.techtudo.com.br GET /noticias/noticia/2014/08/last-us-remastered-recebera-mapas-e-armas-gratis-no-ps4-e-ps3 HTTP/1.0 0.040 404 4775 - Mozilla/5.0 (Macintosh; Intel Mac OS X 10.9; rv:28.0) Gecko/20100101 Firefox/28.0 (FlipboardProxy/1.1; +http://flipboard.com/browserproxy) 54.82.149.127, 54.82.149.127, 192.168.67.36 
10.70.128.20 - - [30/Aug/2014:00:57:16 -0300] www.techtudo.com.br GET /noticias/noticia/2014/08/servico-de-transmissao-de-videos-em-4k-da-amazon-chegara-a-tvs HTTP/1.0 0.036 404 4775 - Mozilla/5.0 (Macintosh; Intel Mac OS X 10.9; rv:28.0) Gecko/20100101 Firefox/28.0 (FlipboardProxy/1.1; +http://flipboard.com/browserproxy) 54.82.149.127, 54.82.149.127, 192.168.67.37 
10.70.128.20 - - [30/Aug/2014:00:57:16 -0300] www.techtudo.com.br GET /noticias/noticia/2014/08/evil-within-tera-inimigos-invenciveis-e-diversos-quebra-cabeca HTTP/1.0 0.034 404 4775 - Mozilla/5.0 (Macintosh; Intel Mac OS X 10.9; rv:28.0) Gecko/20100101 Firefox/28.0 (FlipboardProxy/1.1; +http://flipboard.com/browserproxy) 54.82.149.127, 54.82.149.127, 192.168.67.37 
10.70.128.20 - - [30/Aug/2014:00:57:16 -0300] www.techtudo.com.br GET /noticias/noticia/2014/08/resident-evil-hd-e-novo-assassins-creed-veja-o-destaques-de-jo HTTP/1.0 0.040 404 3949 - Mozilla/5.0 (Macintosh; Intel Mac OS X 10.9; rv:28.0) Gecko/20100101 Firefox/28.0 (FlipboardProxy/1.1; +http://flipboard.com/browserproxy) 54.82.149.127, 54.82.149.127, 192.168.67.37 
10.70.128.20 - - [30/Aug/2014:00:57:16 -0300] www.techtudo.com.br GET /noticias/noticia/2014/08/alone-dark-illumination-novo-game-da-popular-serie-de-terror-e HTTP/1.0 0.045 404 4775 - Mozilla/5.0 (Macintosh; Intel Mac OS X 10.9; rv:28.0) Gecko/20100101 Firefox/28.0 (FlipboardProxy/1.1; +http://flipboard.com/browserproxy) 54.82.149.127, 54.82.149.127, 192.168.67.54 
10.70.128.20 - - [30/Aug/2014:00:57:17 -0300] www.techtudo.com.br GET /noticias/noticia/2013/09/%EF%BF%BD HTTP/1.0 0.022 404 3949 http://www.techtudo.com.br/noticias/noticia/2013/09/xbox-360-lista-de-jogos-lancados-para-o-console-em-2013-parte-1.html Mozilla/5.0 (Windows NT 6.1) AppleWebKit/537.36 (KHTML, like Gecko) Chrome/37.0.2062.94 Safari/537.36 200.161.171.33, 200.161.171.33, 192.168.67.54 
10.70.128.22 - - [30/Aug/2014:00:57:27 -0300] www.techtudo.com.br GET /tudo-sobre/s/pro-evolution-soccer-2010.html HTTP/1.0 1.033 200 44045 - Mozilla/4.0 (compatible; MSIE 6.0; Windows NT 5.1; SV1) 62.210.122.209, 62.210.122.209, 192.168.70.210 
10.70.128.20 - - [30/Aug/2014:00:57:43 -0300] www.techtudo.com.br GET /dicas-e-tutoriais/noticia/2014/03/undefined HTTP/1.0 0.029 404 3949 http://www.techtudo.com.br/dicas-e-tutoriais/noticia/2014/03/como-baixar-videos-do-youtube-sem-precisar-instalar-programas.html Mozilla/5.0 (Windows NT 6.1; rv:10.0.4) Gecko/20100101 Firefox/10.0.4 186.225.40.253, 186.225.40.253, 192.168.67.54 
10.70.128.20 - - [30/Aug/2014:00:58:00 -0300] www.techtudo.com.br GET /tudo-sobre/s/wechat/alternativas/windows-phone.json HTTP/1.0 0.012 404 4775 http://www.techtudo.com.br/tudo-sobre/s/wechat.html Mozilla/5.0 (compatible; MSIE 10.0; Windows Phone 8.0; Trident/6.0; IEMobile/10.0; ARM; Touch; NOKIA; Lumia 520) 157.55.80.246, 157.55.80.246, 192.168.67.52 
10.70.128.22 - - [30/Aug/2014:00:58:00 -0300] www.techtudo.com.br GET /noticias/noticia/2014/08/ea-access-servico-de-assinatura-ja-esta-disponivel-para-o-xbox HTTP/1.0 0.027 404 3949 - Twitterbot/1.0 199.16.156.125, 199.16.156.125, 192.168.67.36 
10.70.128.24 - - [30/Aug/2014:00:58:00 -0300] www.techtudo.com.br GET /dicas-e-tutoriais/noticia/2013/03/como-recuperar-a-senha-do-skype.html HTTP/1.0 0.703 200 40446 https://www.google.com.br/ Mozilla/5.0 (Windows NT 6.1; WOW64) AppleWebKit/537.36 (KHTML, like Gecko) Chrome/36.0.1985.143 Safari/537.36 189.60.156.125, 189.60.156.125, 192.168.70.233 
10.70.128.22 - - [30/Aug/2014:00:58:56 -0300] www.techtudo.com.br GET /dicas-e-tutoriais/noticia/2011/01/como-desinstalar-o-internet-explorer.html HTTP/1.0 0.991 200 40497 - Mozilla/5.0 (compatible; bingbot/2.0; +http://www.bing.com/bingbot.htm) 157.55.39.130, 157.55.39.130, 192.168.67.37 
10.70.128.24 - - [30/Aug/2014:00:59:16 -0300] www.techtudo.com.br GET /softwares/audio-e-video/todos.html/ HTTP/1.0 0.014 404 4775 - msnbot-UDiscovery/2.0b (+http://search.msn.com/msnbot.htm) 65.55.219.82, 65.55.219.82, 192.168.67.53 
10.70.128.22 - - [30/Aug/2014:00:59:19 -0300] www.techtudo.com.br GET /dicas-e-tutoriais/noticia/2014/03/aprenda-remover-propagandas-de-aplicativos-do-android.html HTTP/1.0 0.865 200 70404 https://www.google.com.br/ Mozilla/5.0 (Windows NT 6.1) AppleWebKit/537.36 (KHTML, like Gecko) Chrome/36.0.1985.143 Safari/537.36 187.66.137.161, 187.66.137.161, 192.168.70.210 
10.70.128.22 - - [30/Aug/2014:00:59:19 -0300] www.techtudo.com.br GET /tudo-sobre/s/firefox-os.html HTTP/1.0 0.595 200 40495 http://www.google.com.br/url?sa=t&source=web&cd=4&ved=0CCIQFjAD&url=http%3A%2F%2Fwww.techtudo.com.br%2Ftudo-sobre%2Fs%2Ffirefox-os.html&rct=j&q=celular%20com%20firefox&ei=AUwBVPGvJYKqyATp8IHoCg&usg=AFQjCNEWGAfIlTpInJGNX50AqUCE_15-Zg Mozilla/5.0 (Linux; U; Android 4.3; pt-br; GT-I9300 Build/JSS15J) AppleWebKit/534.30 (KHTML, like Gecko) Version/4.0 Mobile Safari/534.30 177.188.189.2, 177.188.189.2, 192.168.67.54 
10.70.128.20 - - [30/Aug/2014:00:59:27 -0300] www.techtudo.com.br GET /noticias/noticia/2014/08/alone-dark-illumination-serie-de-terror-ganhara-novo-jogo-para-pcs.html HTTP/1.0 0.017 404 4775 - Mozilla/5.0 (iPhone; U; CPU iPhone OS 3_0 like Mac OS X; en-us) AppleWebKit/528.18 (KHTML, like Gecko) Version/4.0 Mobile/7A341 Safari/528.16 177.4.243.104, 177.4.243.104, 192.168.67.52 
10.70.128.22 - - [30/Aug/2014:00:59:35 -0300] www.techtudo.com.br GET /dicas-e-tutoriais/noticia/2014/05/playstation-4-veja-como-configurar-o-volume-e-o-microfone-do-headset.html HTTP/1.0 0.771 200 60404 https://www.google.com.br/ Mozilla/5.0 (iPad; CPU OS 7_1_2 like Mac OS X) AppleWebKit/537.51.2 (KHTML, like Gecko) Version/7.0 Mobile/11D257 Safari/9537.53 179.158.208.224, 179.158.208.224, 192.168.70.240 
10.70.128.24 - - [30/Aug/2014:00:59:55 -0300] www.techtudo.com.br GET /softwares/utilitarios/todos.html/ HTTP/1.0 0.015 404 3949 - msnbot-UDiscovery/2.0b (+http://search.msn.com/msnbot.htm) 65.55.219.101, 65.55.219.101, 192.168.67.37 
10.70.128.22 - - [30/Aug/2014:00:59:58 -0300] www.techtudo.com.br GET /noticias/noticia/2014/02/o-que-e-internetorg-saiba-mais-sobre-empreitada-de-mark-%20%20zuckerberg.html HTTP/1.0 0.024 404 4775 - Mozilla/5.0 (compatible; bingbot/2.0; +http://www.bing.com/bingbot.htm) 207.46.13.112, 207.46.13.112, 192.168.67.38 
10.70.128.22 - - [30/Aug/2014:01:00:02 -0300] www.techtudo.com.br GET /noticia/2013/10/gta-5-como-encontrar-as-50-cartas-e-resolver-o-misterio-de-leonora-johnson.html HTTP/1.0 0.021 404 3949 - Mozilla/4.0 (compatible; MSIE 6.0; Windows NT 5.0;) 176.31.255.87, 176.31.255.87, 192.168.67.54 
10.70.128.24 - - [30/Aug/2014:01:00:04 -0300] www.techtudo.com.br GET /noticia/2013/10/gta-5-como-encontrar-as-50-cartas-e-resolver-o-misterio-de-leonora-johnson.html HTTP/1.0 0.031 404 3949 - Mozilla/4.0 (compatible; MSIE 6.0; Windows NT 5.0;) 176.31.255.88, 176.31.255.88, 192.168.67.53 
10.70.128.22 - - [30/Aug/2014:01:00:14 -0300] www.techtudo.com.br GET /dicas-e-tutoriais/noticia/2014/08/xbox-one-como-usar-o-skype-para-conversar-com-amigos-enquanto-joga.html HTTP/1.0 0.847 200 40420 http://www.google.com.br/url?sa=t&rct=j&q=skype&source=web&cd=10&ved=0CEsQqQIwCQ&url=http%3A%2F%2Fwww.techtudo.com.br%2Fdicas-e-tutoriais%2Fnoticia%2F2014%2F08%2Fxbox-one-como-usar-o-skype-para-conversar-com-amigos-enquanto-joga.html&ei=NkwBVIzrNK3esAT4loH4Cw&usg=AFQjCNHk3F72mSYf2Xs8kIbDaMrEgtHL1g&bvm=bv.74115972,d.cWc Mozilla/5.0 (iPad; U; CPU OS 4_3_4 like Mac OS X; pt-br) AppleWebKit/533.17.9 (KHTML, like Gecko) Version/5.0.2 Mobile/8K2 Safari/6533.18.5 186.198.1.241, 186.198.1.241, 192.168.67.36 
10.70.128.22 - - [30/Aug/2014:01:00:40 -0300] www.techtudo.com.br GET /tudo-sobre/s/facebook.html HTTP/1.0 1.404 200 58596 https://www.google.com.br/ Mozilla/5.0 (Linux; Android 4.2.2; C2304 Build/16.0.B.1.14) AppleWebKit/537.36 (KHTML, like Gecko) Chrome/28.0.1500.94 Mobile Safari/537.36 177.47.193.228, 177.47.193.228, 192.168.70.232 
10.70.128.24 - - [30/Aug/2014:01:00:48 -0300] www.techtudo.com.br GET /noticias/noticia/2014/08/alone-dark-illumination-serie-de-terror-ganhara-novo-jogo-para-pcs.html HTTP/1.0 0.016 404 4775 - - 50.62.176.83, 50.62.176.83, 192.168.70.210 
10.70.128.20 - - [30/Aug/2014:01:01:41 -0300] www.techtudo.com.br GET /tudo-sobre/s/youtube-hd/alternativas/windows-phone.json HTTP/1.0 0.016 404 4775 http://www.techtudo.com.br/tudo-sobre/s/youtube-hd.html Mozilla/5.0 (compatible; MSIE 10.0; Windows NT 6.2; WOW64; Trident/6.0; LCJB) 177.18.204.4, 177.18.204.4, 192.168.67.53 
10.70.128.20 - - [30/Aug/2014:01:01:56 -0300] www.techtudo.com.br GET /artigos/noticia/2012/07/como-baixar-musicas-legalmente-pela-web-sem-gasta HTTP/1.0 0.037 404 3949 - ADmantX Platform Semantic Analyzer - ADmantX Inc. - www.admantx.com - support@admantx.com 217.118.19.184, 217.118.19.184, 192.168.70.218 
10.70.128.24 - - [30/Aug/2014:01:02:22 -0300] www.techtudo.com.br GET /tudo-sobre/s/tudo.rss.html HTTP/1.0 0.018 404 4775 - msnbot-UDiscovery/2.0b (+http://search.msn.com/msnbot.htm) 65.55.219.87, 65.55.219.87, 192.168.67.54 
10.70.128.22 - - [30/Aug/2014:01:02:29 -0300] www.techtudo.com.br GET /tudo-sobre/dragon-age-3-inquisition.html HTTP/1.0 0.022 404 3949 - Mozilla/5.0 (compatible; pycurl) 201.7.183.136, 201.7.183.136, 192.168.70.239 
10.70.128.24 - - [30/Aug/2014:01:02:43 -0300] www.techtudo.com.br GET /tudo-sobre/neogeo-x-gold/plantao/2.html HTTP/1.0 0.208 404 3949 - Mozilla/5.0 (compatible; pycurl) 201.7.183.136, 201.7.183.136, 192.168.70.239 
10.70.128.22 - - [30/Aug/2014:01:02:55 -0300] www.techtudo.com.br GET /softwares/audio-e-video/todos.html/ HTTP/1.0 0.019 404 3949 - msnbot-UDiscovery/2.0b (+http://search.msn.com/msnbot.htm) 65.52.110.184, 65.52.110.184, 192.168.67.52 
10.70.128.22 - - [30/Aug/2014:01:02:57 -0300] www.techtudo.com.br GET /tudo-sobre/jbl/plantao/2.html HTTP/1.0 0.647 404 4775 - Mozilla/5.0 (compatible; pycurl) 201.7.183.136, 201.7.183.136, 192.168.70.241 
10.70.128.24 - - [30/Aug/2014:01:03:14 -0300] www.techtudo.com.br GET /tudo-sobre/moto-360.html HTTP/1.0 1.499 200 34041 http://www.techtudo.com.br/noticias/noticia/2014/08/conheca-o-lg-g-watch-r-o-relogio-inteligente-rival-do-moto-360.html Mozilla/5.0 (iPhone; CPU iPhone OS 7_1_2 like Mac OS X) AppleWebKit/537.51.2 (KHTML, like Gecko) Version/7.0 Mobile/11D257 Safari/9537.53 177.98.232.24, 177.98.232.24, 192.168.70.231 
10.70.128.22 - - [30/Aug/2014:01:03:27 -0300] www.techtudo.com.br GET /tudo-sobre/s/tudo.rss.html HTTP/1.0 0.013 404 4775 - CFNetwork/129.24 189.17.2.178, 189.17.2.178, 192.168.70.241 
10.70.128.20 - - [30/Aug/2014:01:03:47 -0300] www.techtudo.com.br GET /dicas-e-tutoriais/noticia/2012/05/como-desbloquear-pop-ups-no-google-chrome.html HTTP/1.0 1.012 200 87404 - facebookexternalhit/1.1 (+http://www.facebook.com/externalhit_uatext.php) 173.252.112.113, 173.252.112.113, 192.168.70.218 
10.70.128.20 - - [30/Aug/2014:01:03:54 -0300] www.techtudo.com.br GET /noticias/noticia/2013/09/%EF%BF%BD HTTP/1.0 0.032 404 3949 http://www.techtudo.com.br/noticias/noticia/2013/09/xbox-360-lista-de-jogos-lancados-para-o-console-em-2013-parte-1.html Mozilla/5.0 (Windows NT 6.1) AppleWebKit/537.36 (KHTML, like Gecko) Chrome/37.0.2062.94 Safari/537.36 200.161.171.33, 200.161.171.33, 192.168.67.36 
10.70.128.20 - - [30/Aug/2014:01:03:57 -0300] www.techtudo.com.br GET /noticias/noticia/2012/03/novo-carro-da-volvo-e-o-primeiro-ter-airbags-para-pedestres.html HTTP/1.0 0.655 200 33404 - Mozilla/5.0 (compatible; Googlebot/2.1; +http://www.google.com/bot.html) 66.249.64.75, 66.249.64.75, 192.168.70.210 
10.70.128.24 - - [30/Aug/2014:01:04:32 -0300] www.techtudo.com.br GET /dicas-e-tutoriais/noticia/2013/12/www.techtudo.com.br/review/xbox-720/review-xbox-one-une-funcoes-inovadoras-e-alto-desempenho.html HTTP/1.0 0.024 404 3949 - Mozilla/5.0 (compatible; pycurl) 201.7.190.39, 201.7.190.39, 192.168.70.233 
10.70.128.22 - - [30/Aug/2014:01:04:35 -0300] www.techtudo.com.br GET /noticias/noticia/2014/01/www.trakdotbrasil.com.br HTTP/1.0 0.021 404 4775 - Mozilla/5.0 (compatible; pycurl) 201.7.190.39, 201.7.190.39, 192.168.70.233 
10.70.128.20 - - [30/Aug/2014:01:04:38 -0300] www.techtudo.com.br GET /dicas-e-tutoriais/noticia/2013/06/ddtank-como-jogar-com-angulo-full-e-gan HTTP/1.0 0.036 404 4775 - ADmantX Platform Semantic Analyzer - ADmantX Inc. - www.admantx.com - support@admantx.com 217.118.23.86, 217.118.23.86, 192.168.70.210 
10.70.128.20 - - [30/Aug/2014:01:04:44 -0300] www.techtudo.com.br GET /tudo-sobre/s/plantao/1848.html HTTP/1.0 0.017 404 4775 - Mozilla/5.0 (compatible; pycurl) 201.7.183.136, 201.7.183.136, 192.168.70.241 
10.70.128.20 - - [30/Aug/2014:01:04:47 -0300] www.techtudo.com.br GET /dicas-e-tutoriais/noticia/2013/07/d25s4dbsms5nvt.cloudfront.net/js/safw/scheme.js HTTP/1.0 0.018 404 4775 http://www.techtudo.com.br/dicas-e-tutoriais/noticia/2013/07/como-saber-se-conta-facebook-foi-infectada-pelo-virus-clickjacking.html Mozilla/5.0 (Windows NT 6.1) AppleWebKit/537.36 (KHTML, like Gecko) Chrome/36.0.1985.143 Safari/537.36 177.98.129.157, 177.98.129.157, 192.168.70.239 
10.70.128.22 - - [30/Aug/2014:01:04:47 -0300] www.techtudo.com.br GET /tudo-sobre/polaroid-c3/plantao/2.html HTTP/1.0 0.205 404 4775 - Mozilla/5.0 (compatible; pycurl) 201.7.190.39, 201.7.190.39, 192.168.70.232 
10.70.128.24 - - [30/Aug/2014:01:04:54 -0300] www.techtudo.com.br GET /noticias/noticia/2013/09/%EF%BF%BD%EF%BF%BD;%02 HTTP/1.0 0.021 404 4775 http://www.techtudo.com.br/noticias/noticia/2013/09/sony-xperia-z1-novo-top-android-prova-dagua-vem-com-super-camera.html Mozilla/5.0 (Windows NT 6.3; WOW64) AppleWebKit/537.36 (KHTML, like Gecko) Chrome/36.0.1985.143 Safari/537.36 186.244.28.190, 186.244.28.190, 192.168.70.232 
10.70.128.24 - - [30/Aug/2014:01:04:57 -0300] www.techtudo.com.br GET /tudo-sobre/s/whatsapp-messenger/alternativas/outros-celulares.json HTTP/1.0 0.016 404 4775 http://www.techtudo.com.br/tudo-sobre/s/whatsapp-messenger.html Mozilla/5.0 (Windows NT 6.1) AppleWebKit/537.36 (KHTML, like Gecko) Chrome/36.0.1985.143 Safari/537.36 83.132.56.94, 83.132.56.94, 192.168.70.210 
10.70.128.20 - - [30/Aug/2014:01:04:57 -0300] www.techtudo.com.br GET /noticias/noticia/2014/08/custom%20attribution HTTP/1.0 0.019 404 4775 http://www.techtudo.com.br/noticias/noticia/2014/08/msn-messenger-da-adeus-definitivo-aos-ultimos-usuarios-apos-15-anos.html Mozilla/5.0 (Macintosh; Intel Mac OS X 10_8_5) AppleWebKit/537.36 (KHTML, like Gecko) Chrome/36.0.1985.125 Safari/537.36 191.180.105.2, 191.180.105.2, 192.168.67.52 
10.70.128.24 - - [30/Aug/2014:01:05:07 -0300] www.techtudo.com.br GET /softwares/programas-para-internet/todos.html/ HTTP/1.0 0.013 404 4775 - msnbot-UDiscovery/2.0b (+http://search.msn.com/msnbot.htm) 65.55.219.101, 65.55.219.101, 192.168.67.54 
10.70.128.24 - - [30/Aug/2014:01:05:15 -0300] www.techtudo.com.br GET /tudo-sobre/s/camu.html HTTP/1.0 1.061 200 40457 - Mozilla/4.0 (compatible; MSIE 5.5; Windows NT 5.0) 201.54.185.20, 201.54.185.20, 192.168.67.52 
10.70.128.20 - - [30/Aug/2014:01:05:19 -0300] www.techtudo.com.br GET /tudo-sobre/s/whatsapp-messenger/alternativas/outros-celulares.json HTTP/1.0 0.015 404 4775 http://www.techtudo.com.br/tudo-sobre/s/whatsapp-messenger.html Mozilla/5.0 (Windows NT 6.1) AppleWebKit/537.36 (KHTML, like Gecko) Chrome/36.0.1985.143 Safari/537.36 83.132.56.94, 83.132.56.94, 192.168.70.218 
10.70.128.24 - - [30/Aug/2014:01:05:20 -0300] www.techtudo.com.br GET /dicas-e-tutoriais/noticia/2011/04/undefined HTTP/1.0 0.026 404 4775 http://www.techtudo.com.br/dicas-e-tutoriais/noticia/2011/04/como-instalar-o-google-chrome-em-sistemas-linux.html Mozilla/5.0 (X11; U; Linux i686; en-US; rv:1.9.2.18) Gecko/20110621 Mandriva Linux/1.9.2.18-0.1mdv2010.2 (2010.2) Firefox/3.6.18 177.206.110.56, 177.206.110.56, 192.168.67.38 
10.70.128.20 - - [30/Aug/2014:01:05:58 -0300] www.techtudo.com.br GET /noticias/noticia/2014/08/msn-messenge HTTP/1.0 0.035 404 3949 - Mozilla/5.0 (compatible; proximic; +http://www.proximic.com/info/spider.php) 54.84.214.34, 54.84.214.34, 192.168.67.36 
10.70.128.22 - - [30/Aug/2014:01:06:20 -0300] www.techtudo.com.br GET /noticias/noticia/2013/09/com-cara-do-ios-7-conheca-dez-apps-atualizados-para-o-sistema.html HTTP/1.0 0.706 200 27404 - Mozilla/5.0 (iPhone; CPU iPhone OS 6_0 like Mac OS X) AppleWebKit/536.26 (KHTML, like Gecko) Version/6.0 Mobile/10A5376e Safari/8536.25 (compatible; Googlebot/2.1; +http://www.google.com/bot.html) 66.249.64.70, 66.249.64.70, 192.168.70.210 
10.70.128.24 - - [30/Aug/2014:01:06:21 -0300] www.techtudo.com.br GET /tudo-sobre/moto-360.html HTTP/1.0 2.211 200 34041 https://www.google.com.br/ Mozilla/5.0 (Linux; Android 4.4.4; XT1058 Build/KXA21.12-L1.26) AppleWebKit/537.36 (KHTML, like Gecko) Chrome/36.0.1985.135 Mobile Safari/537.36 189.10.72.220, 189.10.72.220, 192.168.67.38 
10.70.128.20 - - [30/Aug/2014:01:06:31 -0300] www.techtudo.com.br GET /dicas-e-tutoriais/noticia/2013/05/custom%20attribution HTTP/1.0 0.018 404 4775 http://www.techtudo.com.br/dicas-e-tutoriais/noticia/2013/05/descubra-como-voltar-usar-o-msn-com-o-messenger-reviver-2.html Mozilla/5.0 (Macintosh; Intel Mac OS X 10_8_5) AppleWebKit/537.36 (KHTML, like Gecko) Chrome/36.0.1985.125 Safari/537.36 191.180.105.2, 191.180.105.2, 192.168.67.54 
10.70.128.20 - - [30/Aug/2014:01:06:39 -0300] www.techtudo.com.br GET /jogos/noticia/2013/01/www.slashgear.com/playstation-4-release-tipped-by-sony-event-invite-01262742/ HTTP/1.0 0.014 404 4775 - Mozilla/5.0 (compatible; Googlebot/2.1; +http://www.google.com/bot.html) 66.249.64.75, 66.249.64.75, 192.168.70.210 
10.70.128.22 - - [30/Aug/2014:01:06:42 -0300] www.techtudo.com.br GET /softwares/programas-para-internet/todos.html/ HTTP/1.0 0.018 404 3949 - msnbot-UDiscovery/2.0b (+http://search.msn.com/msnbot.htm) 65.52.110.183, 65.52.110.183, 192.168.67.36 
10.70.128.24 - - [30/Aug/2014:01:06:49 -0300] www.techtudo.com.br GET /dicas-e-tutoriais/noticia/2014/01/Passo%205.%20Caso%20queira%20desativar%20o%20modo%20invis%C3%ADvel,%20abra%20novamente%20o%20Hide%20Status%20for%20WhatsApp%20e%20toque%20na%20op%C3%A7%C3%A3o%20em%20vermelho,%20%C3%A0%20direita,%20onde%20est%C3%A1%20escrito%20%E2%80%9CToque%20no%20bot%C3%A3o%20para%20desativar%20o%20modo%20oculto%E2%80%9D. HTTP/1.0 0.113 404 4775 http://www.techtudo.com.br/dicas-e-tutoriais/noticia/2014/01/veja-como-ficar-invisivel-no-whatsapp-e-esconder-o-status-de-online.html Mozilla/5.0 (Linux; Android 4.2.2; SM-G3812B Build/JDQ39) AppleWebKit/537.36 (KHTML, like Gecko) Chrome/31.0.1650.59 Mobile Safari/537.36 179.232.114.239, 179.232.114.239, 192.168.70.231 
10.70.128.22 - - [30/Aug/2014:01:06:49 -0300] www.techtudo.com.br GET /noticias/noticia/2014/08/undefined HTTP/1.0 0.031 404 4775 http://www.techtudo.com.br/noticias/noticia/2014/08/exclusivo-zenfone-5-primeiro-smart-asus-no-brasil-e-flagrado-em-sp.html Mozilla/5.0 (Windows NT 6.1; WOW64) AppleWebKit/537.36 (KHTML, like Gecko) Chrome/36.0.1985.143 Safari/537.36 177.37.131.19, 177.37.131.19, 192.168.67.36 
10.70.128.24 - - [30/Aug/2014:01:07:02 -0300] www.techtudo.com.br GET /dicas-e-tutoriais/noticia/2014/01/Passo%205.%20Caso%20queira%20desativar%20o%20modo%20invis%C3%ADvel,%20abra%20novamente%20o%20Hide%20Status%20for%20WhatsApp%20e%20toque%20na%20op%C3%A7%C3%A3o%20em%20vermelho,%20%C3%A0%20direita,%20onde%20est%C3%A1%20escrito%20%E2%80%9CToque%20no%20bot%C3%A3o%20para%20desativar%20o%20modo%20oculto%E2%80%9D. HTTP/1.0 0.024 404 4775 - Mozilla/5.0 (Linux; Android 4.2.2; SM-G3812B Build/JDQ39) AppleWebKit/537.36 (KHTML, like Gecko) Chrome/31.0.1650.59 Mobile Safari/537.36 179.232.114.239, 179.232.114.239, 192.168.70.241 
10.70.128.22 - - [30/Aug/2014:01:07:23 -0300] www.techtudo.com.br GET /dicas-e-tutoriais/noticia/2012/08/como-criar-filtros-no-outlookcom.html HTTP/1.0 0.533 200 40457 - Mozilla/5.0 (compatible; Googlebot/2.1; +http://www.google.com/bot.html) 177.92.138.19, 177.92.138.19, 192.168.67.37 
10.70.128.20 - - [30/Aug/2014:01:07:32 -0300] www.techtudo.com.br GET /tudo-sobre/s/camu.html HTTP/1.0 1.033 200 40458 - Mozilla/5.0 (compatible; bingbot/2.0; +http://www.bing.com/bingbot.htm) 157.55.39.130, 157.55.39.130, 192.168.67.37 
10.70.128.20 - - [30/Aug/2014:01:07:45 -0300] www.techtudo.com.br POST /dicas-e-tutoriais/noticia/2014/02/baidu-antivirus-pc-faster-spark-browser-saiba-desinstalar-do-seu-pc.html/trackback/ HTTP/1.0 0.015 404 4775 http://www.techtudo.com.br/dicas-e-tutoriais/noticia/2014/02/baidu-antivirus-pc-faster-spark-browser-saiba-desinstalar-do-seu-pc.html Mozilla/4.0 (compatible; MSIE 6.0; Windows NT 5.1; SV1) 162.244.13.24, 192.168.70.210 
10.70.128.24 - - [30/Aug/2014:01:09:51 -0300] www.techtudo.com.br GET /noticias/noticia/2014/08/apps-para-ios-linkedin-pact-e-digify-e-outros-de HTTP/1.0 0.039 404 4775 - Mozilla/5.0 (compatible; proximic; +http://www.proximic.com/info/spider.php) 54.165.18.214, 54.165.18.214, 192.168.67.37 
10.70.128.20 - - [30/Aug/2014:01:09:52 -0300] www.techtudo.com.br GET /noticias/noticia/2014/08/apps-para-ios-linkedin-pact-e-digify-e-outros-de HTTP/1.0 0.032 404 3949 - ADmantX Platform Semantic Analyzer - ADmantX Inc. - www.admantx.com - support@admantx.com 217.118.19.182, 217.118.19.182, 192.168.70.218 
10.70.128.20 - - [30/Aug/2014:01:09:58 -0300] www.techtudo.com.br GET /tudo-sobre/s/jumpcam-record-videos-together.html HTTP/1.0 1.235 200 40414 - Mozilla/5.0 (Linux; Android 4.4.2; LG-D805 Build/KOT49I) AppleWebKit/537.36 (KHTML, like Gecko) Chrome/36.0.1985.131 Mobile Safari/537.36 186.208.67.98, 186.208.67.98, 192.168.70.233 
10.70.128.22 - - [30/Aug/2014:01:10:14 -0300] www.techtudo.com.br GET /tudo-sobre/s/moovit/alternativas/windows-phone.json HTTP/1.0 0.015 404 4775 http://www.techtudo.com.br/tudo-sobre/s/moovit.html Mozilla/5.0 (Windows NT 6.1; WOW64) AppleWebKit/537.36 (KHTML, like Gecko) Chrome/37.0.2062.94 Safari/537.36 177.59.48.204, 177.59.48.204, 192.168.70.240 
10.70.128.20 - - [30/Aug/2014:01:10:19 -0300] www.techtudo.com.br GET /dicas-e-tutoriais/noticia/2013/09/the-last-of-us-como-jogar%20o-novo-modo-interrogation.html HTTP/1.0 0.024 404 4775 http://www.techtudo.com.br/dicas-e-tutoriais/noticia/2014/03/last-us-veja-o-guia-completo-para-sobreviver-e-evoluir-no-game.html Mozilla/5.0 (Linux; Android 4.4.2; GT-I9500 Build/KOT49H) AppleWebKit/537.36 (KHTML, like Gecko) Chrome/36.0.1985.135 Mobile Safari/537.36 66.249.83.74, 66.249.83.74, 192.168.70.210 
10.70.128.20 - - [30/Aug/2014:01:10:35 -0300] www.techtudo.com.br GET /dicas-e-tutoriais/noticia/2013/09/the-last-of-us-como-jogar%20o-novo-modo-interrogation.html HTTP/1.0 0.023 404 4775 http://www.techtudo.com.br/dicas-e-tutoriais/noticia/2014/03/last-us-veja-o-guia-completo-para-sobreviver-e-evoluir-no-game.html Mozilla/5.0 (Linux; Android 4.4.2; GT-I9500 Build/KOT49H) AppleWebKit/537.36 (KHTML, like Gecko) Chrome/36.0.1985.135 Mobile Safari/537.36 66.249.83.74, 66.249.83.74, 192.168.70.218 
10.70.128.22 - - [30/Aug/2014:01:11:03 -0300] www.techtudo.com.br GET /softwares/seguranca/todos.html/ HTTP/1.0 0.012 404 4775 - msnbot-UDiscovery/2.0b (+http://search.msn.com/msnbot.htm) 65.55.219.82, 65.55.219.82, 192.168.67.52 
10.70.128.24 - - [30/Aug/2014:01:11:10 -0300] www.techtudo.com.br GET /tudo-sobre/s/jogos-e-diversao.rss.html HTTP/1.0 0.018 404 3949 - TwitterFeed 3 128.242.249.14, 128.242.249.14, 192.168.70.210 
10.70.128.24 - - [30/Aug/2014:01:11:26 -0300] www.techtudo.com.br GET /tudo-sobre/s/plantao/1848.html HTTP/1.0 0.019 404 4775 - Mozilla/5.0 (compatible; pycurl) 201.7.190.39, 201.7.190.39, 192.168.70.240 
10.70.128.22 - - [30/Aug/2014:01:11:30 -0300] www.techtudo.com.br GET /tudo-sobre/s/whatsapp-messenger/alternativas/windows-phone.json HTTP/1.0 0.017 404 4775 http://www.techtudo.com.br/tudo-sobre/s/whatsapp-messenger.html Mozilla/5.0 (Windows NT 6.1) AppleWebKit/537.36 (KHTML, like Gecko) Chrome/36.0.1985.143 Safari/537.36 177.38.40.242, 177.38.40.242, 192.168.67.54 
10.70.128.22 - - [30/Aug/2014:01:11:31 -0300] www.techtudo.com.br GET /tudo-sobre/polaroid-c3/plantao/2.html HTTP/1.0 0.206 404 4775 - Mozilla/5.0 (compatible; pycurl) 201.7.190.39, 201.7.190.39, 192.168.70.240 
10.70.128.24 - - [30/Aug/2014:01:11:31 -0300] www.techtudo.com.br GET /noticias/noticia/2011/11/undefined HTTP/1.0 0.031 404 4775 http://www.techtudo.com.br/noticias/noticia/2011/11/pirataria-no-pc-existem-100-jogadores-piratas-para-cada-3-de-jogos-originais.html Mozilla/5.0 (Windows NT 6.1; rv:12.0) Gecko/20100101 Firefox/12.0 187.126.187.78, 187.126.187.78, 192.168.70.232 
10.70.128.24 - - [30/Aug/2014:01:11:46 -0300] www.techtudo.com.br GET /dicas-e-tutoriais/noticia/2013/12/quais-sao-principais-marcas-de-notebooks-no-brasil.html HTTP/1.0 2.061 200 294042 http://www.google.com.br/url?sa=t&rct=j&q=&esrc=s&source=web&cd=1&ved=0CDkQFjAA&url=http%3A%2F%2Fwww.techtudo.com.br%2Fdicas-e-tutoriais%2Fnoticia%2F2013%2F12%2Fquais-sao-principais-marcas-de-notebooks-no-brasil.html&ei=h0wBVIWDOZCmggSYk4HYAQ&usg=AFQjCNFQv7TrT0uYkky6AfFdVPmGLSDzpQ&sig2=f26wfHFEiupxw6AIcgMJDA Mozilla/5.0 (Windows NT 6.3; WOW64; rv:30.0) Gecko/20100101 Firefox/30.0 179.101.50.68, 179.101.50.68, 192.168.67.53 
10.70.128.20 - - [30/Aug/2014:01:11:58 -0300] www.techtudo.com.br POST /noticias/noticia/2013/01/como-bloquear-mensagens-de-chat-do-facebook-para-determinados-amigos.html/trackback/ HTTP/1.0 0.022 404 4775 http://www.techtudo.com.br/noticias/noticia/2013/01/como-bloquear-mensagens-de-chat-do-facebook-para-determinados-amigos.html Mozilla/4.0 (compatible; MSIE 6.0; Windows NT 5.1; SV1; Mozilla/4.0 (compatible; MSIE 6.0; Windows NT 5.1; SV1) ) 199.15.233.178, 192.168.67.37 
10.70.128.22 - - [30/Aug/2014:01:12:05 -0300] www.techtudo.com.br GET /dicas-e-tutoriais/noticia/2011/06/como-alterar-o-e-mail-de-login-do-facebook.html HTTP/1.0 0.645 200 40458 https://www.google.com.br/ Mozilla/5.0 (Windows NT 6.1; WOW64) AppleWebKit/537.36 (KHTML, like Gecko) Chrome/36.0.1985.143 Safari/537.36 187.1.10.190, 187.1.10.190, 192.168.67.52 
10.70.128.22 - - [30/Aug/2014:01:12:17 -0300] www.techtudo.com.br GET /dicas-e-tutoriais/noticia/2014/07/como-entrar-direto-no-facebook-sem-precisar-digitar-senha.branqu%20elode%20lorhtml HTTP/1.0 0.022 404 4775 - Mozilla/5.0 (Linux; U; Android 4.2.2; pt-br; CCE-SC452TV Build/JDQ39) AppleWebKit/534.30 (KHTML, like Gecko) Version/4.0 Mobile Safari/534.30 191.220.70.94, 191.220.70.94, 192.168.67.36 
10.70.128.20 - - [30/Aug/2014:01:12:21 -0300] www.techtudo.com.br GET /dicas-e-tutoriais/noticia/2011/01/como-desinstalar-o-internet-explorer.html HTTP/1.0 2.082 200 40497 - Mozilla/5.0 (compatible; Googlebot/2.1; +http://www.google.com/bot.html) 66.249.64.70, 66.249.64.70, 192.168.70.210 
10.70.128.22 - - [30/Aug/2014:01:12:24 -0300] www.techtudo.com.br GET /noticias/noticia/2014/08/%EF%BF%BD%EF%BF%BDP%02 HTTP/1.0 0.022 404 3949 http://www.techtudo.com.br/noticias/noticia/2014/08/league-of-legends-kabum-leva-o-brasil-pela-primeira-vez-ao-mundial.html?utm_source=twitter&utm_medium=social&utm_campaign=editorial Mozilla/5.0 (Windows NT 6.1; WOW64) AppleWebKit/537.36 (KHTML, like Gecko) Chrome/36.0.1985.143 Safari/537.36 189.18.128.50, 189.18.128.50, 192.168.67.53 
10.70.128.24 - - [30/Aug/2014:01:12:57 -0300] www.techtudo.com.br GET /noticias/noticia/2011/08/caiu-no-youtube-shinji-saito-campeao-mundial-de-ioio-de-2011.html HTTP/1.0 2.404 200 88495 - Mozilla/5.0 (compatible; bingbot/2.0; +http://www.bing.com/bingbot.htm) 207.46.13.112, 207.46.13.112, 192.168.67.37 
10.70.128.20 - - [30/Aug/2014:01:13:16 -0300] www.techtudo.com.br GET /dicas-e-tutoriais/noticia/2013/03/como-recuperar-a-senha-do-skype.html HTTP/1.0 0.778 200 40446 - Mozilla/5.0 (compatible; Googlebot/2.1; +http://www.google.com/bot.html) 66.249.64.70, 66.249.64.70, 192.168.70.210 
10.70.128.20 - - [30/Aug/2014:01:13:27 -0300] www.techtudo.com.br GET /dicas-e-tutoriais/noticia/2012/05/como-desbloquear-pop-ups-no-google-chrome.html HTTP/1.0 0.566 200 87404 - Mozilla/5.0 (compatible; Googlebot/2.1; +http://www.google.com/bot.html) 66.249.64.75, 66.249.64.75, 192.168.70.218 
10.70.128.20 - - [30/Aug/2014:01:13:27 -0300] www.techtudo.com.br GET /dicas-e-tutoriais/noticia/2012/05/como-desbloquear-pop-ups-no-google-chrome.html HTTP/1.0 0.609 200 87404 - Mozilla/5.0 (compatible; Googlebot/2.1; +http://www.google.com/bot.html) 66.249.64.75, 66.249.64.75, 192.168.70.210 
10.70.128.24 - - [30/Aug/2014:01:14:01 -0300] www.techtudo.com.br GET /tudo-sobre/s/freeraser.html HTTP/1.0 0.862 200 32404 - Mozilla/5.0 (compatible; Googlebot/2.1; +http://www.google.com/bot.html) 66.249.64.70, 66.249.64.70, 192.168.70.210 
10.70.128.20 - - [30/Aug/2014:01:14:43 -0300] www.techtudo.com.br GET /dicas-e-tutoriais/noticia/2011/05/como-converter-videos-para-o-ipod-pelo-itunes.html HTTP/1.0 0.723 200 19404 - Mozilla/5.0 (iPhone; CPU iPhone OS 6_0 like Mac OS X) AppleWebKit/536.26 (KHTML, like Gecko) Version/6.0 Mobile/10A5376e Safari/8536.25 (compatible; Googlebot/2.1; +http://www.google.com/bot.html) 66.249.64.75, 66.249.64.75, 192.168.70.210 
10.70.128.20 - - [30/Aug/2014:01:14:45 -0300] www.techtudo.com.br GET /softwares/seguranca/todos.html/ HTTP/1.0 0.015 404 4775 - msnbot-UDiscovery/2.0b (+http://search.msn.com/msnbot.htm) 65.52.110.183, 65.52.110.183, 192.168.67.53 
10.70.128.24 - - [30/Aug/2014:01:15:06 -0300] www.techtudo.com.br POST /dicas-e-tutoriais/noticia/2014/02/baidu-antivirus-pc-faster-spark-browser-saiba-desinstalar-do-seu-pc.html/trackback/ HTTP/1.0 0.017 404 4775 http://www.techtudo.com.br/dicas-e-tutoriais/noticia/2014/02/baidu-antivirus-pc-faster-spark-browser-saiba-desinstalar-do-seu-pc.html Mozilla/4.0 (compatible; MSIE 6.0; Windows NT 5.1; SV1; Mozilla/4.0 (compatible; MSIE 6.0; Windows NT 5.1; SV1) ; .NET CLR 1.0.3705) 162.244.13.10, 192.168.70.218 
10.70.128.24 - - [30/Aug/2014:01:15:08 -0300] www.techtudo.com.br GET /tudo-sobre/s/youtube-hd/alternativas/windows-phone.json HTTP/1.0 0.024 404 4775 http://www.techtudo.com.br/tudo-sobre/s/youtube-hd.html Mozilla/5.0 (Windows NT 6.1; WOW64; Trident/7.0; rv:11.0) like Gecko 189.22.78.34, 189.22.78.34, 192.168.70.233 
10.70.128.20 - - [30/Aug/2014:01:15:16 -0300] www.techtudo.com.br POST /dicas-e-tutoriais/noticia/2014/02/baidu-antivirus-pc-faster-spark-browser-saiba-desinstalar-do-seu-pc.html/trackback/ HTTP/1.0 2.962 404 4775 http://www.techtudo.com.br/dicas-e-tutoriais/noticia/2014/02/baidu-antivirus-pc-faster-spark-browser-saiba-desinstalar-do-seu-pc.html Mozilla/4.0 (compatible; MSIE 6.0; Windows NT 5.1; SV1; Mozilla/4.0 (compatible; MSIE 6.0; Windows NT 5.1; SV1) ) 162.244.13.10, 192.168.70.218 
10.70.128.20 - - [30/Aug/2014:01:15:18 -0300] www.techtudo.com.br GET /noticias/noticia/2014/08/kuddle-o-instagram-para-criancas-chega-ao-brasil-todo-em-portugues.htm HTTP/1.0 0.021 404 4775 - - 213.171.238.3, 213.171.238.3, 192.168.67.54 
10.70.128.20 - - [30/Aug/2014:01:15:25 -0300] www.techtudo.com.br GET /noticias/noticia/2014/02/mwc2014-testamos-o-ubuntu-os-sistema-ainda-tem-muitas-falhas-perto-do-lancamento.html HTTP/1.0 0.906 200 113951 http://www.techtudo.com.br/noticias/noticia/2014/04/ubuntu-1404-e-lancado-com-melhorias-no-visual-e-aplicativos-atualizados.html Mozilla/5.0 (X11; Ubuntu; Linux x86_64; rv:28.0) Gecko/20100101 Firefox/28.0 179.254.25.144, 179.254.25.144, 192.168.67.53 
10.70.128.20 - - [30/Aug/2014:01:15:40 -0300] www.techtudo.com.br GET /tudo-sobre/hp-folio-13/plantao/7.html HTTP/1.0 0.188 404 4775 - Mozilla/5.0 (compatible; Googlebot/2.1; +http://www.google.com/bot.html) 66.249.64.75, 66.249.64.75, 192.168.70.210 
