10.70.128.24 - - [30/Aug/2014:00:00:05 -0300] www.techtudo.com.br GET /dicas-e-tutoriais/noticia/2013/12/www.techtudo.com.br/review/xbox-720/review-xbox-one-une-funcoes-inovadoras-e-alto-desempenho.html HTTP/1.0 0.024 404 3949 - Mozilla/5.0 (compatible; pycurl) 201.7.190.39, 201.7.190.39, 192.168.70.241 
10.70.128.20 - - [30/Aug/2014:00:00:15 -0300] www.techtudo.com.br GET /dicas-e-tutoriais/noticia/2013/08/como-realizar-backups-de-conversas-que-ja-foram-apagadas-no-wechat.html HTTP/1.0 0.404 200 33521 https://www.google.com.br/ Mozilla/5.0 (Windows NT 6.1; WOW64) AppleWebKit/537.36 (KHTML, like Gecko) Chrome/36.0.1985.143 Safari/537.36 201.62.93.225, 201.62.93.225, 192.168.67.36 
10.70.128.22 - - [30/Aug/2014:00:00:20 -0300] www.techtudo.com.br GET /noticias/noticia/2014/01/www.trakdotbrasil.com.br HTTP/1.0 0.023 404 4775 - Mozilla/5.0 (compatible; pycurl) 201.7.190.39, 201.7.190.39, 192.168.70.240 
10.70.128.24 - - [30/Aug/2014:00:00:22 -0300] www.techtudo.com.br GET /noticias/noticia/2014/08/ea-access-servico-de-assinatura-ja-esta-disponivel-para-o-xbox HTTP/1.0 0.037 404 3949 - Twitterbot/1.0 199.16.156.125, 199.16.156.125, 192.168.67.54 
10.70.128.20 - - [30/Aug/2014:00:00:22 -0300] www.techtudo.com.br GET /noticias/noticia/2014/08/ea-access-servico-de-assinatura-ja-esta-disponivel-para-o-xbox HTTP/1.0 0.036 404 3949 - Twitterbot/1.0 199.16.156.125, 199.16.156.125, 192.168.67.37 
10.70.128.24 - - [30/Aug/2014:00:00:25 -0300] www.techtudo.com.br GET /dicas-e-tutoriais/noticia/2014/03/aprenda-remover-propagandas-de-aplicativos-do-android.html HTTP/1.0 1.320 200 70404 http://www.google.com.br/url?sa=t&rct=j&q=&esrc=s&source=web&cd=1&ved=0CB0QFjAA&url=http%3A%2F%2Fwww.techtudo.com.br%2Fdicas-e-tutoriais%2Fnoticia%2F2014%2F03%2Faprenda-remover-propagandas-de-aplicativos-do-android.html&ei=Qj4BVN-EH8XAggSwnIGIDQ&usg=AFQjCNGrE5VazJKjdtksgxjNb58iY4YZ0w&sig2=EVyohMnizfZE_rSOPQtv6w&bvm=bv.74115972,d.eXY&cad=rja Mozilla/5.0 (Windows NT 6.0; rv:31.0) Gecko/20100101 Firefox/31.0 177.205.88.137, 177.205.88.137, 192.168.67.36 
10.70.128.20 - - [30/Aug/2014:00:00:43 -0300] www.techtudo.com.br GET /tudo-sobre/s/plantao/1848.html HTTP/1.0 0.017 404 4775 - Mozilla/5.0 (compatible; pycurl) 201.7.190.39, 201.7.190.39, 192.168.70.232 
10.70.128.20 - - [30/Aug/2014:00:00:44 -0300] www.techtudo.com.br GET /dicas-e-tutoriais/noticia/2013/05/como-editar-albuns-do-facebook.html HTTP/1.0 0.555 200 37967 http://search.tb.ask.com/search/GGmain.jhtml?st=sb&ptb=9082D1C7-3B31-49DE-8830-90B769B2580E&n=780bd543&ind=2014041411&p2=^YO^xdm045^YYA^99&si=CNrX2qy64b0CFY3m7Aod_jwAaw&searchfor=%0D%0Aquem%20pode%20ver%3A%20Meus%20amigos%20do%20orkut%20alterar%0D%0A1%0D%0A Mozilla/5.0 (Windows NT 6.1; WOW64; rv:31.0) Gecko/20100101 Firefox/31.0 191.6.55.23, 191.6.55.23, 192.168.70.218 
10.70.128.20 - - [30/Aug/2014:00:00:49 -0300] www.techtudo.com.br GET /noticias/noticia/2014/08/alone-dark-illumination-serie-de-terror-ganhara-novo-jogo-para-pcs.html HTTP/1.0 0.017 404 4775 - - 50.62.176.83, 50.62.176.83, 192.168.70.210 
10.70.128.24 - - [30/Aug/2014:00:00:51 -0300] www.techtudo.com.br GET /tudo-sobre/s/live-lock-temas/alternativas/windows-phone.json HTTP/1.0 0.019 404 3949 http://www.techtudo.com.br/tudo-sobre/s/live-lock-temas.html Mozilla/5.0 (compatible; MSIE 10.0; Windows Phone 8.0; Trident/6.0; IEMobile/10.0; ARM; Touch; NOKIA; Lumia 720) 187.87.207.35, 187.87.207.35, 192.168.70.218 
10.70.128.22 - - [30/Aug/2014:00:00:52 -0300] www.techtudo.com.br GET /noticia/2013/08/como-desligar-o-corretor-automatico-do-teclado-do-ios.html HTTP/1.0 0.025 404 4775 - Mozilla/4.0 (compatible; MSIE 6.0; Windows NT 5.0;) 176.31.255.87, 176.31.255.87, 192.168.67.52 
10.70.128.24 - - [30/Aug/2014:00:00:55 -0300] www.techtudo.com.br GET /tudo-sobre/polaroid-c3/plantao/2.html HTTP/1.0 0.243 404 3949 - Mozilla/5.0 (compatible; pycurl) 201.7.190.39, 201.7.190.39, 192.168.70.231 
10.70.128.20 - - [30/Aug/2014:00:01:11 -0300] www.techtudo.com.br GET /noticias/noticia/2012/03/novo-carro-da-volvo-e-o-primeiro-ter-airbags-para-pedestres.html HTTP/1.0 0.537 200 33404 - Mozilla/5.0 (compatible; Googlebot/2.1; +http://www.google.com/bot.html) 66.249.64.75, 66.249.64.75, 192.168.70.210 
10.70.128.22 - - [30/Aug/2014:00:01:16 -0300] www.techtudo.com.br GET /dicas-e-tutoriais/noticia/2014/06/aprenda-rastrear-o-galaxy-s4-e-encontre-seu-smartphone-perdido.html HTTP/1.0 3.000 200 40428 - Mozilla/5.0 (compatible; MSIE 10.0; Windows NT 6.2; WOW64; Trident/6.0) 189.78.178.57, 189.78.178.57, 192.168.67.37 
10.70.128.24 - - [30/Aug/2014:00:01:16 -0300] www.techtudo.com.br GET /dicas-e-tutoriais/noticia/2014/02/minimundos-saiba-como-ganhar-minifichas HTTP/1.0 0.034 404 4775 - Mozilla/5.0 (Windows; U; Windows NT 5.1; en-US; rv:1.9) Gecko/2008052906 Firefox/3.0 208.78.85.80, 208.78.85.80, 192.168.70.210 
10.70.128.24 - - [30/Aug/2014:00:01:17 -0300] www.techtudo.com.br GET /tudo-sobre/disney-infinity-20-marvel-super-heroes/plantao/2.html HTTP/1.0 0.229 404 4775 - Mozilla/5.0 (compatible; Yahoo! Slurp; http://help.yahoo.com/help/us/ysearch/slurp) 68.180.225.41, 68.180.225.41, 192.168.67.52 
10.70.128.24 - - [30/Aug/2014:00:01:25 -0300] www.techtudo.com.br GET /tudo-sobre/s/jogos-e-diversao.rss.html HTTP/1.0 0.015 404 4775 - TwitterFeed 3 128.242.249.14, 128.242.249.14, 192.168.70.218 
10.70.128.22 - - [30/Aug/2014:00:01:29 -0300] www.techtudo.com.br GET /softwares/utilitarios/todos.html/ HTTP/1.0 0.015 404 3949 - msnbot-UDiscovery/2.0b (+http://search.msn.com/msnbot.htm) 65.52.110.183, 65.52.110.183, 192.168.67.37 
10.70.128.20 - - [30/Aug/2014:00:01:55 -0300] www.techtudo.com.br GET /dicas-e-tutoriais/noticia/2013/12/quais-sao-principais-marcas-de-notebooks-no-brasil.html HTTP/1.0 1.796 200 294042 https://www.google.com.br/ Mozilla/5.0 (Windows NT 6.1) AppleWebKit/537.36 (KHTML, like Gecko) Chrome/36.0.1985.143 Safari/537.36 201.53.116.204, 201.53.116.204, 192.168.70.232 
10.70.128.24 - - [30/Aug/2014:00:02:06 -0300] www.techtudo.com.br GET /mobile/windows-phone/plantao.html HTTP/1.0 1.404 200 28196 http://www.techtudo.com.br/mobile/windows-phone/ Mozilla/5.0 (Windows NT 5.1) AppleWebKit/537.36 (KHTML, like Gecko) Chrome/37.0.2062.102 Safari/537.36 186.247.66.190, 186.247.66.190, 192.168.70.233 
10.70.128.22 - - [30/Aug/2014:00:02:18 -0300] www.techtudo.com.br GET /tudo-sobre/s/tudo.rss.html HTTP/1.0 0.029 404 4775 - msnbot-UDiscovery/2.0b (+http://search.msn.com/msnbot.htm) 65.55.219.87, 65.55.219.87, 192.168.67.52 
10.70.128.24 - - [30/Aug/2014:00:02:33 -0300] www.techtudo.com.br GET /tudo-sobre/s/ae-3d-moto-lost-city/alternativas/windows-phone.json HTTP/1.0 0.018 404 4775 http://www.techtudo.com.br/tudo-sobre/s/ae-3d-moto-lost-city.html Mozilla/5.0 (compatible; MSIE 10.0; Windows Phone 8.0; Trident/6.0; IEMobile/10.0; ARM; Touch; NOKIA; Lumia 625) 179.189.242.39, 179.189.242.39, 192.168.70.233 
10.70.128.20 - - [30/Aug/2014:00:02:37 -0300] www.techtudo.com.br GET /dicas-e-tutoriais/noticia/2014/02/d25s4dbsms5nvt.cloudfront.net/js/safw/scheme.js HTTP/1.0 1.030 404 4775 http://www.techtudo.com.br/dicas-e-tutoriais/noticia/2014/02/como-formatar-um-notebook-sem-usar-cd.html Mozilla/5.0 (Windows NT 6.1) AppleWebKit/537.36 (KHTML, like Gecko) Chrome/36.0.1985.143 Safari/537.36 200.181.228.91, 200.181.228.91, 192.168.67.53 
10.70.128.20 - - [30/Aug/2014:00:02:42 -0300] www.techtudo.com.br GET /tudo-sobre/dream-club-zero-portable/plantao/27.html HTTP/1.0 0.250 404 4775 - Mozilla/5.0 (compatible; bingbot/2.0; +http://www.bing.com/bingbot.htm) 157.55.39.130, 157.55.39.130, 192.168.67.53 
10.70.128.24 - - [30/Aug/2014:00:02:52 -0300] www.techtudo.com.br GET /noticias/noticia/2013/11/d25s4dbsms5nvt.cloudfront.net/js/safw/scheme.js HTTP/1.0 0.023 404 4775 http://www.techtudo.com.br/noticias/noticia/2013/11/conheca-os-codigos-secretos-dos-smartphones-android.html Mozilla/5.0 (Windows NT 6.0; WOW64) AppleWebKit/537.36 (KHTML, like Gecko) Chrome/37.0.2062.102 Safari/537.36 191.250.253.126, 191.250.253.126, 192.168.67.52 
10.70.128.20 - - [30/Aug/2014:00:02:55 -0300] www.techtudo.com.br GET /softwares/audio-e-video/todos.html/ HTTP/1.0 0.015 404 4775 - msnbot-UDiscovery/2.0b (+http://search.msn.com/msnbot.htm) 65.52.110.184, 65.52.110.184, 192.168.67.38 
10.70.128.24 - - [30/Aug/2014:00:03:01 -0300] www.techtudo.com.br GET /noticias/noticia/2014/06/Rainbow%20Six%20Siege%20%C3%A9%20o%20novo%20game%20da%20popular%20franquia%20FPS HTTP/1.0 0.023 404 4775 - Mozilla/5.0 (compatible; bingbot/2.0; +http://www.bing.com/bingbot.htm) 157.55.39.130, 157.55.39.130, 192.168.67.54 
10.70.128.20 - - [30/Aug/2014:00:03:02 -0300] www.techtudo.com.br GET /review/samsung-galaxy-y.html HTTP/1.0 0.077 404 4775 - Mozilla/5.0 (Windows; U; Windows NT 5.1; en-US; rv:1.7.12) Gecko/1409371392427 Firefox/1.0.7 23.92.215.6, 23.92.215.6, 192.168.70.210 
10.70.128.24 - - [30/Aug/2014:00:03:27 -0300] www.techtudo.com.br GET /noticias/noticia/2013/06/sony-lanca-xperia-z-ultra-mais-poderoso-que-s4-e-com-telona-fullhd-de-644.html HTTP/1.0 1.389 200 210404 - Mozilla/5.0 (iPad; CPU OS 5_1 like Mac OS X) AppleWebKit/534.46 (KHTML, like Gecko ) Version/5.1 Mobile/9B176 Safari/7534.48.3 179.176.34.233, 179.176.34.233, 192.168.70.241 
10.70.128.22 - - [30/Aug/2014:00:03:29 -0300] www.techtudo.com.br GET /dicas-e-tutoriais/noticia/2014/02/como-baixar-fotos-e-videos-do-instagram HTTP/1.0 0.043 404 4775 - ADmantX Platform Semantic Analyzer - ADmantX Inc. - www.admantx.com - support@admantx.com 217.118.23.91, 217.118.23.91, 192.168.70.218 
10.70.128.20 - - [30/Aug/2014:00:03:45 -0300] www.techtudo.com.br GET /artigos/noticia/2012/09/simbolos-para-facebook.html HTTP/1.0 0.404 200 18408 http://www.google.com.br/search?hl=pt-BR&redir_esc=&client=ms-android-americamovil-br&source=android-launcher-widget&v=133247963&qsubts=1409367810234&q=como+fazer+um+cora%C3%A7%C3%A3o+no+face&v=133247963 Mozilla/5.0 (Linux; U; Android 2.3.6; pt-br; GT-S6102B Build/GINGERBREAD) AppleWebKit/533.1 (KHTML, like Gecko) Version/4.0 Mobile Safari/533.1 201.27.176.175, 201.27.176.175, 192.168.67.52 
10.70.128.22 - - [30/Aug/2014:00:03:51 -0300] www.techtudo.com.br GET /dicas-e-tutoriais/noticia/2013/03/como-recuperar-a-senha-do-skype.html HTTP/1.0 0.724 200 40446 https://www.google.com.br/ Mozilla/5.0 (Windows NT 6.1) AppleWebKit/537.36 (KHTML, like Gecko) Chrome/36.0.1985.143 Safari/537.36 187.101.85.191, 187.101.85.191, 192.168.67.52 
10.70.128.20 - - [30/Aug/2014:00:03:54 -0300] www.techtudo.com.br GET /dicas-e-tutoriais/noticia/2014/01/lego-marvel-super-heroes HTTP/1.0 0.029 404 3949 - Mozilla/5.0 (Windows NT 6.1; WOW64) AppleWebKit/537.36 (KHTML, like Gecko) Chrome/36.0.1985.143 Safari/537.36 201.15.24.130, 201.15.24.130, 192.168.67.52 
10.70.128.22 - - [30/Aug/2014:00:04:05 -0300] www.techtudo.com.br GET /dicas-e-tutoriais/noticia/2014/01/Passo%205.%20Caso%20queira%20desativar%20o%20modo%20invis%C3%ADvel,%20abra%20novamente%20o%20Hide%20Status%20for%20WhatsApp%20e%20toque%20na%20op%C3%A7%C3%A3o%20em%20vermelho,%20%C3%A0%20direita,%20onde%20est%C3%A1%20escrito%20%E2%80%9CToque%20no%20bot%C3%A3o%20para%20desativar%20o%20modo%20oculto%E2%80%9D. HTTP/1.0 0.024 404 3949 http://www.techtudo.com.br/dicas-e-tutoriais/noticia/2014/01/veja-como-ficar-invisivel-no-whatsapp-e-esconder-o-status-de-online.html Mozilla/5.0 (iPhone; CPU iPhone OS 7_1_1 like Mac OS X) AppleWebKit/537.51.2 (KHTML, like Gecko) CriOS/36.0.1985.57 Mobile/11D201 Safari/9537.53 191.177.152.172, 191.177.152.172, 192.168.70.232 
10.70.128.22 - - [30/Aug/2014:00:04:21 -0300] www.techtudo.com.br GET /noticias/noticia/2014/06/sniper-elite-3-confira-especificacoes-para-rodar-o-jogo.html HTTP/1.0 1.122 200 40418 https://www.google.com.br/ Mozilla/5.0 (Windows NT 6.3; WOW64) AppleWebKit/537.36 (KHTML, like Gecko) Chrome/37.0.2062.94 Safari/537.36 177.205.244.50, 177.205.244.50, 192.168.67.37 
10.70.128.22 - - [30/Aug/2014:00:04:33 -0300] www.techtudo.com.br GET /tudo-sobre/s/camu.html HTTP/1.0 2.672 200 40458 http://www.techtudo.com.br/mobile/ Mozilla/5.0 (Windows NT 6.2; WOW64) AppleWebKit/537.36 (KHTML, like Gecko) Chrome/36.0.1985.143 Safari/537.36 187.13.170.83, 187.13.170.83, 192.168.70.232 
10.70.128.22 - - [30/Aug/2014:00:04:33 -0300] www.techtudo.com.br GET /noticias/noticia/2014/01/ces2014-intel-apresenta-tecnologia-%20que-quer-acabar-com-teclado-e-mouse-no-futuro.html HTTP/1.0 0.027 404 4775 http://www.techtudo.com.br/dicas-e-tutoriais/noticia/2014/01/9-botoes-e-configuraveis-veja-lista-com-os-melhores-mouses-para-fps.html Mozilla/5.0 (Macintosh; Intel Mac OS X 10.9; rv:31.0) Gecko/20100101 Firefox/31.0 187.113.198.25, 187.113.198.25, 192.168.67.38 
10.70.128.24 - - [30/Aug/2014:00:04:49 -0300] www.techtudo.com.br GET /dicas-e-tutoriais/noticia/2011/06/como-alterar-o-e-mail-de-login-do-facebook.html HTTP/1.0 0.652 200 40456 https://www.google.com.br/ Mozilla/5.0 (Windows NT 6.1) AppleWebKit/537.36 (KHTML, like Gecko) Chrome/36.0.1985.143 Safari/537.36 177.119.8.127, 177.119.8.127, 192.168.67.38 
10.70.128.24 - - [30/Aug/2014:00:04:51 -0300] www.techtudo.com.br GET /noticias/noticia/2014/08/ HTTP/1.0 0.026 404 3949 http://www.techtudo.com.br/noticias/noticia/2014/08/exclusivo-zenfone-5-primeiro-smart-asus-no-brasil-e-flagrado-em-sp.html Mozilla/4.0 (compatible; MSIE 8.0; Windows NT 6.1; Trident/4.0; SLCC2; .NET CLR 2.0.50727; .NET CLR 3.5.30729; .NET CLR 3.0.30729; .NET4.0C) 189.42.125.68, 189.42.125.68, 192.168.70.240 
10.70.128.20 - - [30/Aug/2014:00:05:07 -0300] www.techtudo.com.br GET /softwares/programas-para-internet/todos.html/ HTTP/1.0 0.016 404 3949 - msnbot-UDiscovery/2.0b (+http://search.msn.com/msnbot.htm) 65.55.219.101, 65.55.219.101, 192.168.67.37 
10.70.128.22 - - [30/Aug/2014:00:05:11 -0300] www.techtudo.com.br GET /tudo-sobre/sony-handycam-hdr-cx-150/plantao/18.html HTTP/1.0 0.590 404 4775 - Mozilla/5.0 (compatible; bingbot/2.0; +http://www.bing.com/bingbot.htm) 207.46.13.112, 207.46.13.112, 192.168.67.54 
10.70.128.22 - - [30/Aug/2014:00:05:31 -0300] www.techtudo.com.br GET /dicas-e-tutoriais/noticia/2014/01/Passo%205.%20Caso%20queira%20desativar%20o%20modo%20invis%C3%ADvel,%20abra%20novamente%20o%20Hide%20Status%20for%20WhatsApp%20e%20toque%20na%20op%C3%A7%C3%A3o%20em%20vermelho,%20%C3%A0%20direita,%20onde%20est%C3%A1%20escrito%20%E2%80%9CToque%20no%20bot%C3%A3o%20para%20desativar%20o%20modo%20oculto%E2%80%9D. HTTP/1.0 0.025 404 4775 http://www.techtudo.com.br/dicas-e-tutoriais/noticia/2014/01/veja-como-ficar-invisivel-no-whatsapp-e-esconder-o-status-de-online.html Mozilla/5.0 (Linux; U; Android 4.1.2; pt-br; GT-I8262B Build/JZO54K) AppleWebKit/534.30 (KHTML, like Gecko) Version/4.0 Mobile Safari/534.30 189.40.64.83, 189.40.64.83, 192.168.70.233 
10.70.128.22 - - [30/Aug/2014:00:06:37 -0300] www.techtudo.com.br GET /tudo-sobre/s/whatsapp-messenger/alternativas/outros-celulares.json HTTP/1.0 0.014 404 4775 http://www.techtudo.com.br/tudo-sobre/s/whatsapp-messenger.html Mozilla/5.0 (SAMSUNG; SAMSUNG-GT-S5380B/1.0; U; Bada/2.0; pt-br) AppleWebKit/534.20 (KHTML, like Gecko) Dolfin/3.0 Mobile HVGA SMM-MMS/1.2.0 OPN-B 179.179.105.22, 179.179.105.22, 192.168.70.239 
10.70.128.20 - - [30/Aug/2014:00:06:42 -0300] www.techtudo.com.br GET /softwares/programas-para-internet/todos.html/ HTTP/1.0 0.018 404 3949 - msnbot-UDiscovery/2.0b (+http://search.msn.com/msnbot.htm) 65.52.110.183, 65.52.110.183, 192.168.67.52 
10.70.128.20 - - [30/Aug/2014:00:06:47 -0300] www.techtudo.com.br GET /dicas-e-tutoriais/noticia/2014/05/qual-e-o-roteador-wi-fi-ideal-para-sua- HTTP/1.0 0.032 404 4775 - ADmantX Platform Semantic Analyzer - ADmantX Inc. - www.admantx.com - support@admantx.com 217.118.19.182, 217.118.19.182, 192.168.70.210 
10.70.128.20 - - [30/Aug/2014:00:06:51 -0300] www.techtudo.com.br GET /tudo-sobre/s/adobe-illustrator-cs4.html HTTP/1.0 0.016 404 4775 - Mozilla/5.0 (Windows NT 6.3; WOW64) AppleWebKit/537.36 (KHTML, like Gecko) Chrome/36.0.1985.143 Safari/537.36 186.213.150.62, 186.213.150.62, 192.168.67.53 
10.70.128.20 - - [30/Aug/2014:00:06:52 -0300] www.techtudo.com.br GET /mobile/index.php HTTP/1.0 0.024 404 4775 - Mozilla/5.0 (X11; U; Linux i686; en-US; rv:0.9.3) Gecko/20010801 186.227.186.68, 186.227.186.68, 192.168.67.54 
10.70.128.22 - - [30/Aug/2014:00:06:52 -0300] www.techtudo.com.br GET /noticias/noticia/2014/08/undefined HTTP/1.0 0.037 404 4775 http://www.techtudo.com.br/noticias/noticia/2014/08/exclusivo-zenfone-5-primeiro-smart-asus-no-brasil-e-flagrado-em-sp.html Mozilla/5.0 (Windows NT 6.1; WOW64) AppleWebKit/537.36 (KHTML, like Gecko) Chrome/36.0.1985.143 Safari/537.36 201.3.203.175, 201.3.203.175, 192.168.67.37 
10.70.128.24 - - [30/Aug/2014:00:07:06 -0300] www.techtudo.com.br GET /dicas-e-tutoriais/noticia/2014/01/Passo%205.%20Caso%20queira%20desativar%20o%20modo%20invis%C3%ADvel,%20abra%20novamente%20o%20Hide%20Status%20for%20WhatsApp%20e%20toque%20na%20op%C3%A7%C3%A3o%20em%20vermelho,%20%C3%A0%20direita,%20onde%20est%C3%A1%20escrito%20%E2%80%9CToque%20no%20bot%C3%A3o%20para%20desativar%20o%20modo%20oculto%E2%80%9D. HTTP/1.0 0.034 404 3949 - Opera/9.80 (Android; Opera Mini/7.6.35766/35.4053; U; pt) Presto/2.8.119 Version/11.10 37.228.106.202, 37.228.106.202, 192.168.70.218 
10.70.128.24 - - [30/Aug/2014:00:07:09 -0300] www.techtudo.com.br GET /tudo-sobre/s/undefined HTTP/1.0 0.029 404 4775 http://www.techtudo.com.br/tudo-sobre/s/windows-8.html Mozilla/5.0 (Windows NT 6.1; rv:9.0.1) Gecko/20100101 Firefox/9.0.1 177.38.126.174, 177.38.126.174, 192.168.70.233 
10.70.128.22 - - [30/Aug/2014:00:07:14 -0300] www.techtudo.com.br GET /dicas-e-tutoriais/noticia/2013/12/quais-sao-principais-marcas-de-notebooks-no-brasil.html HTTP/1.0 1.601 200 294042 http://www.techtudo.com.br/review/acer-chromebook-c710.html Mozilla/5.0 (Windows NT 6.1) AppleWebKit/537.36 (KHTML, like Gecko) Chrome/36.0.1985.143 Safari/537.36 179.177.121.171, 179.177.121.171, 192.168.67.53 
10.70.128.22 - - [30/Aug/2014:00:07:19 -0300] www.techtudo.com.br GET /tudo-sobre/s/zombie-infection.html HTTP/1.0 0.543 200 34040 http://www.techtudo.com.br/tudo-sobre/s/dead-trigger-2.html UCWEB/2.0 (Symbian; U; S60 V3; Pt-BR; NOKIAX5-01.2) U2/1.0.0 UCBrowser/9.2.0.336 U2/1.0.0 Mobile 23.236.125.178, 23.236.125.178, 192.168.70.218 
10.70.128.22 - - [30/Aug/2014:00:07:52 -0300] www.techtudo.com.br GET /dicas-e-tutoriais/noticia/2011/06/como-alterar-o-e-mail-de-login-do-facebook.html HTTP/1.0 0.526 200 40458 https://www.google.com.br/ Mozilla/5.0 (Windows NT 6.2; WOW64) AppleWebKit/537.36 (KHTML, like Gecko) Chrome/36.0.1985.143 Safari/537.36 179.111.37.159, 179.111.37.159, 192.168.67.53 
10.70.128.22 - - [30/Aug/2014:00:08:04 -0300] www.techtudo.com.br GET /noticias/noticia/2014/08/last-us-remastered-recebera-mapas-e-armas-gratis-no-ps4-e-ps3 HTTP/1.0 0.033 404 4775 - Mozilla/5.0 (compatible; PaperLiBot/2.1; http://support.paper.li/entries/20023257-what-is-paper-li) 37.59.16.13, 37.59.16.13, 192.168.67.38 
10.70.128.22 - - [30/Aug/2014:00:08:06 -0300] www.techtudo.com.br GET /tudo-sobre/fifa-manager-13/plantao/66.html HTTP/1.0 0.214 404 4775 - Mozilla/5.0 (compatible; bingbot/2.0; +http://www.bing.com/bingbot.htm) 157.55.39.130, 157.55.39.130, 192.168.67.37 
10.70.128.22 - - [30/Aug/2014:00:08:07 -0300] www.techtudo.com.br GET /dicas-e-tutoriais/noticia/2013/11/pou-como-desbloquear-todas-roupas-grati HTTP/1.0 0.032 404 4775 - ADmantX Platform Semantic Analyzer - ADmantX Inc. - www.admantx.com - support@admantx.com 217.118.23.93, 217.118.23.93, 192.168.70.218 
10.70.128.22 - - [30/Aug/2014:00:08:13 -0300] www.techtudo.com.br GET /noticias/noticia/2013/11/call-duty-black-ops-2-conheca-todos-os-dlcs-e-ma HTTP/1.0 0.033 404 4775 - ADmantX Platform Semantic Analyzer US Async - ADmantX Inc. - www.admantx.com - support@admantx.com 50.30.32.148, 50.30.32.148, 192.168.70.210 
10.70.128.20 - - [30/Aug/2014:00:08:17 -0300] www.techtudo.com.br GET /dicas-e-tutoriais/noticia/2013/08/como-fazer-uma-montagem-e-incluir-pesso HTTP/1.0 0.039 404 3949 - ADmantX Platform Semantic Analyzer - ADmantX Inc. - www.admantx.com - support@admantx.com 217.118.23.96, 217.118.23.96, 192.168.70.210 
10.70.128.22 - - [30/Aug/2014:00:08:24 -0300] www.techtudo.com.br GET /tudo-sobre/s/6tin/alternativas/windows-phone.json HTTP/1.0 0.013 404 4775 http://www.techtudo.com.br/tudo-sobre/s/6tin.html Mozilla/5.0 (compatible; MSIE 10.0; Windows Phone 8.0; Trident/6.0; IEMobile/10.0; ARM; Touch; NOKIA; Lumia 620) 187.73.217.8, 187.73.217.8, 192.168.67.36 
10.70.128.22 - - [30/Aug/2014:00:09:04 -0300] www.techtudo.com.br GET /noticias/noticia/2014/08/ea-access-servico-de-assinatura-ja-esta-disponivel-para-o-xbox HTTP/1.0 0.029 404 4775 - Mozilla/5.0 (compatible; PaperLiBot/2.1; http://support.paper.li/entries/20023257-what-is-paper-li) 37.59.16.13, 37.59.16.13, 192.168.67.52 
10.70.128.24 - - [30/Aug/2014:00:09:04 -0300] www.techtudo.com.br GET /noticias/noticia/2014/08/xbox-microsoft-apresenta-novidades-para-o-console-na-gamescom- HTTP/1.0 0.028 404 4775 - Mozilla/5.0 (compatible; PaperLiBot/2.1; http://support.paper.li/entries/20023257-what-is-paper-li) 37.59.16.13, 37.59.16.13, 192.168.67.53 
10.70.128.22 - - [30/Aug/2014:00:09:12 -0300] www.techtudo.com.br GET /noticias/noticia/2013/11/call-duty-black-ops-2-conheca-todos-os-dlcs-e-ma HTTP/1.0 0.152 404 3949 - Mozilla/4.0 (compatible; MSIE 6.0; Windows NT 5.1; SV1; CrystalSemanticsBot http://www.crystalsemantics.com/service-navigation/imprint/useragent/) 173.193.183.138, 173.193.183.138, 192.168.67.38 
10.70.128.20 - - [30/Aug/2014:00:09:19 -0300] www.techtudo.com.br GET /tudo-sobre/moto-360.html HTTP/1.0 4.771 200 34041 http://www.google.com.br/ Mozilla/5.0 (Linux; Android 4.4.4; XT1033 Build/KXB21.14-L1.40) AppleWebKit/537.36 (KHTML, like Gecko) Chrome/36.0.1985.135 Mobile Safari/537.36 201.43.124.218, 201.43.124.218, 192.168.67.37 
10.70.128.22 - - [30/Aug/2014:00:09:31 -0300] www.techtudo.com.br GET /tudo-sobre/dragon-age-3-inquisition.html HTTP/1.0 0.027 404 3949 - Mozilla/5.0 (compatible; pycurl) 201.7.190.39, 201.7.190.39, 192.168.70.231 
10.70.128.22 - - [30/Aug/2014:00:09:44 -0300] www.techtudo.com.br GET /tudo-sobre/s/rss.xml.html HTTP/1.0 0.020 404 3949 - TwitterFeed 3 128.242.249.13, 128.242.249.13, 192.168.70.218 
10.70.128.22 - - [30/Aug/2014:00:09:52 -0300] www.techtudo.com.br GET /noticias/noticia/2014/08/xbox-microsoft-apresenta-novidades-para-o-console-na-gamescom- HTTP/1.0 0.031 404 3949 - Twitterbot/1.0 199.16.156.126, 199.16.156.126, 192.168.67.36 
10.70.128.20 - - [30/Aug/2014:00:10:17 -0300] www.techtudo.com.br GET /dicas-e-tutoriais/noticia/2013/09/%EF%BF%BD%C4%9Fv HTTP/1.0 0.021 404 4775 http://www.techtudo.com.br/dicas-e-tutoriais/noticia/2013/09/como-gastar-menos-tinta-da-impressora-e-economizar-dinheiro.html Mozilla/5.0 (Windows NT 6.1) AppleWebKit/537.36 (KHTML, like Gecko) Chrome/36.0.1985.143 Safari/537.36 179.253.176.236, 179.253.176.236, 192.168.67.53 
10.70.128.22 - - [30/Aug/2014:00:10:38 -0300] www.techtudo.com.br GET /dicas-e-tutoriais/noticia/2014/07/boom-beach-saiba-como-conseguir-diamantes-gratuitamente-no-jogo-online.html HTTP/1.0 0.765 200 40423 https://www.google.com.br/ Mozilla/5.0 (Windows NT 6.2; WOW64) AppleWebKit/537.36 (KHTML, like Gecko) Chrome/36.0.1985.143 Safari/537.36 200.149.72.232, 200.149.72.232, 192.168.70.239 
10.70.128.24 - - [30/Aug/2014:00:10:41 -0300] www.techtudo.com.br GET /tudo-sobre/s/video-compressor/alternativas/windows-phone.json HTTP/1.0 0.013 404 4775 http://www.techtudo.com.br/tudo-sobre/s/video-compressor.html Mozilla/5.0 (Windows NT 6.3; WOW64) AppleWebKit/537.36 (KHTML, like Gecko) Chrome/36.0.1985.143 Safari/537.36 177.106.224.168, 177.106.224.168, 192.168.67.37 
10.70.128.24 - - [30/Aug/2014:00:10:51 -0300] www.techtudo.com.br GET /dicas-e-tutoriais/noticia/2012/05/como-desbloquear-pop-ups-no-google-chrome.html HTTP/1.0 0.922 200 87404 https://www.google.com.br/ Mozilla/5.0 (Windows NT 6.2; WOW64) AppleWebKit/537.36 (KHTML, like Gecko) Chrome/36.0.1985.143 Safari/537.36 179.216.134.158, 179.216.134.158, 192.168.70.232 
10.70.128.22 - - [30/Aug/2014:00:10:52 -0300] www.techtudo.com.br GET /dicas-e-tutoriais/noticia/2013/03/como-recuperar-a-senha-do-skype.html HTTP/1.0 0.756 200 40446 https://www.google.com.br/ Mozilla/5.0 (Windows NT 6.1; WOW64) AppleWebKit/537.36 (KHTML, like Gecko) Chrome/36.0.1985.143 Safari/537.36 177.98.254.129, 177.98.254.129, 192.168.70.231 
10.70.128.24 - - [30/Aug/2014:00:11:03 -0300] www.techtudo.com.br GET /softwares/seguranca/todos.html/ HTTP/1.0 0.021 404 3949 - msnbot-UDiscovery/2.0b (+http://search.msn.com/msnbot.htm) 65.55.219.82, 65.55.219.82, 192.168.67.38 
10.70.128.20 - - [30/Aug/2014:00:11:25 -0300] www.techtudo.com.br GET /tudo-sobre/s/camu.html HTTP/1.0 0.843 200 40458 - Mozilla/5.0 (iPhone; CPU iPhone OS 7_1_2 like Mac OS X) AppleWebKit/537.51.2 (KHTML, like Gecko) Version/7.0 Mobile/11D257 Safari/9537.53 201.86.17.34, 201.86.17.34, 192.168.67.36 
10.70.128.22 - - [30/Aug/2014:00:11:36 -0300] www.techtudo.com.br GET /noticias/noticia/2014/07/mini-system-mais-potente-do-mundo-chega-ao-brasi HTTP/1.0 0.033 404 3949 - ADmantX Platform Semantic Analyzer - ADmantX Inc. - www.admantx.com - support@admantx.com 217.118.23.94, 217.118.23.94, 192.168.70.210 
10.70.128.22 - - [30/Aug/2014:00:11:36 -0300] www.techtudo.com.br GET /noticias/noticia/2014/07/mini-system-mais-potente-do-mundo-chega-ao-brasi HTTP/1.0 0.036 404 3949 - Mozilla/5.0 (compatible; proximic; +http://www.proximic.com/info/spider.php) 54.165.61.22, 54.165.61.22, 192.168.67.36 
10.70.128.24 - - [30/Aug/2014:00:11:50 -0300] www.techtudo.com.br GET /noticias/noticia/2014/08/ HTTP/1.0 0.029 404 4775 http://www.techtudo.com.br/noticias/noticia/2014/08/exclusivo-zenfone-5-primeiro-smart-asus-no-brasil-e-flagrado-em-sp.html Mozilla/4.0 (compatible; MSIE 8.0; Windows NT 5.1; Trident/4.0; .NET CLR 2.0.50727; .NET CLR 3.0.4506.2152; .NET CLR 3.5.30729; .NET4.0E; .NET4.0C) 186.201.228.218, 186.201.228.218, 192.168.70.233 
10.70.128.24 - - [30/Aug/2014:00:12:01 -0300] www.techtudo.com.br GET /dicas-e-tutoriais/noticia/2014/08/xbox-one-como-usar-o-skype-para-conversar-com-amigos-enquanto-joga.html HTTP/1.0 0.755 200 40421 - Mozilla/5.0 (compatible; bingbot/2.0; +http://www.bing.com/bingbot.htm) 207.46.13.112, 207.46.13.112, 192.168.67.37 
10.70.128.22 - - [30/Aug/2014:00:12:03 -0300] www.techtudo.com.br GET /tudo-sobre/s/firefox-os.html HTTP/1.0 0.766 200 40494 https://www.google.com.br/ Mozilla/5.0 (Linux; Android 4.4.4; XT1033 Build/KXB21.14-L1.40) AppleWebKit/537.36 (KHTML, like Gecko) Chrome/36.0.1985.135 Mobile Safari/537.36 66.249.83.74, 66.249.83.74, 192.168.70.210 
10.70.128.22 - - [30/Aug/2014:00:12:04 -0300] www.techtudo.com.br GET /noticias/noticia/2014/08/resident-evil-hd-e-novo-assassins-creed-veja-o-destaques-de-jo HTTP/1.0 0.036 404 3949 - Twitterbot/1.0 199.16.156.124, 199.16.156.124, 192.168.67.37 
10.70.128.20 - - [30/Aug/2014:00:12:17 -0300] www.techtudo.com.br GET /tudo-sobre/neogeo-x-gold/plantao/2.html HTTP/1.0 0.176 404 4775 - Mozilla/5.0 (compatible; pycurl) 201.7.190.39, 201.7.190.39, 192.168.70.232 
10.70.128.20 - - [30/Aug/2014:00:12:30 -0300] www.techtudo.com.br GET /tudo-sobre/jbl/plantao/2.html HTTP/1.0 0.176 404 4775 - Mozilla/5.0 (compatible; pycurl) 201.7.190.39, 201.7.190.39, 192.168.70.239 
10.70.128.20 - - [30/Aug/2014:00:12:43 -0300] www.techtudo.com.br GET /dicas-e-tutoriais/noticia/2013/12/www.techtudo.com.br/review/xbox-720/review-xbox-one-une-funcoes-inovadoras-e-alto-desempenho.html HTTP/1.0 0.024 404 3949 - Mozilla/5.0 (compatible; pycurl) 201.7.190.39, 201.7.190.39, 192.168.70.233 
10.70.128.24 - - [30/Aug/2014:00:12:53 -0300] www.techtudo.com.br GET /tudo-sobre/s/tudo.rss.html HTTP/1.0 0.017 404 3949 - Feedfetcher-Google; (+http://www.google.com/feedfetcher.html; feed-id=10470296823602565330) 66.249.83.74, 66.249.83.74, 192.168.70.218 
10.70.128.24 - - [30/Aug/2014:00:12:54 -0300] www.techtudo.com.br GET /noticias/noticia/2014/01/www.trakdotbrasil.com.br HTTP/1.0 0.023 404 4775 - Mozilla/5.0 (compatible; pycurl) 201.7.190.39, 201.7.190.39, 192.168.70.233 
10.70.128.20 - - [30/Aug/2014:00:13:19 -0300] www.techtudo.com.br GET /noticias/noticia/2014/08/www.techtudo.com.br/tudo-sobre/xbox-360.html HTTP/1.0 0.020 404 3949 - Mozilla/5.0 (compatible; bingbot/2.0; +http://www.bing.com/bingbot.htm) 157.55.39.130, 157.55.39.130, 192.168.67.38 
10.70.128.22 - - [30/Aug/2014:00:13:23 -0300] www.techtudo.com.br GET /tudo-sobre/s/plantao/1848.html HTTP/1.0 0.019 404 3949 - Mozilla/5.0 (compatible; pycurl) 201.7.190.39, 201.7.190.39, 192.168.70.232 
10.70.128.20 - - [30/Aug/2014:00:13:31 -0300] www.techtudo.com.br GET /tudo-sobre/s/favicon.ico.html HTTP/1.0 0.018 404 4775 - Mozilla/5.0 (Windows NT 6.1; Trident/7.0; rv:11.0) like Gecko 189.30.90.66, 189.30.90.66, 192.168.67.54 
10.70.128.24 - - [30/Aug/2014:00:13:37 -0300] www.techtudo.com.br GET /tudo-sobre/polaroid-c3/plantao/2.html HTTP/1.0 0.230 404 4775 - Mozilla/5.0 (compatible; pycurl) 201.7.190.39, 201.7.190.39, 192.168.70.232 
10.70.128.20 - - [30/Aug/2014:00:13:42 -0300] www.techtudo.com.br GET /noticias/noticia/2014/04/o-que-e-e-co HTTP/1.0 0.035 404 4775 - MaxPointCrawler/Nutch-1.1 (maxpoint.crawler at maxpointinteractive dot com) 208.123.79.68, 208.123.79.68, 192.168.67.37 
10.70.128.22 - - [30/Aug/2014:00:13:57 -0300] www.techtudo.com.br GET /noticias/noticia/2014/08/alone-dark-illumination-serie-de-terror-ganhara-novo-jogo-para-pcs.html HTTP/1.0 0.017 404 3949 - Mozilla/5.0 (iPhone; U; CPU iPhone OS 3_0 like Mac OS X; en-us) AppleWebKit/528.18 (KHTML, like Gecko) Version/4.0 Mobile/7A341 Safari/528.16 186.213.223.121, 186.213.223.121, 192.168.67.37 
10.70.128.20 - - [30/Aug/2014:00:14:07 -0300] www.techtudo.com.br GET /tudo-sobre/s/klite-codec-pack.html HTTP/1.0 1.404 200 45823 https://www.google.com.br/ Mozilla/5.0 (Linux; Android 4.3; SM-G7102T Build/JLS36C) AppleWebKit/537.36 (KHTML, like Gecko) Chrome/36.0.1985.135 Mobile Safari/537.36 66.249.83.74, 66.249.83.74, 192.168.70.218 
10.70.128.24 - - [30/Aug/2014:00:14:08 -0300] www.techtudo.com.br GET /tudo-sobre/s/pro-evolution-soccer-2010.html HTTP/1.0 1.376 200 44044 https://www.google.com.br/ Mozilla/5.0 (Windows NT 6.1) AppleWebKit/537.36 (KHTML, like Gecko) Chrome/36.0.1985.143 Safari/537.36 189.12.240.26, 189.12.240.26, 192.168.70.240 
10.70.128.20 - - [30/Aug/2014:00:14:41 -0300] www.techtudo.com.br GET /noticias/noticia/2014/08/iphone-6-note-4-moto-x1-e-mais-veja-os-lancamentos-de-setembro.html HTTP/1.0 1.404 200 312795 http://www.techtudo.com.br/noticias/noticia/2014/08/exclusivo-zenfone-5-primeiro-smart-asus-no-brasil-e-flagrado-em-sp.html Mozilla/5.0 (iPad; CPU OS 7_0_4 like Mac OS X) AppleWebKit/537.51.1 (KHTML, like Gecko) Version/7.0 Mobile/11B554a Safari/9537.53 177.77.140.43, 177.77.140.43, 192.168.67.38 
10.70.128.22 - - [30/Aug/2014:00:14:41 -0300] www.techtudo.com.br GET /artigos/noticia/2014/08/%EF%BF%BDS%EF%BF%BD%01 HTTP/1.0 0.016 404 4775 http://www.techtudo.com.br/artigos/noticia/2014/08/home-de-volta-ao-passado-como-seria-usar-o-primeiro-iphone-em-2014.html Mozilla/5.0 (Windows NT 6.3; WOW64) AppleWebKit/537.36 (KHTML, like Gecko) Chrome/37.0.2062.94 Safari/537.36 189.114.99.62, 189.114.99.62, 192.168.67.54 
10.70.128.22 - - [30/Aug/2014:00:14:44 -0300] www.techtudo.com.br GET /tudo-sobre/s/selfy/alternativas/windows-phone.json HTTP/1.0 0.016 404 4775 http://www.techtudo.com.br/tudo-sobre/s/selfy.html Mozilla/5.0 (Windows NT 6.3; WOW64) AppleWebKit/537.36 (KHTML, like Gecko) Chrome/36.0.1985.143 Safari/537.36 177.45.223.114, 177.45.223.114, 192.168.67.36 
10.70.128.20 - - [30/Aug/2014:00:14:45 -0300] www.techtudo.com.br GET /softwares/seguranca/todos.html/ HTTP/1.0 0.019 404 4775 - msnbot-UDiscovery/2.0b (+http://search.msn.com/msnbot.htm) 65.52.110.183, 65.52.110.183, 192.168.67.52 
10.70.128.24 - - [30/Aug/2014:00:14:51 -0300] www.techtudo.com.br GET /noticias/noticia/2014/08/ea-access-servico-de-assinatura-ja-esta-disponivel-para-o-xbox HTTP/1.0 0.025 404 4775 - Twitterbot/1.0 199.16.156.125, 199.16.156.125, 192.168.67.37 
10.70.128.24 - - [30/Aug/2014:00:14:51 -0300] www.techtudo.com.br GET /noticias/noticia/2014/08/servico-de-transmissao-de-videos-em-4k-da-amazon-chegara-a-tvs HTTP/1.0 0.025 404 4775 - Twitterbot/1.0 199.16.156.124, 199.16.156.124, 192.168.67.52 
10.70.128.20 - - [30/Aug/2014:00:15:04 -0300] www.techtudo.com.br GET /noticias/noticia/2014/08/exclusivo-zenfone-5-primeiro-smart-asus-no-brasil-e-flagrado-eafacem-sp.html HTTP/1.0 0.018 404 4775 - Mozilla/5.0 (Windows NT 6.3; WOW64) AppleWebKit/537.36 (KHTML, like Gecko) Chrome/37.0.2062.94 Safari/537.36 189.100.221.24, 189.100.221.24, 192.168.67.38 
10.70.128.22 - - [30/Aug/2014:00:15:17 -0300] www.techtudo.com.br GET /tudo-sobre/s/need-for-speed-undergrou HTTP/1.0 0.025 404 4775 - MaxPointCrawler/Nutch-1.1 (maxpoint.crawler at maxpointinteractive dot com) 208.123.79.68, 208.123.79.68, 192.168.67.36 
10.70.128.24 - - [30/Aug/2014:00:15:18 -0300] www.techtudo.com.br GET /tudo-sobre/s/valiant-hearts-great-war HTTP/1.0 0.028 404 3949 - MaxPointCrawler/Nutch-1.1 (maxpoint.crawler at maxpointinteractive dot com) 208.123.79.68, 208.123.79.68, 192.168.67.52 
10.70.128.24 - - [30/Aug/2014:00:15:23 -0300] www.techtudo.com.br GET /dicas-e-tutoriais/noticia/2014/01/Passo%205.%20Caso%20queira%20desativar%20o%20modo%20invis%C3%ADvel,%20abra%20novamente%20o%20Hide%20Status%20for%20WhatsApp%20e%20toque%20na%20op%C3%A7%C3%A3o%20em%20vermelho,%20%C3%A0%20direita,%20onde%20est%C3%A1%20escrito%20%E2%80%9CToque%20no%20bot%C3%A3o%20para%20desativar%20o%20modo%20oculto%E2%80%9D. HTTP/1.0 0.020 404 4775 http://www.techtudo.com.br/dicas-e-tutoriais/noticia/2014/01/veja-como-ficar-invisivel-no-whatsapp-e-esconder-o-status-de-online.html Mozilla/5.0 (Linux; Android 4.4.4; XT1032 Build/KXB21.14-L1.40) AppleWebKit/537.36 (KHTML, like Gecko) Chrome/36.0.1985.135 Mobile Safari/537.36 66.249.83.74, 66.249.83.74, 192.168.70.218 
10.70.128.24 - - [30/Aug/2014:00:15:24 -0300] www.techtudo.com.br GET /tudo-sobre/s/video-compressor/alternativas/windows-phone.json HTTP/1.0 0.014 404 4775 http://www.techtudo.com.br/tudo-sobre/s/video-compressor.html Mozilla/5.0 (Windows NT 6.1) AppleWebKit/537.36 (KHTML, like Gecko) Chrome/37.0.2062.94 Safari/537.36 177.97.42.74, 177.97.42.74, 192.168.67.53 
10.70.128.22 - - [30/Aug/2014:00:15:25 -0300] www.techtudo.com.br GET /dicas-e-tutoriais/noticia/2013/07/d25s4dbsms5nvt.cloudfront.net/js/safw/scheme.js HTTP/1.0 0.022 404 3949 http://www.techtudo.com.br/dicas-e-tutoriais/noticia/2013/07/como-bloquear-convites-para-o-candy-crush-saga-no-facebook.html Mozilla/5.0 (Windows NT 6.0) AppleWebKit/537.36 (KHTML, like Gecko) Chrome/36.0.1985.143 Safari/537.36 189.102.109.71, 189.102.109.71, 192.168.67.37 
10.70.128.20 - - [30/Aug/2014:00:15:34 -0300] www.techtudo.com.br GET /noticias/noticia/2014/08/xbox-microsoft-apresenta-novidades-para-o-console-na-gamescom- HTTP/1.0 0.026 404 4775 - Twitterbot/1.0 199.16.156.124, 199.16.156.124, 192.168.67.36 
10.70.128.24 - - [30/Aug/2014:00:15:34 -0300] www.techtudo.com.br GET /noticias/noticia/2014/08/evil-within-tera-inimigos-invenciveis-e-diversos-quebra-cabeca HTTP/1.0 0.034 404 3949 - Twitterbot/1.0 199.16.156.125, 199.16.156.125, 192.168.67.37 
10.70.128.24 - - [30/Aug/2014:00:15:34 -0300] www.techtudo.com.br GET /noticias/noticia/2014/08/alone-dark-illumination-novo-game-da-popular-serie-de-terror-e HTTP/1.0 0.028 404 4775 - Twitterbot/1.0 199.16.156.126, 199.16.156.126, 192.168.67.38 
10.70.128.24 - - [30/Aug/2014:00:15:34 -0300] www.techtudo.com.br GET /noticias/noticia/2014/08/last-us-remastered-recebera-mapas-e-armas-gratis-no-ps4-e-ps3 HTTP/1.0 0.033 404 3949 - Twitterbot/1.0 199.16.156.124, 199.16.156.124, 192.168.67.54 
10.70.128.24 - - [30/Aug/2014:00:15:50 -0300] www.techtudo.com.br GET /dicas-e-tutoriais/noticia/2011/01/como-usar-musicas-como-toque-no-iphone.html HTTP/1.0 0.404 200 17985 https://www.google.com.br/ Mozilla/5.0 (iPhone; CPU iPhone OS 7_1_2 like Mac OS X) AppleWebKit/537.51.2 (KHTML, like Gecko) Version/7.0 Mobile/11D257 Safari/9537.53 191.48.9.96, 191.48.9.96, 192.168.70.210 
10.70.128.24 - - [30/Aug/2014:00:15:53 -0300] www.techtudo.com.br GET /tudo-sobre/walking-dead-game-2/plantao/318.html HTTP/1.0 0.214 404 4775 - Mozilla/5.0 (compatible; bingbot/2.0; +http://www.bing.com/bingbot.htm) 157.55.39.130, 157.55.39.130, 192.168.67.54 
10.70.128.22 - - [30/Aug/2014:00:16:04 -0300] www.techtudo.com.br GET /dicas-e-tutoriais/noticia/2011/06/como-alterar-o-e-mail-de-login-do-facebook.html HTTP/1.0 0.575 200 40458 https://www.google.com.br/ Mozilla/5.0 (Windows NT 6.1; WOW64) AppleWebKit/537.36 (KHTML, like Gecko) Chrome/36.0.1985.125 Safari/537.36 186.216.84.111, 186.216.84.111, 192.168.67.37 
10.70.128.24 - - [30/Aug/2014:00:16:05 -0300] www.techtudo.com.br GET /tudo-sobre/s/moovit/alternativas/windows-phone.json HTTP/1.0 0.053 404 3949 http://www.techtudo.com.br/tudo-sobre/s/moovit.html Mozilla/5.0 (Windows NT 6.1) AppleWebKit/537.36 (KHTML, like Gecko) Chrome/36.0.1985.125 Safari/537.36 200.189.11.221, 200.189.11.221, 192.168.70.233 
10.70.128.24 - - [30/Aug/2014:00:16:19 -0300] www.techtudo.com.br GET /noticias/noticia/2014/08/servico-de-transmissao-de-videos-em-4k-da-amazon-chegara-a-tvs HTTP/1.0 0.037 404 4775 - Mozilla/5.0 (Macintosh; Intel Mac OS X 10.9; rv:28.0) Gecko/20100101 Firefox/28.0 (FlipboardProxy/1.1; +http://flipboard.com/browserproxy) 54.80.205.146, 54.80.205.146, 192.168.67.53 
10.70.128.22 - - [30/Aug/2014:00:16:21 -0300] www.techtudo.com.br GET /dicas-e-tutoriais/noticia/2013/12/wii-u-como-configurar-pendrives-e-hds-externos-no-console.html HTTP/1.0 1.285 200 40482 https://www.google.com.br/ Mozilla/5.0 (Windows NT 6.1; WOW64) AppleWebKit/537.36 (KHTML, like Gecko) Chrome/36.0.1985.143 Safari/537.36 179.255.40.153, 179.255.40.153, 192.168.67.53 
10.70.128.20 - - [30/Aug/2014:00:16:55 -0300] www.techtudo.com.br GET /dicas-e-tutoriais/noticia/2013/08/hotline-miami-como-obter-cada-mascara-do-violento-jogo-indie.html HTTP/1.0 0.828 200 54041 - Mozilla/5.0 (compatible; Googlebot/2.1; +http://www.google.com/bot.html) 66.249.64.70, 66.249.64.70, 192.168.70.218 
10.70.128.24 - - [30/Aug/2014:00:17:07 -0300] www.techtudo.com.br GET /tudo-sobre/s/whatsapp-messenger/alternativas/outros-celulares.json HTTP/1.0 0.013 404 4775 http://www.techtudo.com.br/tudo-sobre/s/whatsapp-messenger.html UCWEB/2.0 (Java; U; MIDP-2.0; Pt-BR;  Mozilla) U2/1.0.0 UCBrowser/9.4.1.377 U2/1.0.0 Mobile UNTRUSTED/1.0 199.190.46.159, 199.190.46.159, 192.168.70.218 
10.70.128.22 - - [30/Aug/2014:00:17:19 -0300] www.techtudo.com.br GET /noticias/noticia/2011/07/ilusao-de-otica-deixa-pessoas-mais-feias.html HTTP/1.0 0.510 200 40419 - facebookexternalhit/1.1 (+http://www.facebook.com/externalhit_uatext.php) 66.220.156.112, 66.220.156.112, 192.168.70.210 
10.70.128.20 - - [30/Aug/2014:00:17:36 -0300] www.techtudo.com.br GET /tudo-sobre/s/%EF%BF%BD%3C%02 HTTP/1.0 0.020 404 4775 http://www.techtudo.com.br/tudo-sobre/s/whatsapp-messenger.html Mozilla/5.0 (Windows NT 6.2; WOW64) AppleWebKit/537.36 (KHTML, like Gecko) Chrome/36.0.1985.143 Safari/537.36 189.83.190.34, 189.83.190.34, 192.168.70.240 
10.70.128.24 - - [30/Aug/2014:00:17:38 -0300] www.techtudo.com.br GET /noticias/noticia/2012/07/usuarios-brasileiros-ja-podem-se-declarar-doadores-de-orgaos-no-facebook HTTP/1.0 0.036 404 4775 - Mozilla/5.0 (compatible; Baiduspider/2.0; +http://www.baidu.com/search/spider.html) 180.76.6.156, 180.76.6.156, 192.168.70.210 
10.70.128.22 - - [30/Aug/2014:00:17:55 -0300] www.techtudo.com.br GET /tudo-sobre/s/peggo.html HTTP/1.0 1.326 200 40460 http://www.techtudo.com.br/noticias/noticia/2014/07/baixar-musica-do-youtube-ficou-mais-facil-com-o-peggo-saiba-como-usar.html Mozilla/5.0 (Windows NT 6.1) AppleWebKit/537.36 (KHTML, like Gecko) Chrome/36.0.1985.143 Safari/537.36 187.41.98.154, 187.41.98.154, 192.168.70.232 
10.70.128.22 - - [30/Aug/2014:00:17:56 -0300] www.techtudo.com.br GET /tudo-sobre/s/peggo.html HTTP/1.0 1.192 200 40460 http://www.techtudo.com.br/noticias/noticia/2014/07/baixar-musica-do-youtube-ficou-mais-facil-com-o-peggo-saiba-como-usar.html Mozilla/5.0 (Windows NT 6.3; WOW64) AppleWebKit/537.36 (KHTML, like Gecko) Chrome/36.0.1985.143 Safari/537.36 179.208.3.116, 179.208.3.116, 192.168.67.36 
10.70.128.20 - - [30/Aug/2014:00:17:57 -0300] www.techtudo.com.br GET /noticias/noticia/2014/08/%EF%BF%BD HTTP/1.0 0.021 404 3949 http://www.techtudo.com.br/noticias/noticia/2014/08/exclusivo-zenfone-5-primeiro-smart-asus-no-brasil-e-flagrado-em-sp.html Mozilla/5.0 (Windows NT 6.1; WOW64) AppleWebKit/537.36 (KHTML, like Gecko) Chrome/36.0.1985.143 Safari/537.36 189.25.200.7, 189.25.200.7, 192.168.70.239 
10.70.128.20 - - [30/Aug/2014:00:18:05 -0300] www.techtudo.com.br POST /dicas-e-tutoriais/noticia/2014/02/baidu-antivirus-pc-faster-spark-browser-saiba-desinstalar-do-seu-pc.html/trackback/ HTTP/1.0 0.015 404 4775 http://www.techtudo.com.br/dicas-e-tutoriais/noticia/2014/02/baidu-antivirus-pc-faster-spark-browser-saiba-desinstalar-do-seu-pc.html Mozilla/4.0 (compatible; MSIE 6.0; Windows NT 5.1; SV1; Mozilla/4.0 (compatible; MSIE 6.0; Windows NT 5.1; SV1) ; .NET CLR 1.0.3705) 162.244.13.10, 192.168.70.218 
10.70.128.24 - - [30/Aug/2014:00:18:06 -0300] www.techtudo.com.br GET /tudo-sobre/s/%60%EF%BF%BDp%01 HTTP/1.0 0.022 404 4775 http://www.techtudo.com.br/tudo-sobre/s/google-drive.html Mozilla/5.0 (Windows NT 6.3; WOW64) AppleWebKit/537.36 (KHTML, like Gecko) Chrome/36.0.1985.143 Safari/537.36 179.158.138.1, 179.158.138.1, 192.168.70.241 
10.70.128.22 - - [30/Aug/2014:00:18:16 -0300] www.techtudo.com.br POST /dicas-e-tutoriais/noticia/2014/02/baidu-antivirus-pc-faster-spark-browser-saiba-desinstalar-do-seu-pc.html/trackback/ HTTP/1.0 0.015 404 4775 http://www.techtudo.com.br/dicas-e-tutoriais/noticia/2014/02/baidu-antivirus-pc-faster-spark-browser-saiba-desinstalar-do-seu-pc.html Mozilla/4.0 (compatible; MSIE 6.0; Windows NT 5.1; SV1; Mozilla/4.0 (compatible; MSIE 6.0; Windows NT 5.1; SV1) ) 162.244.13.10, 192.168.70.218 
10.70.128.20 - - [30/Aug/2014:00:18:16 -0300] www.techtudo.com.br GET /dicas-e-tutoriais/noticia/2012/05/como-desbloquear-pop-ups-no-google-chrome.html HTTP/1.0 0.838 200 87404 https://www.google.com.br/ Mozilla/5.0 (Windows NT 6.2; WOW64) AppleWebKit/537.36 (KHTML, like Gecko) Chrome/36.0.1985.143 Safari/537.36 189.25.239.245, 189.25.239.245, 192.168.70.233 
10.70.128.24 - - [30/Aug/2014:00:18:19 -0300] www.techtudo.com.br GET /dicas-e-tutoriais/noticia/2012/05/como-desbloquear-pop-ups-no-google-chrome.html HTTP/1.0 0.834 200 87404 https://www.google.com.br/ Mozilla/5.0 (Windows NT 6.1) AppleWebKit/537.36 (KHTML, like Gecko) Chrome/36.0.1985.143 Safari/537.36 189.18.196.205, 189.18.196.205, 192.168.67.53 
10.70.128.20 - - [30/Aug/2014:00:18:28 -0300] www.techtudo.com.br GET /tudo-sobre/s/jumpcam-record-videos-together.html HTTP/1.0 2.032 200 40414 http://pracaourobranco.net/login?dst=http%3A%2F%2Fwww.techtudo.com.br%2Ftudo-sobre%2Fs%2Fjumpcam-record-videos-together.html&username=T-8C%3A3A%3AE3%3A9D%3A3F%3A3A Mozilla/5.0 (Linux; Android 4.4.2; LG-D805 Build/KOT49I) AppleWebKit/537.36 (KHTML, like Gecko) Chrome/36.0.1985.131 Mobile Safari/537.36 186.208.67.98, 186.208.67.98, 192.168.70.240 
10.70.128.22 - - [30/Aug/2014:00:18:34 -0300] www.techtudo.com.br GET /tudo-sobre/s/whatsapp-messenger/alternativas/windows-phone.json HTTP/1.0 0.014 404 4775 http://www.techtudo.com.br/tudo-sobre/s/whatsapp-messenger.html Mozilla/5.0 (Windows NT 6.1) AppleWebKit/537.36 (KHTML, like Gecko) Chrome/37.0.2062.102 Safari/537.36 177.35.156.220, 177.35.156.220, 192.168.70.233 
10.70.128.24 - - [30/Aug/2014:00:18:45 -0300] www.techtudo.com.br POST /dicas-e-tutoriais/noticia/2014/02/baidu-antivirus-pc-faster-spark-browser-saiba-desinstalar-do-seu-pc.html/trackback/ HTTP/1.0 0.014 404 4775 http://www.techtudo.com.br/dicas-e-tutoriais/noticia/2014/02/baidu-antivirus-pc-faster-spark-browser-saiba-desinstalar-do-seu-pc.html Mozilla/4.0 (compatible; MSIE 6.0; Windows NT 5.1; SV1; Mozilla/4.0 (compatible; MSIE 6.0; Windows NT 5.1; SV1) ; .NET CLR 1.0.3705) 162.244.13.24, 192.168.70.210 
10.70.128.20 - - [30/Aug/2014:00:19:12 -0300] www.techtudo.com.br GET /tudo-sobre/samsung-hmx-u10/plantao/17.html HTTP/1.0 0.209 404 4775 - Mozilla/5.0 (compatible; Googlebot/2.1; +http://www.google.com/bot.html) 66.249.64.75, 66.249.64.75, 192.168.70.210 
10.70.128.20 - - [30/Aug/2014:00:19:17 -0300] www.techtudo.com.br GET /dicas-e-tutoriais/noticia/2014/03/aprenda-remover-propagandas-de-aplicativos-do-android.html HTTP/1.0 0.856 200 70404 http://www.google.com.br/url?sa=t&rct=j&q=&esrc=s&frm=1&source=web&cd=1&ved=0CB0QFjAA&url=http%3A%2F%2Fwww.techtudo.com.br%2Fdicas-e-tutoriais%2Fnoticia%2F2014%2F03%2Faprenda-remover-propagandas-de-aplicativos-do-android.html&ei=sEIBVJrQJaLT8AGGi4C4AQ&usg=AFQjCNGrE5VazJKjdtksgxjNb58iY4YZ0w&sig2=75z-_n0wSnYYFW7XofLfSg&bvm=bv.74115972,d.eXY Mozilla/5.0 (compatible; MSIE 10.0; Windows NT 6.2; WOW64; Trident/6.0) 177.44.133.82, 177.44.133.82, 192.168.70.232 
10.70.128.20 - - [30/Aug/2014:00:19:19 -0300] www.techtudo.com.br GET /noticia/2012/09/como-criar-imagem-iso-no-windows-7.html HTTP/1.0 0.022 404 4775 - Mozilla/4.0 (compatible; MSIE 6.0; Windows NT 5.0;) 94.23.35.21, 94.23.35.21, 192.168.67.54 
10.70.128.20 - - [30/Aug/2014:00:19:23 -0300] www.techtudo.com.br GET /tudo-sobre/devils-third/plantao/327.html HTTP/1.0 0.178 404 4775 - Mozilla/5.0 (compatible; Googlebot/2.1; +http://www.google.com/bot.html) 66.249.64.75, 66.249.64.75, 192.168.70.210 
10.70.128.22 - - [30/Aug/2014:00:19:27 -0300] www.techtudo.com.br GET /tudo-sobre/s/camu.html HTTP/1.0 0.901 200 40458 http://www.globo.com/ Mozilla/5.0 (Windows NT 6.1; WOW64; rv:17.0) Gecko/20100101 Firefox/17.0 164.85.68.14, 164.85.68.14, 192.168.67.37 
10.70.128.20 - - [30/Aug/2014:00:19:28 -0300] www.techtudo.com.br GET /tudo-sobre/s/camu.html HTTP/1.0 1.129 200 40458 - Mozilla/4.0 (compatible;) 164.85.68.14, 164.85.68.14, 192.168.67.52 
10.70.128.24 - - [30/Aug/2014:00:19:49 -0300] www.techtudo.com.br GET /tudo-sobre/s/live-lock-temas/alternativas/windows-phone.json HTTP/1.0 0.012 404 4775 http://www.techtudo.com.br/tudo-sobre/s/live-lock-temas.html Mozilla/5.0 (Windows NT 6.2; ARM; Trident/7.0; Touch; rv:11.0; WPDesktop; NOKIA; Lumia 920) like Gecko 179.144.2.125, 179.144.2.125, 192.168.67.53 
10.70.128.24 - - [30/Aug/2014:00:20:09 -0300] www.techtudo.com.br GET /tudo-sobre/moto-360.html HTTP/1.0 1.476 200 34041 - Mozilla/5.0 (Linux; U; Android 4.3; pt-br; GT-I9300 Build/JSS15J) AppleWebKit/534.30 (KHTML, like Gecko) Version/4.0 Mobile Safari/534.30 179.252.151.56, 179.252.151.56, 192.168.67.36 
10.70.128.20 - - [30/Aug/2014:00:20:19 -0300] www.techtudo.com.br GET /tudo-sobre/final-fantasy-7/plantao/8.html HTTP/1.0 0.174 404 3949 - Mozilla/5.0 (compatible; Googlebot/2.1; +http://www.google.com/bot.html) 66.249.64.75, 66.249.64.75, 192.168.70.210 
10.70.128.20 - - [30/Aug/2014:00:20:24 -0300] www.techtudo.com.br GET /noticias/noticia/2014/08/%EF%BF%BDYa%02 HTTP/1.0 0.024 404 3949 http://www.techtudo.com.br/noticias/noticia/2014/08/evil-within-tera-inimigos-invenciveis-e-diversos-quebra-cabecas.html Mozilla/5.0 (Windows NT 6.1; WOW64) AppleWebKit/537.36 (KHTML, like Gecko) Chrome/36.0.1985.143 Safari/537.36 189.61.101.236, 189.61.101.236, 192.168.70.241 
10.70.128.20 - - [30/Aug/2014:00:20:38 -0300] www.techtudo.com.br GET /dicas-e-tutoriais/noticia/2014/07/como-instalar-a-nova-tela-de-bloqueio-do-windows-phone-81.html HTTP/1.0 0.677 200 23404 - Mozilla/5.0 (compatible; MSIE 10.0; Windows Phone 8.0; Trident/6.0; IEMobile/10.0; ARM; Touch; NOKIA; Lumia 620) 179.199.55.143, 179.199.55.143, 192.168.70.241 
10.70.128.20 - - [30/Aug/2014:00:20:49 -0300] www.techtudo.com.br GET /tudo-sobre/samsung-smart-camera-wb850f/plantao/58.html HTTP/1.0 0.220 404 4775 - Mozilla/5.0 (compatible; Googlebot/2.1; +http://www.google.com/bot.html) 66.249.64.70, 66.249.64.70, 192.168.70.218 
10.70.128.24 - - [30/Aug/2014:00:20:50 -0300] www.techtudo.com.br GET /tudo-sobre/s/whatsapp-messenger/alternativas/outros-celulares.json HTTP/1.0 0.011 404 4775 http://www.techtudo.com.br/tudo-sobre/s/whatsapp-messenger.html Mozilla/5.0 (Windows NT 6.1; WOW64) AppleWebKit/537.36 (KHTML, like Gecko) Chrome/36.0.1985.125 Safari/537.36 187.95.17.37, 187.95.17.37, 192.168.67.37 
10.70.128.22 - - [30/Aug/2014:00:21:18 -0300] www.techtudo.com.br GET /dicas-e-tutoriais/noticia/2014/03/como-fazer-backup-dos-seus-dados-de-perfil-no-orkut-e-salvar-fotos.html HTTP/1.0 0.756 200 24042 http://www.techtudo.com.br/dicas-e-tutoriais/noticia/2014/07/como-exportar-seus-albuns-de-fotos-do-orkut-para-o-google.html Mozilla/5.0 (Linux; U; Android 4.1.2; pt-br; GT-I8552B Build/JZO54K) AppleWebKit/534.30 (KHTML, like Gecko) Version/4.0 Mobile Safari/534.30 189.112.214.17, 189.112.214.17, 192.168.67.54 
10.70.128.20 - - [30/Aug/2014:00:22:11 -0300] www.techtudo.com.br GET /noticias/noticia/2014/08/servico-de-transmissao-de-videos-em-4k-da-amazon-chegara-a-tvs HTTP/1.0 0.031 404 4775 - Twitterbot/1.0 199.16.156.126, 199.16.156.126, 192.168.67.38 
10.70.128.22 - - [30/Aug/2014:00:22:11 -0300] www.techtudo.com.br GET /noticias/noticia/2014/08/ea-access-servico-de-assinatura-ja-esta-disponivel-para-o-xbox HTTP/1.0 0.034 404 4775 - Twitterbot/1.0 199.16.156.125, 199.16.156.125, 192.168.67.52 
10.70.128.20 - - [30/Aug/2014:00:22:11 -0300] www.techtudo.com.br GET /noticias/noticia/2014/08/resident-evil-hd-e-novo-assassins-creed-veja-o-destaques-de-jo HTTP/1.0 0.036 404 4775 - Twitterbot/1.0 199.16.156.126, 199.16.156.126, 192.168.67.53 
10.70.128.22 - - [30/Aug/2014:00:23:12 -0300] www.techtudo.com.br GET /tudo-sobre/god-war-ascension.html HTTP/1.0 0.404 500 4790 https://www.google.com.br/ Mozilla/5.0 (Linux; Android 4.4.4; XT1032 Build/KXB21.14-L1.40) AppleWebKit/537.36 (KHTML, like Gecko) Chrome/36.0.1985.135 Mobile Safari/537.36 177.156.150.230, 177.156.150.230, 192.168.67.38 
